BL51 BANKED LINKER/LOCATER V6.22                                                        11/02/2010  13:34:33  PAGE 1


BL51 BANKED LINKER/LOCATER V6.22, INVOKED BY:
D:\KEIL\C51\BIN\BL51.EXE .\AuditingSystem.obj, .\Befehlsvalidierung.obj, .\Betriebsmittelverwaltung.obj, .\Ergebnisvalid
>> ierung.obj, .\Fahrprogramm.obj, .\Leitzentrale.obj, .\Notaus.obj, .\RS232Treiber.obj, .\S88Treiber.obj, .\SoftwareWat
>> chdog.obj, .\SSCTreiber.obj TO save_train_control RAMSIZE (256)


MEMORY MODEL: LARGE


INPUT MODULES INCLUDED:
  .\AuditingSystem.obj (AUDITINGSYSTEM)
  .\Befehlsvalidierung.obj (BEFEHLSVALIDIERUNG)
  .\Betriebsmittelverwaltung.obj (BETRIEBSMITTELVERWALTUNG)
  .\Ergebnisvalidierung.obj (ERGEBNISVALIDIERUNG)
  .\Fahrprogramm.obj (FAHRPROGRAMM)
  .\Leitzentrale.obj (LEITZENTRALE)
  .\Notaus.obj (NOTAUS)
  .\RS232Treiber.obj (RS232TREIBER)
  .\S88Treiber.obj (S88TREIBER)
  .\SoftwareWatchdog.obj (SOFTWAREWATCHDOG)
  .\SSCTreiber.obj (SSCTREIBER)
  D:\KEIL\C51\LIB\C51L.LIB (?C_STARTUP)
  D:\KEIL\C51\LIB\C51L.LIB (?C?COPY)
  D:\KEIL\C51\LIB\C51L.LIB (?C?CLDPTR)
  D:\KEIL\C51\LIB\C51L.LIB (?C?CLDOPTR)
  D:\KEIL\C51\LIB\C51L.LIB (?C?CSTPTR)
  D:\KEIL\C51\LIB\C51L.LIB (?C?CSTOPTR)
  D:\KEIL\C51\LIB\C51L.LIB (?C?IMUL)
  D:\KEIL\C51\LIB\C51L.LIB (?C?UIDIV)
  D:\KEIL\C51\LIB\C51L.LIB (?C_INIT)


LINK MAP OF MODULE:  save_train_control (AUDITINGSYSTEM)


            TYPE    BASE      LENGTH    RELOCATION   SEGMENT NAME
            -----------------------------------------------------

            * * * * * * *   D A T A   M E M O R Y   * * * * * * *
            REG     0000H     0008H     ABSOLUTE     "REG BANK 0"
                    0008H     0018H                  *** GAP ***
            BIT     0020H.0   0000H.2   UNIT         ?BI?ERGEBNISVALIDIERUNG
            BIT     0020H.2   0000H.2   UNIT         _BIT_GROUP_
                    0020H.4   0000H.4                *** GAP ***
            IDATA   0021H     0001H     UNIT         ?STACK

            * * * * * * *  X D A T A   M E M O R Y  * * * * * * *
            XDATA   0000H     0194H     UNIT         ?XD?FAHRPROGRAMM
            XDATA   0194H     00E5H     UNIT         ?XD?BEFEHLSVALIDIERUNG
            XDATA   0279H     00DDH     UNIT         ?XD?AUDITINGSYSTEM
            XDATA   0356H     0046H     UNIT         ?XD?S88TREIBER
            XDATA   039CH     002DH     UNIT         _XDATA_GROUP_
            XDATA   03C9H     0029H     UNIT         ?XD?LEITZENTRALE
            XDATA   03F2H     0021H     UNIT         ?XD?BETRIEBSMITTELVERWALTUNG
            XDATA   0413H     0019H     UNIT         ?XD?ERGEBNISVALIDIERUNG
            XDATA   042CH     0015H     UNIT         ?XD?RS232TREIBER
            XDATA   0441H     0007H     UNIT         ?XD?SOFTWAREWATCHDOG
            XDATA   0448H     0006H     UNIT         ?XD?SSCTREIBER
BL51 BANKED LINKER/LOCATER V6.22                                                      11/02/2010  13:34:33  PAGE 2



            * * * * * * *   C O D E   M E M O R Y   * * * * * * *
            CODE    0000H     0003H     ABSOLUTE     
            CODE    0003H     0008H     UNIT         ?PR?MAIN?BETRIEBSMITTELVERWALTUNG
            CODE    000BH     0003H     ABSOLUTE     
            CODE    000EH     0015H     UNIT         ?PR?CHECKANZAHLWAGONS?LEITZENTRALE
            CODE    0023H     0003H     ABSOLUTE     
            CODE    0026H     006CH     UNIT         ?PR?KONVERTWEICHE?RS232TREIBER
            CODE    0092H     0001H     UNIT         ?PR?INITFP?FAHRPROGRAMM
            CODE    0093H     0003H     ABSOLUTE     
            CODE    0096H     02F8H     UNIT         ?C_INITSEG
            CODE    038EH     0256H     UNIT         ?PR?WORKLZ?LEITZENTRALE
            CODE    05E4H     01E4H     UNIT         ?PR?CHECKSENSORDATEN?BEFEHLSVALIDIERUNG
            CODE    07C8H     01D7H     UNIT         ?C?LIB_CODE
            CODE    099FH     01A9H     UNIT         ?PR?CHECKSTRECKENBEFEHL?BEFEHLSVALIDIERUNG
            CODE    0B48H     018DH     UNIT         ?PR?CHECKSTRECKENTOPOLOGIE?BEFEHLSVALIDIERUNG
            CODE    0CD5H     0165H     UNIT         ?PR?BEFEHLSVALIDIERUNG
            CODE    0E3AH     015EH     UNIT         ?PR?_ZUGNEBENSENSOR?BEFEHLSVALIDIERUNG
            CODE    0F98H     011BH     UNIT         ?PR?WORKRS232?RS232TREIBER
            CODE    10B3H     0115H     UNIT         ?PR?LEITZENTRALE
            CODE    11C8H     00EFH     UNIT         ?PR?_SENSORNACHBARN?BEFEHLSVALIDIERUNG
            CODE    12B7H     00E5H     UNIT         ?PR?DEFINESTRECKENTOPOLOGIE?BEFEHLSVALIDIERUNG
            CODE    139CH     00DCH     UNIT         ?PR?WORKBV?BEFEHLSVALIDIERUNG
            CODE    1478H     00D9H     UNIT         ?PR?CHECKFORCOMMUNICATIONERRORS?ERGEBNISVALIDIERUNG
            CODE    1551H     00D7H     UNIT         ?PR?CHECKKRITISCHERZUSTAND?BEFEHLSVALIDIERUNG
            CODE    1628H     00BCH     UNIT         ?PR?_ZIELGLEISUNDWEICHE?BEFEHLSVALIDIERUNG
            CODE    16E4H     00BCH     UNIT         ?PR?_GET_COMMAND?FAHRPROGRAMM
            CODE    17A0H     00B8H     UNIT         ?PR?VALIDATE_SENSOR_DATA?S88TREIBER
            CODE    1858H     00B5H     UNIT         ?PR?INITLZ?LEITZENTRALE
            CODE    190DH     009BH     UNIT         ?PR?GETFAHRANWEISUNG?LEITZENTRALE
            CODE    19A8H     0096H     UNIT         ?PR?WORKAS?AUDITINGSYSTEM
            CODE    1A3EH     0094H     UNIT         ?PR?_WEICHERICHTIG?BEFEHLSVALIDIERUNG
            CODE    1AD2H     0090H     UNIT         ?PR?_GETWEICHENSTELLUNG?LEITZENTRALE
            CODE    1B62H     008CH     UNIT         ?C_C51STARTUP
            CODE    1BEEH     0082H     UNIT         ?PR?ERGEBNISVALIDIERUNG
            CODE    1C70H     0080H     UNIT         ?PR?_SENDMSG?AUDITINGSYSTEM
            CODE    1CF0H     007EH     UNIT         ?PR?_COMPARETRACKS?ERGEBNISVALIDIERUNG
            CODE    1D6EH     007BH     UNIT         ?PR?PROCESSINTERNALSTRECKENBEFEHL?ERGEBNISVALIDIERUNG
            CODE    1DE9H     0079H     UNIT         ?PR?WORKEV?ERGEBNISVALIDIERUNG
            CODE    1E62H     0079H     UNIT         ?PR?_CHECKBEFAHRBARKEIT?LEITZENTRALE
            CODE    1EDBH     0072H     UNIT         ?PR?KONVERTLOK?RS232TREIBER
            CODE    1F4DH     0071H     UNIT         ?PR?_ZUGFAEHRTAUFWEICHEZU?BEFEHLSVALIDIERUNG
            CODE    1FBEH     0063H     UNIT         ?PR?GET_SENSOR_DATA?S88TREIBER
            CODE    2021H     0061H     UNIT         ?PR?_SETZUSTANDFUERFAHRANWEISUNG?LEITZENTRALE
            CODE    2082H     005BH     UNIT         ?PR?_SENDNACHRICHT?LEITZENTRALE
            CODE    20DDH     0055H     UNIT         ?PR?SSCINTERRUPT?SSCTREIBER
            CODE    2132H     004AH     UNIT         ?PR?WORK?BETRIEBSMITTELVERWALTUNG
            CODE    217CH     0048H     UNIT         ?PR?TIMER0OVERFLOW?SOFTWAREWATCHDOG
            CODE    21C4H     003FH     UNIT         ?PR?_STRECKENBEFEHLEEQUAL?ERGEBNISVALIDIERUNG
            CODE    2203H     003DH     UNIT         ?PR?DATENSENDEN?SSCTREIBER
            CODE    2240H     003BH     UNIT         ?PR?_I2CSENDBYTE?AUDITINGSYSTEM
            CODE    227BH     003BH     UNIT         ?PR?AUDITINGSYSTEM
            CODE    22B6H     003AH     UNIT         ?PR?RS232TREIBER
            CODE    22F0H     0038H     UNIT         ?PR?COPYSTRECKENBELEGUNG?BEFEHLSVALIDIERUNG
            CODE    2328H     0038H     UNIT         ?PR?STRECKENBEFEHLAN_EVSENDEN?SSCTREIBER
            CODE    2360H     0037H     UNIT         ?PR?SENDSTRECKENBEFEHL?BEFEHLSVALIDIERUNG
            CODE    2397H     0037H     UNIT         ?PR?_WRITE_SENSOR_DATA?S88TREIBER
BL51 BANKED LINKER/LOCATER V6.22                                                      11/02/2010  13:34:33  PAGE 3


            CODE    23CEH     0037H     UNIT         ?PR?DATENLESEN?SSCTREIBER
            CODE    2405H     0036H     UNIT         ?PR?INITALL?BETRIEBSMITTELVERWALTUNG
            CODE    243BH     0036H     UNIT         ?PR?_GETNEXTWEICHE?LEITZENTRALE
            CODE    2471H     0036H     UNIT         ?PR?KONVERTENTKOPPLER?RS232TREIBER
            CODE    24A7H     0033H     UNIT         ?PR?_SENDNACHRICHT?BEFEHLSVALIDIERUNG
            CODE    24DAH     0032H     UNIT         ?PR?SENDSENSORDATEN?BEFEHLSVALIDIERUNG
            CODE    250CH     0032H     UNIT         ?PR?S88TREIBER
            CODE    253EH     002EH     UNIT         ?PR?_HELLOMODUL?SOFTWAREWATCHDOG
            CODE    256CH     002DH     UNIT         ?PR?_GETRICHTUNG?LEITZENTRALE
            CODE    2599H     002DH     UNIT         ?PR?DATARECEIVEDINTERRUPT?RS232TREIBER
            CODE    25C6H     002CH     UNIT         ?PR?_I2CSCLHIGH?AUDITINGSYSTEM
            CODE    25F2H     002CH     UNIT         ?PR?INITSW?SOFTWAREWATCHDOG
            CODE    261EH     002AH     UNIT         ?PR?PROCESSEXTERNALSTRECKENBEFEHL?ERGEBNISVALIDIERUNG
            CODE    2648H     0029H     UNIT         ?PR?_SENDNACHRICHT?ERGEBNISVALIDIERUNG
            CODE    2671H     0028H     UNIT         ?PR?CHECKZEIT?LEITZENTRALE
            CODE    2699H     0025H     UNIT         ?PR?_CHECKBELEGT?LEITZENTRALE
            CODE    26BEH     0023H     UNIT         ?PR?GETSENSORDATEN?LEITZENTRALE
            CODE    26E1H     0021H     UNIT         ?PR?BYTETOSENDINKREMENTIEREN?SSCTREIBER
            CODE    2702H     0021H     UNIT         ?PR?BYTETOSENDDEKREMENTIEREN?SSCTREIBER
            CODE    2723H     0021H     UNIT         ?PR?BYTETORECEIVEINKREMENTIEREN?SSCTREIBER
            CODE    2744H     0021H     UNIT         ?PR?BYTETORECEIVEDEKREMENTIEREN?SSCTREIBER
            CODE    2765H     0020H     UNIT         ?PR?INITRS232?RS232TREIBER
            CODE    2785H     001EH     UNIT         ?PR?FAHRPROGRAMM
            CODE    27A3H     001EH     UNIT         ?PR?BEFEHLAUFGUELTIGKEITPRUEFEN?SSCTREIBER
            CODE    27C1H     001AH     UNIT         ?PR?INITEV?ERGEBNISVALIDIERUNG
            CODE    27DBH     001AH     UNIT         ?PR?_RESETSTRECKENBEFEHL?ERGEBNISVALIDIERUNG
            CODE    27F5H     0018H     UNIT         ?PR?INITS88?S88TREIBER
            CODE    280DH     0018H     UNIT         ?PR?CHECKNEUERSTRECKENBEFEHL?SSCTREIBER
            CODE    2825H     0017H     UNIT         ?PR?WORKS88?S88TREIBER
            CODE    283CH     0016H     UNIT         ?PR?_ISSTRECKENBEFEHLRESETTED?ERGEBNISVALIDIERUNG
            CODE    2852H     0015H     UNIT         ?PR?INITSSC?SSCTREIBER
            CODE    2867H     0013H     UNIT         ?PR?SETSTRECKENBEFEHL?LEITZENTRALE
            CODE    287AH     0013H     UNIT         ?PR?KOLLISIONVERARBEITEN?SSCTREIBER
            CODE    288DH     0013H     UNIT         ?PR?WORKSSC?SSCTREIBER
            CODE    28A0H     0012H     UNIT         ?PR?_SETGLEISABSCHNITTGESPERRT?LEITZENTRALE
            CODE    28B2H     0010H     UNIT         ?PR?I2CSENDSTOP?AUDITINGSYSTEM
            CODE    28C2H     0010H     UNIT         ?PR?INITBV?BEFEHLSVALIDIERUNG
            CODE    28D2H     000FH     UNIT         ?PR?_I2CSENDADDR?AUDITINGSYSTEM
            CODE    28E1H     000FH     UNIT         ?PR?_CHECKZIELPOSITIONERREICHT?LEITZENTRALE
            CODE    28F0H     000EH     UNIT         ?PR?WARTEN?AUDITINGSYSTEM
            CODE    28FEH     000EH     UNIT         ?PR?SSCTREIBER
            CODE    290CH     000CH     UNIT         ?PR?INITAS?AUDITINGSYSTEM
            CODE    2918H     000CH     UNIT         ?PR?REPORTALLMSG?AUDITINGSYSTEM
            CODE    2924H     000CH     UNIT         ?PR?_CHECKGESPERRT?LEITZENTRALE
            CODE    2930H     000CH     UNIT         ?PR?EMERGENCY_OFF?NOTAUS
            CODE    293CH     000BH     UNIT         ?PR?_WAIT?S88TREIBER
            CODE    2947H     000BH     UNIT         ?PR?HELLO?SOFTWAREWATCHDOG
            CODE    2952H     000BH     UNIT         ?PR?SOFTWAREWATCHDOG
            CODE    295DH     000AH     UNIT         ?CO?LEITZENTRALE
            CODE    2967H     0009H     UNIT         ?PR?_I2CBITDLY?AUDITINGSYSTEM
            CODE    2970H     0003H     UNIT         ?PR?INITNOTAUS?NOTAUS
            CODE    2973H     0003H     UNIT         ?PR?STOPSW?SOFTWAREWATCHDOG



OVERLAY MAP OF MODULE:   save_train_control (AUDITINGSYSTEM)

BL51 BANKED LINKER/LOCATER V6.22                                                      11/02/2010  13:34:33  PAGE 4



SEGMENT                                             BIT_GROUP          XDATA_GROUP
  +--> CALLED SEGMENT                            START    LENGTH     START    LENGTH
------------------------------------------------------------------------------------
?PR?TIMER0OVERFLOW?SOFTWAREWATCHDOG              -----    -----      -----    -----
  +--> ?PR?EMERGENCY_OFF?NOTAUS

?PR?EMERGENCY_OFF?NOTAUS                         -----    -----      -----    -----
  +--> ?PR?STOPSW?SOFTWAREWATCHDOG
  +--> ?PR?REPORTALLMSG?AUDITINGSYSTEM

?PR?REPORTALLMSG?AUDITINGSYSTEM                  -----    -----      -----    -----
  +--> ?PR?WORKAS?AUDITINGSYSTEM

?PR?WORKAS?AUDITINGSYSTEM                        -----    -----      -----    -----
  +--> ?PR?WARTEN?AUDITINGSYSTEM
  +--> ?PR?_I2CSENDADDR?AUDITINGSYSTEM
  +--> ?PR?AUDITINGSYSTEM
  +--> ?PR?_I2CSENDBYTE?AUDITINGSYSTEM
  +--> ?PR?I2CSENDSTOP?AUDITINGSYSTEM

?PR?_I2CSENDADDR?AUDITINGSYSTEM                  -----    -----      -----    -----
  +--> ?PR?_I2CBITDLY?AUDITINGSYSTEM
  +--> ?PR?AUDITINGSYSTEM
  +--> ?PR?_I2CSENDBYTE?AUDITINGSYSTEM

?PR?AUDITINGSYSTEM                               -----    -----      -----    -----
  +--> ?PR?_I2CBITDLY?AUDITINGSYSTEM

?PR?_I2CSENDBYTE?AUDITINGSYSTEM                  -----    -----      -----    -----
  +--> ?PR?_I2CSCLHIGH?AUDITINGSYSTEM
  +--> ?PR?AUDITINGSYSTEM
  +--> ?PR?_I2CBITDLY?AUDITINGSYSTEM

?PR?I2CSENDSTOP?AUDITINGSYSTEM                   -----    -----      -----    -----
  +--> ?PR?_I2CBITDLY?AUDITINGSYSTEM
  +--> ?PR?_I2CSCLHIGH?AUDITINGSYSTEM

*** NEW ROOT ***************************************************

?PR?SSCINTERRUPT?SSCTREIBER                      -----    -----      -----    -----
  +--> ?PR?DATENLESEN?SSCTREIBER
  +--> ?PR?KOLLISIONVERARBEITEN?SSCTREIBER

?PR?DATENLESEN?SSCTREIBER                        -----    -----      -----    -----
  +--> ?PR?SSCTREIBER
  +--> ?PR?BYTETORECEIVEINKREMENTIEREN?SSCTR...
  +--> ?PR?BEFEHLAUFGUELTIGKEITPRUEFEN?SSCTR...

?PR?BYTETORECEIVEINKREMENTIEREN?SSCTR...         -----    -----      -----    -----
  +--> ?PR?SSCTREIBER

?PR?BEFEHLAUFGUELTIGKEITPRUEFEN?SSCTR...         0020H.2  0000H.1    -----    -----
  +--> ?PR?STRECKENBEFEHLAN_EVSENDEN?SSCTREIBER

?PR?KOLLISIONVERARBEITEN?SSCTREIBER              -----    -----      -----    -----
  +--> ?PR?BYTETOSENDDEKREMENTIEREN?SSCTREIBER
BL51 BANKED LINKER/LOCATER V6.22                                                      11/02/2010  13:34:33  PAGE 5


  +--> ?PR?BYTETORECEIVEDEKREMENTIEREN?SSCTR...

?PR?BYTETOSENDDEKREMENTIEREN?SSCTREIBER          -----    -----      -----    -----
  +--> ?PR?SSCTREIBER

?PR?BYTETORECEIVEDEKREMENTIEREN?SSCTR...         -----    -----      -----    -----
  +--> ?PR?SSCTREIBER

*** NEW ROOT ***************************************************

?C_C51STARTUP                                    -----    -----      -----    -----
  +--> ?PR?MAIN?BETRIEBSMITTELVERWALTUNG
  +--> ?C_INITSEG

?PR?MAIN?BETRIEBSMITTELVERWALTUNG                -----    -----      -----    -----
  +--> ?PR?INITALL?BETRIEBSMITTELVERWALTUNG
  +--> ?PR?WORK?BETRIEBSMITTELVERWALTUNG

?PR?INITALL?BETRIEBSMITTELVERWALTUNG             -----    -----      -----    -----
  +--> ?PR?INITNOTAUS?NOTAUS
  +--> ?PR?INITSW?SOFTWAREWATCHDOG
  +--> ?PR?INITAS?AUDITINGSYSTEM
  +--> ?PR?HELLO?SOFTWAREWATCHDOG
  +--> ?PR?INITRS232?RS232TREIBER
  +--> ?PR?INITS88?S88TREIBER
  +--> ?PR?INITSSC?SSCTREIBER
  +--> ?PR?INITEV?ERGEBNISVALIDIERUNG
  +--> ?PR?INITBV?BEFEHLSVALIDIERUNG
  +--> ?PR?INITLZ?LEITZENTRALE
  +--> ?PR?INITFP?FAHRPROGRAMM

?PR?INITEV?ERGEBNISVALIDIERUNG                   -----    -----      -----    -----
  +--> ?PR?ERGEBNISVALIDIERUNG

?PR?INITBV?BEFEHLSVALIDIERUNG                    -----    -----      -----    -----
  +--> ?PR?DEFINESTRECKENTOPOLOGIE?BEFEHLSVA...
  +--> ?PR?COPYSTRECKENBELEGUNG?BEFEHLSVALID...

?PR?DEFINESTRECKENTOPOLOGIE?BEFEHLSVA...         -----    -----      039CH    0001H
  +--> ?PR?BEFEHLSVALIDIERUNG

?PR?COPYSTRECKENBELEGUNG?BEFEHLSVALID...         -----    -----      -----    -----
  +--> ?PR?BEFEHLSVALIDIERUNG

?PR?INITLZ?LEITZENTRALE                          -----    -----      039CH    0002H
  +--> ?PR?LEITZENTRALE

?PR?LEITZENTRALE                                 -----    -----      -----    -----
  +--> ?PR?_GETRICHTUNG?LEITZENTRALE

?PR?WORK?BETRIEBSMITTELVERWALTUNG                -----    -----      -----    -----
  +--> ?PR?WORKLZ?LEITZENTRALE
  +--> ?PR?HELLO?SOFTWAREWATCHDOG
  +--> ?PR?WORKRS232?RS232TREIBER
  +--> ?PR?WORKS88?S88TREIBER
  +--> ?PR?WORKSSC?SSCTREIBER
  +--> ?PR?WORKBV?BEFEHLSVALIDIERUNG
BL51 BANKED LINKER/LOCATER V6.22                                                      11/02/2010  13:34:33  PAGE 6


  +--> ?PR?WORKAS?AUDITINGSYSTEM
  +--> ?PR?WORKEV?ERGEBNISVALIDIERUNG

?PR?WORKLZ?LEITZENTRALE                          -----    -----      039CH    000BH
  +--> ?CO?LEITZENTRALE
  +--> ?PR?LEITZENTRALE
  +--> ?PR?GETSENSORDATEN?LEITZENTRALE
  +--> ?PR?GETFAHRANWEISUNG?LEITZENTRALE
  +--> ?PR?_CHECKBEFAHRBARKEIT?LEITZENTRALE
  +--> ?PR?_SENDNACHRICHT?LEITZENTRALE
  +--> ?PR?_GETRICHTUNG?LEITZENTRALE
  +--> ?PR?SETSTRECKENBEFEHL?LEITZENTRALE
  +--> ?PR?_CHECKZIELPOSITIONERREICHT?LEITZE...
  +--> ?PR?CHECKANZAHLWAGONS?LEITZENTRALE
  +--> ?PR?_SETGLEISABSCHNITTGESPERRT?LEITZE...
  +--> ?PR?CHECKZEIT?LEITZENTRALE
  +--> ?PR?_SETZUSTANDFUERFAHRANWEISUNG?LEIT...
  +--> ?PR?_HELLOMODUL?SOFTWAREWATCHDOG

?PR?GETSENSORDATEN?LEITZENTRALE                  -----    -----      03A7H    0003H
  +--> ?CO?LEITZENTRALE
  +--> ?PR?LEITZENTRALE

?PR?GETFAHRANWEISUNG?LEITZENTRALE                -----    -----      03A7H    0002H
  +--> ?PR?LEITZENTRALE
  +--> ?PR?_GET_COMMAND?FAHRPROGRAMM

?PR?_GET_COMMAND?FAHRPROGRAMM                    -----    -----      03A9H    0002H
  +--> ?PR?FAHRPROGRAMM

?PR?_CHECKBEFAHRBARKEIT?LEITZENTRALE             -----    -----      03A7H    0006H
  +--> ?PR?_CHECKBELEGT?LEITZENTRALE
  +--> ?PR?_CHECKGESPERRT?LEITZENTRALE
  +--> ?PR?_SETGLEISABSCHNITTGESPERRT?LEITZE...
  +--> ?PR?LEITZENTRALE
  +--> ?PR?_GETNEXTWEICHE?LEITZENTRALE
  +--> ?PR?_GETWEICHENSTELLUNG?LEITZENTRALE
  +--> ?PR?SETSTRECKENBEFEHL?LEITZENTRALE

?PR?_CHECKBELEGT?LEITZENTRALE                    -----    -----      -----    -----
  +--> ?PR?_GETNEXTWEICHE?LEITZENTRALE

?PR?_GETNEXTWEICHE?LEITZENTRALE                  -----    -----      03ADH    0002H
  +--> ?PR?_GETRICHTUNG?LEITZENTRALE

?PR?_CHECKGESPERRT?LEITZENTRALE                  -----    -----      -----    -----
  +--> ?PR?LEITZENTRALE

?PR?_SETGLEISABSCHNITTGESPERRT?LEITZE...         0020H.3  0000H.1    -----    -----
  +--> ?PR?LEITZENTRALE

?PR?_GETWEICHENSTELLUNG?LEITZENTRALE             -----    -----      -----    -----
  +--> ?PR?LEITZENTRALE
  +--> ?PR?_SENDNACHRICHT?LEITZENTRALE

?PR?_SENDNACHRICHT?LEITZENTRALE                  -----    -----      03ADH    0006H
  +--> ?PR?LEITZENTRALE
BL51 BANKED LINKER/LOCATER V6.22                                                      11/02/2010  13:34:33  PAGE 7


  +--> ?PR?_SENDMSG?AUDITINGSYSTEM

?PR?_SENDMSG?AUDITINGSYSTEM                      -----    -----      03C5H    0004H
  +--> ?PR?AUDITINGSYSTEM

?PR?SETSTRECKENBEFEHL?LEITZENTRALE               -----    -----      03ADH    0004H

?PR?_CHECKZIELPOSITIONERREICHT?LEITZE...         -----    -----      -----    -----
  +--> ?PR?LEITZENTRALE
  +--> ?PR?_SENDNACHRICHT?LEITZENTRALE

?PR?CHECKANZAHLWAGONS?LEITZENTRALE               -----    -----      -----    -----
  +--> ?PR?LEITZENTRALE

?PR?_SETZUSTANDFUERFAHRANWEISUNG?LEIT...         -----    -----      03A7H    0005H
  +--> ?PR?LEITZENTRALE
  +--> ?PR?SETSTRECKENBEFEHL?LEITZENTRALE
  +--> ?PR?_SENDNACHRICHT?LEITZENTRALE

?PR?_HELLOMODUL?SOFTWAREWATCHDOG                 -----    -----      03A7H    0002H
  +--> ?PR?SOFTWAREWATCHDOG
  +--> ?PR?EMERGENCY_OFF?NOTAUS

?PR?WORKRS232?RS232TREIBER                       -----    -----      039CH    0001H
  +--> ?PR?KONVERTLOK?RS232TREIBER
  +--> ?PR?KONVERTWEICHE?RS232TREIBER
  +--> ?PR?KONVERTENTKOPPLER?RS232TREIBER

?PR?KONVERTLOK?RS232TREIBER                      -----    -----      -----    -----
  +--> ?PR?RS232TREIBER

?PR?KONVERTWEICHE?RS232TREIBER                   -----    -----      -----    -----
  +--> ?PR?RS232TREIBER

?PR?KONVERTENTKOPPLER?RS232TREIBER               -----    -----      -----    -----
  +--> ?PR?RS232TREIBER

?PR?WORKS88?S88TREIBER                           -----    -----      -----    -----
  +--> ?PR?GET_SENSOR_DATA?S88TREIBER

?PR?GET_SENSOR_DATA?S88TREIBER                   -----    -----      -----    -----
  +--> ?PR?_WAIT?S88TREIBER
  +--> ?PR?_WRITE_SENSOR_DATA?S88TREIBER
  +--> ?PR?S88TREIBER
  +--> ?PR?VALIDATE_SENSOR_DATA?S88TREIBER

?PR?_WRITE_SENSOR_DATA?S88TREIBER                -----    -----      -----    -----
  +--> ?PR?S88TREIBER

?PR?VALIDATE_SENSOR_DATA?S88TREIBER              -----    -----      -----    -----
  +--> ?PR?S88TREIBER

?PR?WORKSSC?SSCTREIBER                           -----    -----      -----    -----
  +--> ?PR?STRECKENBEFEHLAN_EVSENDEN?SSCTREIBER
  +--> ?PR?DATENSENDEN?SSCTREIBER

?PR?DATENSENDEN?SSCTREIBER                       -----    -----      -----    -----
BL51 BANKED LINKER/LOCATER V6.22                                                      11/02/2010  13:34:33  PAGE 8


  +--> ?PR?SSCTREIBER
  +--> ?PR?CHECKNEUERSTRECKENBEFEHL?SSCTREIBER
  +--> ?PR?BYTETOSENDINKREMENTIEREN?SSCTREIBER

?PR?CHECKNEUERSTRECKENBEFEHL?SSCTREIBER          0020H.3  0000H.1    -----    -----

?PR?BYTETOSENDINKREMENTIEREN?SSCTREIBER          -----    -----      -----    -----
  +--> ?PR?SSCTREIBER

?PR?WORKBV?BEFEHLSVALIDIERUNG                    -----    -----      039CH    0004H
  +--> ?PR?CHECKSENSORDATEN?BEFEHLSVALIDIERUNG
  +--> ?PR?SENDSENSORDATEN?BEFEHLSVALIDIERUNG
  +--> ?PR?CHECKKRITISCHERZUSTAND?BEFEHLSVAL...
  +--> ?PR?CHECKSTRECKENBEFEHL?BEFEHLSVALIDI...
  +--> ?PR?BEFEHLSVALIDIERUNG
  +--> ?PR?SENDSTRECKENBEFEHL?BEFEHLSVALIDIE...
  +--> ?PR?CHECKSTRECKENTOPOLOGIE?BEFEHLSVAL...
  +--> ?PR?_SENDNACHRICHT?BEFEHLSVALIDIERUNG
  +--> ?PR?EMERGENCY_OFF?NOTAUS
  +--> ?PR?_HELLOMODUL?SOFTWAREWATCHDOG

?PR?CHECKSENSORDATEN?BEFEHLSVALIDIERUNG          -----    -----      03A0H    0018H
  +--> ?PR?_ZUGNEBENSENSOR?BEFEHLSVALIDIERUNG
  +--> ?PR?_SENDNACHRICHT?BEFEHLSVALIDIERUNG
  +--> ?PR?BEFEHLSVALIDIERUNG
  +--> ?PR?_SENSORNACHBARN?BEFEHLSVALIDIERUNG

?PR?_ZUGNEBENSENSOR?BEFEHLSVALIDIERUNG           -----    -----      03B8H    000BH
  +--> ?PR?BEFEHLSVALIDIERUNG

?PR?_SENDNACHRICHT?BEFEHLSVALIDIERUNG            -----    -----      -----    -----
  +--> ?PR?_SENDMSG?AUDITINGSYSTEM

?PR?_SENSORNACHBARN?BEFEHLSVALIDIERUNG           -----    -----      03B8H    000DH
  +--> ?PR?BEFEHLSVALIDIERUNG
  +--> ?PR?_SENDNACHRICHT?BEFEHLSVALIDIERUNG

?PR?SENDSENSORDATEN?BEFEHLSVALIDIERUNG           -----    -----      -----    -----
  +--> ?PR?_SENDNACHRICHT?BEFEHLSVALIDIERUNG
  +--> ?PR?BEFEHLSVALIDIERUNG

?PR?CHECKKRITISCHERZUSTAND?BEFEHLSVAL...         0020H.3  0000H.1    03A0H    0006H
  +--> ?PR?BEFEHLSVALIDIERUNG
  +--> ?PR?_ZIELGLEISUNDWEICHE?BEFEHLSVALIDI...
  +--> ?PR?_WEICHERICHTIG?BEFEHLSVALIDIERUNG
  +--> ?PR?_SENDNACHRICHT?BEFEHLSVALIDIERUNG

?PR?_ZIELGLEISUNDWEICHE?BEFEHLSVALIDI...         -----    -----      03AEH    0011H
  +--> ?PR?BEFEHLSVALIDIERUNG

?PR?_WEICHERICHTIG?BEFEHLSVALIDIERUNG            -----    -----      03AEH    0017H
  +--> ?PR?BEFEHLSVALIDIERUNG

?PR?CHECKSTRECKENBEFEHL?BEFEHLSVALIDI...         0020H.3  0000H.1    03A0H    0008H
  +--> ?PR?BEFEHLSVALIDIERUNG
  +--> ?PR?_ZUGFAEHRTAUFWEICHEZU?BEFEHLSVALI...
  +--> ?PR?_ZIELGLEISUNDWEICHE?BEFEHLSVALIDI...
BL51 BANKED LINKER/LOCATER V6.22                                                      11/02/2010  13:34:33  PAGE 9


  +--> ?PR?_WEICHERICHTIG?BEFEHLSVALIDIERUNG
  +--> ?PR?_SENDNACHRICHT?BEFEHLSVALIDIERUNG

?PR?_ZUGFAEHRTAUFWEICHEZU?BEFEHLSVALI...         -----    -----      03A8H    0006H
  +--> ?PR?BEFEHLSVALIDIERUNG
  +--> ?PR?_ZIELGLEISUNDWEICHE?BEFEHLSVALIDI...
  +--> ?PR?_WEICHERICHTIG?BEFEHLSVALIDIERUNG

?PR?SENDSTRECKENBEFEHL?BEFEHLSVALIDIE...         -----    -----      -----    -----
  +--> ?PR?BEFEHLSVALIDIERUNG

?PR?CHECKSTRECKENTOPOLOGIE?BEFEHLSVAL...         0020H.3  0000H.1    03A0H    0007H
  +--> ?PR?BEFEHLSVALIDIERUNG

?PR?WORKEV?ERGEBNISVALIDIERUNG                   -----    -----      -----    -----
  +--> ?PR?CHECKFORCOMMUNICATIONERRORS?ERGEB...
  +--> ?PR?PROCESSINTERNALSTRECKENBEFEHL?ERG...
  +--> ?PR?PROCESSEXTERNALSTRECKENBEFEHL?ERG...
  +--> ?PR?_STRECKENBEFEHLEEQUAL?ERGEBNISVAL...
  +--> ?PR?_ISSTRECKENBEFEHLRESETTED?ERGEBNI...
  +--> ?PR?ERGEBNISVALIDIERUNG
  +--> ?PR?_SENDNACHRICHT?ERGEBNISVALIDIERUNG
  +--> ?PR?EMERGENCY_OFF?NOTAUS
  +--> ?PR?INITEV?ERGEBNISVALIDIERUNG

?PR?CHECKFORCOMMUNICATIONERRORS?ERGEB...         -----    -----      -----    -----
  +--> ?PR?ERGEBNISVALIDIERUNG
  +--> ?PR?_ISSTRECKENBEFEHLRESETTED?ERGEBNI...
  +--> ?PR?_RESETSTRECKENBEFEHL?ERGEBNISVALI...
  +--> ?PR?_SENDNACHRICHT?ERGEBNISVALIDIERUNG
  +--> ?PR?EMERGENCY_OFF?NOTAUS

?PR?_ISSTRECKENBEFEHLRESETTED?ERGEBNI...         -----    -----      -----    -----
  +--> ?PR?ERGEBNISVALIDIERUNG

?PR?_SENDNACHRICHT?ERGEBNISVALIDIERUNG           -----    -----      03A8H    0005H
  +--> ?PR?_SENDMSG?AUDITINGSYSTEM

?PR?PROCESSINTERNALSTRECKENBEFEHL?ERG...         -----    -----      -----    -----
  +--> ?PR?_ISSTRECKENBEFEHLRESETTED?ERGEBNI...
  +--> ?PR?ERGEBNISVALIDIERUNG
  +--> ?PR?_RESETSTRECKENBEFEHL?ERGEBNISVALI...
  +--> ?PR?_SENDNACHRICHT?ERGEBNISVALIDIERUNG
  +--> ?PR?EMERGENCY_OFF?NOTAUS

?PR?PROCESSEXTERNALSTRECKENBEFEHL?ERG...         -----    -----      -----    -----
  +--> ?PR?_ISSTRECKENBEFEHLRESETTED?ERGEBNI...
  +--> ?PR?ERGEBNISVALIDIERUNG
  +--> ?PR?_RESETSTRECKENBEFEHL?ERGEBNISVALI...

?PR?_STRECKENBEFEHLEEQUAL?ERGEBNISVAL...         -----    -----      039CH    0006H
  +--> ?PR?ERGEBNISVALIDIERUNG
  +--> ?PR?_COMPARETRACKS?ERGEBNISVALIDIERUNG
  +--> ?PR?_ISSTRECKENBEFEHLRESETTED?ERGEBNI...

?PR?_COMPARETRACKS?ERGEBNISVALIDIERUNG           -----    -----      03A2H    0006H
  +--> ?PR?ERGEBNISVALIDIERUNG
BL51 BANKED LINKER/LOCATER V6.22                                                      11/02/2010  13:34:33  PAGE 10


  +--> ?PR?_SENDNACHRICHT?ERGEBNISVALIDIERUNG
  +--> ?PR?EMERGENCY_OFF?NOTAUS



SYMBOL TABLE OF MODULE:  save_train_control (AUDITINGSYSTEM)

  VALUE           TYPE          NAME
  ----------------------------------

  -------         MODULE        AUDITINGSYSTEM
  C:0000H         SYMBOL        _ICE_DUMMY_
  C:290CH         PUBLIC        initAS
  C:19A8H         PUBLIC        workAS
  D:00D0H         PUBLIC        PSW
  D:00D8H         PUBLIC        ADCON0
  D:00A8H         PUBLIC        IEN0
  D:00B8H         PUBLIC        IEN1
  D:00C0H         PUBLIC        IRCON
  D:0090H         PUBLIC        P1
  D:00B0H         PUBLIC        P3
  D:00E8H         PUBLIC        P4
  D:00F8H         PUBLIC        P5
  D:0098H         PUBLIC        SCON
  D:0088H         PUBLIC        TCON
  D:00C8H         PUBLIC        T2CON
  X:0279H         PUBLIC        AS_msg_counter
  B:00F8H.4       PUBLIC        AS_PORT_I2C_SDA
  B:00F8H.5       PUBLIC        AS_PORT_I2C_SCL
  X:027AH         PUBLIC        AS_msg_array
  X:034CH         PUBLIC        AS_read_next_msg
  X:034DH         PUBLIC        AS_fill_next_msg
  X:034EH         PUBLIC        _i2c_error
  X:034FH         PUBLIC        maxSendMsg_workAS
  X:0350H         PUBLIC        i_workAS
  X:0351H         PUBLIC        j_workAS
  X:0352H         PUBLIC        i_sendMsg
  X:0353H         PUBLIC        i_I2CSendByte
  X:0354H         PUBLIC        err__I2CSCLHigh
  C:28F0H         PUBLIC        warten
  C:2967H         PUBLIC        _I2CBitDly
  C:25C6H         PUBLIC        _I2CSCLHigh
  C:28D2H         PUBLIC        _I2CSendAddr
  C:2240H         PUBLIC        _I2CSendByte
  C:28B2H         PUBLIC        I2CSendStop
  C:1C70H         PUBLIC        _sendMsg
  C:2918H         PUBLIC        reportAllMsg
  C:227BH         SYMBOL        Com002D
  C:227BH         SYMBOL        L?0046
  C:227EH         SYMBOL        L?0047
  C:228FH         SYMBOL        L?0048
  C:2292H         SYMBOL        L?0049
  C:22A1H         SYMBOL        L?0050
  C:22ACH         SYMBOL        L?0051
  -------         PROC          COM002D
  -------         ENDPROC       COM002D
  -------         PROC          INITAS
BL51 BANKED LINKER/LOCATER V6.22                                                      11/02/2010  13:34:33  PAGE 11


  C:290CH         LINE#         267
  C:290CH         LINE#         268
  C:290CH         LINE#         270
  C:2911H         LINE#         273
  C:2913H         LINE#         276
  C:2917H         LINE#         277
  -------         ENDPROC       INITAS
  -------         PROC          _SENDMSG
  X:03C5H         SYMBOL        module_id
  X:03C6H         SYMBOL        msg
  C:1C70H         LINE#         310
  C:1C7EH         LINE#         311
  C:1C7EH         LINE#         317
  C:1C87H         LINE#         318
  C:1C87H         LINE#         321
  C:1C89H         LINE#         322
  C:1C89H         LINE#         325
  C:1C92H         LINE#         326
  C:1C92H         LINE#         328
  C:1C99H         LINE#         331
  C:1C9CH         LINE#         334
  C:1CA2H         LINE#         335
  C:1CA2H         LINE#         339
  C:1CACH         LINE#         341
  C:1CB2H         LINE#         342
  C:1CB2H         LINE#         344
  C:1CD9H         LINE#         345
  C:1CE3H         LINE#         348
  C:1CE9H         LINE#         352
  C:1CEFH         LINE#         353
  -------         ENDPROC       _SENDMSG
  -------         PROC          WORKAS
  C:19A8H         LINE#         388
  C:19A8H         LINE#         389
  C:19A8H         LINE#         399
  C:19B1H         LINE#         400
  C:19B1H         LINE#         403
  C:19B1H         LINE#         406
  C:19BAH         LINE#         407
  C:19BAH         LINE#         410
  C:19BCH         LINE#         411
  C:19BCH         LINE#         413
  C:19BFH         LINE#         419
  C:19C5H         LINE#         421
  C:19CCH         LINE#         423
  C:19D3H         LINE#         424
  C:19D3H         LINE#         427
  C:19D3H         LINE#         431
  C:19E0H         LINE#         432
  C:19E0H         LINE#         433
  C:19E2H         LINE#         434
  C:19E4H         LINE#         436
  C:19E4H         LINE#         437
  C:19E7H         LINE#         438
  C:19E7H         LINE#         440
  C:19F7H         LINE#         441
  C:19F7H         LINE#         442
BL51 BANKED LINKER/LOCATER V6.22                                                      11/02/2010  13:34:33  PAGE 12


  C:1A04H         LINE#         443
  C:1A04H         LINE#         447
  C:1A0AH         LINE#         449
  C:1A18H         LINE#         451
  C:1A1FH         LINE#         452
  C:1A1FH         LINE#         454
  C:1A21H         LINE#         458
  C:1A21H         LINE#         459
  C:1A29H         LINE#         464
  C:1A2CH         LINE#         467
  C:1A32H         LINE#         468
  C:1A3AH         LINE#         471
  C:1A3DH         LINE#         472
  -------         ENDPROC       WORKAS
  -------         PROC          REPORTALLMSG
  C:2918H         LINE#         488
  C:2918H         LINE#         489
  C:2918H         LINE#         490
  C:291EH         LINE#         491
  C:291EH         LINE#         492
  C:2921H         LINE#         493
  C:2923H         LINE#         494
  -------         ENDPROC       REPORTALLMSG
  -------         PROC          WARTEN
  -------         DO            
  D:0007H         SYMBOL        i
  -------         ENDDO         
  C:28F0H         LINE#         504
  C:28F0H         LINE#         505
  C:28F0H         LINE#         507
  C:28F2H         LINE#         508
  C:28F2H         LINE#         509
  C:28F3H         LINE#         510
  C:28F4H         LINE#         511
  C:28F5H         LINE#         512
  C:28F6H         LINE#         513
  C:28F7H         LINE#         514
  C:28F8H         LINE#         515
  C:28FDH         LINE#         517
  -------         ENDPROC       WARTEN
  -------         PROC          _I2CBITDLY
  C:2967H         LINE#         530
  C:2967H         LINE#         531
  C:2967H         LINE#         533
  C:2968H         LINE#         534
  C:2969H         LINE#         535
  C:296AH         LINE#         536
  C:296BH         LINE#         537
  C:296CH         LINE#         538
  C:296DH         LINE#         539
  C:296EH         LINE#         540
  C:296FH         LINE#         542
  -------         ENDPROC       _I2CBITDLY
  -------         PROC          _I2CSCLHIGH
  C:25C6H         LINE#         552
  C:25C6H         LINE#         553
  C:25C6H         LINE#         555
BL51 BANKED LINKER/LOCATER V6.22                                                      11/02/2010  13:34:33  PAGE 13


  C:25CDH         LINE#         556
  C:25CFH         LINE#         557
  C:25D2H         LINE#         558
  C:25D2H         LINE#         559
  C:25E0H         LINE#         560
  C:25EAH         LINE#         561
  C:25EAH         LINE#         563
  C:25F1H         LINE#         565
  C:25F1H         LINE#         566
  C:25F1H         LINE#         567
  -------         ENDPROC       _I2CSCLHIGH
  -------         PROC          _I2CSENDADDR
  D:0007H         SYMBOL        addr
  D:0005H         SYMBOL        rd
  C:28D2H         LINE#         577
  C:28D2H         LINE#         578
  C:28D2H         LINE#         579
  C:28D4H         LINE#         580
  C:28D7H         LINE#         581
  C:28D9H         LINE#         582
  C:28D9H         LINE#         583
  C:28D9H         LINE#         584
  C:28D9H         LINE#         585
  -------         ENDPROC       _I2CSENDADDR
  -------         PROC          _I2CSENDBYTE
  D:0007H         SYMBOL        bt
  C:2240H         LINE#         596
  C:2240H         LINE#         597
  C:2240H         LINE#         599
  C:2245H         LINE#         600
  C:2245H         LINE#         601
  C:2249H         LINE#         602
  C:2249H         LINE#         604
  C:224BH         LINE#         605
  C:224DH         LINE#         607
  C:224DH         LINE#         608
  C:224FH         LINE#         609
  C:224FH         LINE#         610
  C:2252H         LINE#         611
  C:2252H         LINE#         612
  C:2252H         LINE#         613
  C:2252H         LINE#         614
  C:2258H         LINE#         615
  C:2264H         LINE#         616
  C:2266H         LINE#         617
  C:2269H         LINE#         618
  C:226CH         LINE#         619
  C:226FH         LINE#         620
  C:226FH         LINE#         622
  C:2276H         LINE#         623
  C:2276H         LINE#         624
  C:2278H         LINE#         625
  -------         ENDPROC       _I2CSENDBYTE
  -------         PROC          I2CSENDSTOP
  C:28B2H         LINE#         669
  C:28B2H         LINE#         670
  C:28B2H         LINE#         671
BL51 BANKED LINKER/LOCATER V6.22                                                      11/02/2010  13:34:33  PAGE 14


  C:28B4H         LINE#         672
  C:28B7H         LINE#         673
  C:28BAH         LINE#         674
  C:28BDH         LINE#         675
  C:28BFH         LINE#         676
  -------         ENDPROC       I2CSENDSTOP
  -------         ENDMOD        AUDITINGSYSTEM

  -------         MODULE        BEFEHLSVALIDIERUNG
  C:0000H         SYMBOL        _ICE_DUMMY_
  D:00D0H         PUBLIC        PSW
  D:00D8H         PUBLIC        ADCON0
  D:00A8H         PUBLIC        IEN0
  D:00B8H         PUBLIC        IEN1
  D:00C0H         PUBLIC        IRCON
  D:0090H         PUBLIC        P1
  D:00B0H         PUBLIC        P3
  D:00E8H         PUBLIC        P4
  D:00F8H         PUBLIC        P5
  D:0098H         PUBLIC        SCON
  D:0088H         PUBLIC        TCON
  D:00C8H         PUBLIC        T2CON
  X:0194H         PUBLIC        BV_streckentopologie
  X:01EEH         PUBLIC        BV_gleisBelegung
  X:01F8H         PUBLIC        BV_weichenBelegung
  X:01FCH         PUBLIC        BV_zugPosition
  C:28C2H         PUBLIC        initBV
  C:139CH         PUBLIC        workBV
  X:01FEH         SYMBOL        nextState
  X:01FFH         SYMBOL        criticalStateCounter
  X:0200H         SYMBOL        nachricht
  X:0206H         SYMBOL        verbosity
  X:0207H         SYMBOL        streckentopologie
  X:0261H         SYMBOL        gleisBelegung
  X:026BH         SYMBOL        weichenBelegung
  X:026FH         SYMBOL        weichenStellung
  X:0273H         SYMBOL        zugPosition
  X:0275H         SYMBOL        zugGeschwindigkeit
  X:0277H         SYMBOL        zugRichtung
  C:0B48H         SYMBOL        checkStreckenTopologie
  C:05E4H         SYMBOL        checkSensorDaten
  C:24DAH         SYMBOL        sendSensorDaten
  C:099FH         SYMBOL        checkStreckenBefehl
  C:2360H         SYMBOL        sendStreckenBefehl
  C:22F0H         SYMBOL        copyStreckenBelegung
  C:12B7H         SYMBOL        defineStreckenTopologie
  C:0E3AH         SYMBOL        _zugNebenSensor
  C:11C8H         SYMBOL        _sensorNachbarn
  C:1551H         SYMBOL        checkKritischerZustand
  C:1A3EH         SYMBOL        _weicheRichtig
  C:1F4DH         SYMBOL        _zugFaehrtAufWeicheZu
  C:1628H         SYMBOL        _zielGleisUndWeiche
  C:24A7H         SYMBOL        _sendNachricht
  C:0CD5H         SYMBOL        Com00EA
  C:0CD5H         SYMBOL        L?0235
  C:0CD5H         SYMBOL        L?0236
  C:0CE5H         SYMBOL        L?0237
BL51 BANKED LINKER/LOCATER V6.22                                                      11/02/2010  13:34:33  PAGE 15


  C:0CEDH         SYMBOL        L?0238
  C:0CF0H         SYMBOL        L?0239
  C:0CF8H         SYMBOL        L?0240
  C:0CFBH         SYMBOL        L?0241
  C:0D03H         SYMBOL        L?0242
  C:0D06H         SYMBOL        L?0243
  C:0D0EH         SYMBOL        L?0244
  C:0D1DH         SYMBOL        L?0245
  C:0D1FH         SYMBOL        L?0246
  C:0D26H         SYMBOL        L?0247
  C:0D2AH         SYMBOL        L?0248
  C:0D2CH         SYMBOL        L?0249
  C:0D35H         SYMBOL        L?0250
  C:0D37H         SYMBOL        L?0251
  C:0D39H         SYMBOL        L?0252
  C:0D41H         SYMBOL        L?0253
  C:0D42H         SYMBOL        L?0254
  C:0D44H         SYMBOL        L?0255
  C:0D4DH         SYMBOL        L?0256
  C:0D51H         SYMBOL        L?0257
  C:0D54H         SYMBOL        L?0258
  C:0D5BH         SYMBOL        L?0259
  C:0D5EH         SYMBOL        L?0260
  C:0D66H         SYMBOL        L?0261
  C:0D6AH         SYMBOL        L?0262
  C:0D75H         SYMBOL        L?0263
  C:0D7CH         SYMBOL        L?0264
  C:0D7DH         SYMBOL        L?0265
  C:0D84H         SYMBOL        L?0266
  C:0D8BH         SYMBOL        L?0267
  C:0D92H         SYMBOL        L?0268
  C:0D92H         SYMBOL        L?0269
  C:0D96H         SYMBOL        L?0270
  C:0D9EH         SYMBOL        L?0271
  C:0DA1H         SYMBOL        L?0272
  C:0DA9H         SYMBOL        L?0273
  C:0DA9H         SYMBOL        L?0274
  C:0DB2H         SYMBOL        L?0275
  C:0DB6H         SYMBOL        L?0276
  C:0DBEH         SYMBOL        L?0277
  C:0DBEH         SYMBOL        L?0278
  C:0DC5H         SYMBOL        L?0279
  C:0DC6H         SYMBOL        L?0280
  C:0DCFH         SYMBOL        L?0281
  C:0DD3H         SYMBOL        L?0282
  C:0DDBH         SYMBOL        L?0283
  C:0DDCH         SYMBOL        L?0284
  C:0DE3H         SYMBOL        L?0285
  C:0DE3H         SYMBOL        L?0286
  C:0DECH         SYMBOL        L?0287
  C:0DF9H         SYMBOL        L?0288
  C:0DFAH         SYMBOL        L?0289
  C:0E02H         SYMBOL        L?0290
  C:0E0EH         SYMBOL        L?0291
  C:0E1AH         SYMBOL        L?0293
  C:0E24H         SYMBOL        L?0294
  C:0E24H         SYMBOL        L?0295
BL51 BANKED LINKER/LOCATER V6.22                                                      11/02/2010  13:34:33  PAGE 16


  C:0E2BH         SYMBOL        L?0296
  C:0E34H         SYMBOL        L?0297
  C:0E34H         SYMBOL        L?0298
  -------         PROC          COM00EA
  -------         ENDPROC       COM00EA
  -------         PROC          INITBV
  C:28C2H         LINE#         206
  C:28C2H         LINE#         207
  C:28C2H         LINE#         208
  C:28C5H         LINE#         209
  C:28C8H         LINE#         212
  C:28CDH         LINE#         213
  C:28D1H         LINE#         214
  -------         ENDPROC       INITBV
  -------         PROC          WORKBV
  -------         DO            
  X:039CH         SYMBOL        concatState
  -------         DO            
  X:039DH         SYMBOL        zugNr
  X:039EH         SYMBOL        richtung
  X:039FH         SYMBOL        geschw
  -------         ENDDO         
  -------         ENDDO         
  C:139CH         LINE#         216
  C:139CH         LINE#         217
  C:139CH         LINE#         219
  C:13A1H         LINE#         221
  C:13B8H         LINE#         222
  C:13B8H         LINE#         223
  C:13B8H         LINE#         225
  C:13C4H         LINE#         227
  C:13C4H         LINE#         228
  C:13C4H         LINE#         229
  C:13C7H         LINE#         230
  C:13C7H         LINE#         233
  C:13D1H         LINE#         235
  C:13D1H         LINE#         236
  C:13D3H         LINE#         238
  C:13D3H         LINE#         239
  C:13D6H         LINE#         240
  C:13D6H         LINE#         244
  C:13D6H         LINE#         245
  C:13DCH         LINE#         246
  C:13DFH         LINE#         247
  C:13DFH         LINE#         249
  C:13DFH         LINE#         251
  C:13E4H         LINE#         252
  C:13E4H         LINE#         253
  C:13EFH         LINE#         254
  C:13EFH         LINE#         255
  C:13F1H         LINE#         257
  C:13F1H         LINE#         258
  C:13F1H         LINE#         259
  C:13F3H         LINE#         260
  C:13F3H         LINE#         262
  C:13F3H         LINE#         264
  C:13F8H         LINE#         265
BL51 BANKED LINKER/LOCATER V6.22                                                      11/02/2010  13:34:33  PAGE 17


  C:13F8H         LINE#         266
  C:13FAH         LINE#         267
  C:13FAH         LINE#         269
  C:13FAH         LINE#         271
  C:13FFH         LINE#         272
  C:13FFH         LINE#         273
  C:1406H         LINE#         274
  C:140CH         LINE#         275
  C:141BH         LINE#         277
  C:1426H         LINE#         278
  C:142BH         LINE#         279
  C:142EH         LINE#         280
  C:142EH         LINE#         282
  C:1433H         LINE#         283
  C:1435H         LINE#         285
  C:1435H         LINE#         287
  C:143AH         LINE#         288
  C:143AH         LINE#         289
  C:143CH         LINE#         291
  C:143CH         LINE#         292
  C:143EH         LINE#         293
  C:143EH         LINE#         295
  C:143EH         LINE#         296
  C:1444H         LINE#         297
  C:1446H         LINE#         298
  C:1446H         LINE#         299
  C:1446H         LINE#         300
  C:144DH         LINE#         302
  C:1450H         LINE#         303
  C:1450H         LINE#         305
  C:1459H         LINE#         306
  C:1459H         LINE#         307
  C:145FH         LINE#         308
  C:145FH         LINE#         310
  C:1473H         LINE#         311
  -------         ENDPROC       WORKBV
  -------         PROC          CHECKSTRECKENTOPOLOGIE
  -------         DO            
  X:03A0H         SYMBOL        z
  B:0020H.3       SYMBOL        ret
  X:03A1H         SYMBOL        my
  X:03A4H         SYMBOL        his
  -------         ENDDO         
  C:0B48H         LINE#         315
  C:0B48H         LINE#         316
  C:0B48H         LINE#         317
  C:0B4BH         LINE#         318
  C:0B4DH         LINE#         321
  C:0B55H         LINE#         322
  C:0B60H         LINE#         324
  C:0B63H         LINE#         325
  C:0B63H         LINE#         326
  C:0B94H         LINE#         327
  C:0BABH         LINE#         328
  C:0BC8H         LINE#         329
  C:0BDFH         LINE#         330
  C:0BF6H         LINE#         331
BL51 BANKED LINKER/LOCATER V6.22                                                      11/02/2010  13:34:33  PAGE 18


  C:0C13H         LINE#         332
  C:0C2AH         LINE#         333
  C:0C41H         LINE#         334
  C:0C67H         LINE#         335
  C:0C6CH         LINE#         336
  C:0C76H         LINE#         338
  C:0C79H         LINE#         339
  C:0C79H         LINE#         340
  C:0C8CH         LINE#         341
  C:0C92H         LINE#         342
  C:0C97H         LINE#         344
  C:0C9AH         LINE#         345
  C:0C9AH         LINE#         346
  C:0CADH         LINE#         347
  C:0CB3H         LINE#         348
  C:0CB8H         LINE#         350
  C:0CBBH         LINE#         351
  C:0CBBH         LINE#         352
  C:0CCCH         LINE#         353
  C:0CD2H         LINE#         354
  C:0CD4H         LINE#         355
  -------         ENDPROC       CHECKSTRECKENTOPOLOGIE
  -------         PROC          CHECKSENSORDATEN
  -------         DO            
  X:03A0H         SYMBOL        z
  D:0007H         SYMBOL        inkr
  D:0007H         SYMBOL        mask
  X:03A1H         SYMBOL        sensoren
  -------         DO            
  X:03B1H         SYMBOL        nextAbs
  X:03B2H         SYMBOL        prevAbs
  X:03B3H         SYMBOL        nSwitch
  X:03B4H         SYMBOL        pSwitch
  X:03B5H         SYMBOL        zugNr
  X:03B6H         SYMBOL        richtung
  X:03B7H         SYMBOL        pos
  -------         ENDDO         
  -------         ENDDO         
  C:05E4H         LINE#         357
  C:05E4H         LINE#         358
  C:05E4H         LINE#         363
  C:05EAH         LINE#         364
  C:05EAH         LINE#         365
  C:05ECH         LINE#         367
  C:05EFH         LINE#         368
  C:05EFH         LINE#         371
  C:05FBH         LINE#         372
  C:05FBH         LINE#         373
  C:05FDH         LINE#         374
  C:05FDH         LINE#         379
  C:05FFH         LINE#         380
  C:060EH         LINE#         381
  C:060EH         LINE#         382
  C:0627H         LINE#         383
  C:0643H         LINE#         384
  C:0647H         LINE#         385
  C:064FH         LINE#         388
BL51 BANKED LINKER/LOCATER V6.22                                                      11/02/2010  13:34:33  PAGE 19


  C:0662H         LINE#         389
  C:0662H         LINE#         393
  C:0672H         LINE#         398
  C:0690H         LINE#         399
  C:0690H         LINE#         400
  C:0697H         LINE#         402
  C:0699H         LINE#         403
  C:0699H         LINE#         406
  C:06C7H         LINE#         407
  C:06C7H         LINE#         408
  C:06C8H         LINE#         409
  C:06C8H         LINE#         413
  C:06D5H         LINE#         415
  C:06E0H         LINE#         416
  C:06ECH         LINE#         417
  C:06F7H         LINE#         418
  C:0703H         LINE#         421
  C:0709H         LINE#         422
  C:0709H         LINE#         423
  C:071BH         LINE#         426
  C:0737H         LINE#         428
  C:0737H         LINE#         429
  C:073CH         LINE#         430
  C:073CH         LINE#         431
  C:073CH         LINE#         433
  C:0742H         LINE#         434
  C:0742H         LINE#         435
  C:0756H         LINE#         438
  C:0772H         LINE#         440
  C:0772H         LINE#         441
  C:0777H         LINE#         442
  C:0777H         LINE#         443
  C:0777H         LINE#         446
  C:0783H         LINE#         447
  C:0793H         LINE#         448
  C:0793H         LINE#         449
  C:07A0H         LINE#         450
  C:07A2H         LINE#         451
  C:07B4H         LINE#         452
  C:07B4H         LINE#         453
  C:07BDH         LINE#         454
  C:07BDH         LINE#         455
  C:07C6H         LINE#         457
  C:07C7H         LINE#         458
  -------         ENDPROC       CHECKSENSORDATEN
  -------         PROC          SENDSENSORDATEN
  C:24DAH         LINE#         460
  C:24DAH         LINE#         461
  C:24DAH         LINE#         463
  C:24E6H         LINE#         464
  C:24E6H         LINE#         465
  C:24E8H         LINE#         466
  C:24E8H         LINE#         469
  C:24F4H         LINE#         470
  C:24F4H         LINE#         471
  C:24FBH         LINE#         473
  C:24FDH         LINE#         474
BL51 BANKED LINKER/LOCATER V6.22                                                      11/02/2010  13:34:33  PAGE 20


  C:24FDH         LINE#         477
  C:250AH         LINE#         478
  C:250BH         LINE#         479
  -------         ENDPROC       SENDSENSORDATEN
  -------         PROC          CHECKSTRECKENBEFEHL
  -------         DO            
  X:03A0H         SYMBOL        weicheNr
  X:03A1H         SYMBOL        entkopplerNr
  -------         DO            
  B:0020H.3       SYMBOL        fehler
  X:03A2H         SYMBOL        v1
  X:03A3H         SYMBOL        v2
  X:03A4H         SYMBOL        zug1
  X:03A5H         SYMBOL        zug2
  X:03A2H         SYMBOL        wStell
  X:03A2H         SYMBOL        zugNr
  X:03A3H         SYMBOL        richtung
  X:03A4H         SYMBOL        geschw
  X:03A5H         SYMBOL        zugPos
  X:03A6H         SYMBOL        ziel
  X:03A7H         SYMBOL        weiche
  -------         ENDDO         
  -------         DO            
  X:03A2H         SYMBOL        wStell
  X:03A2H         SYMBOL        zugNr
  X:03A3H         SYMBOL        richtung
  X:03A4H         SYMBOL        geschw
  X:03A5H         SYMBOL        zugPos
  X:03A6H         SYMBOL        ziel
  X:03A7H         SYMBOL        weiche
  -------         ENDDO         
  -------         DO            
  X:03A2H         SYMBOL        zugNr
  X:03A3H         SYMBOL        richtung
  X:03A4H         SYMBOL        geschw
  X:03A5H         SYMBOL        zugPos
  X:03A6H         SYMBOL        ziel
  X:03A7H         SYMBOL        weiche
  -------         ENDDO         
  -------         ENDDO         
  C:099FH         LINE#         481
  C:099FH         LINE#         482
  C:099FH         LINE#         483
  C:09A4H         LINE#         484
  C:09A6H         LINE#         486
  C:09BCH         LINE#         489
  C:09BCH         LINE#         490
  C:09BEH         LINE#         491
  C:09BEH         LINE#         498
  C:09C2H         LINE#         499
  C:09C2H         LINE#         500
  C:09CEH         LINE#         501
  C:09D3H         LINE#         502
  C:09D3H         LINE#         503
  C:09D5H         LINE#         505
  C:09D8H         LINE#         506
  C:09D8H         LINE#         507
BL51 BANKED LINKER/LOCATER V6.22                                                      11/02/2010  13:34:33  PAGE 21


  C:09D8H         LINE#         510
  C:09E0H         LINE#         511
  C:09E0H         LINE#         512
  C:09E9H         LINE#         513
  C:09EEH         LINE#         514
  C:09EEH         LINE#         515
  C:09F0H         LINE#         517
  C:09F3H         LINE#         518
  C:09F3H         LINE#         519
  C:09F3H         LINE#         524
  C:09FDH         LINE#         525
  C:09FDH         LINE#         526
  C:09FFH         LINE#         527
  C:0A07H         LINE#         528
  C:0A0FH         LINE#         529
  C:0A17H         LINE#         530
  C:0A1FH         LINE#         532
  C:0A2AH         LINE#         533
  C:0A2AH         LINE#         534
  C:0A2AH         LINE#         535
  C:0A3FH         LINE#         536
  C:0A3FH         LINE#         537
  C:0A41H         LINE#         538
  C:0A41H         LINE#         539
  C:0A57H         LINE#         540
  C:0A57H         LINE#         541
  C:0A59H         LINE#         542
  C:0A59H         LINE#         543
  C:0A5BH         LINE#         544
  C:0A5BH         LINE#         545
  C:0A70H         LINE#         546
  C:0A70H         LINE#         547
  C:0A72H         LINE#         548
  C:0A72H         LINE#         549
  C:0A87H         LINE#         550
  C:0A87H         LINE#         551
  C:0A89H         LINE#         552
  C:0A89H         LINE#         553
  C:0A89H         LINE#         554
  C:0A89H         LINE#         556
  C:0A8CH         LINE#         557
  C:0A8CH         LINE#         558
  C:0A8EH         LINE#         560
  C:0A91H         LINE#         561
  C:0A91H         LINE#         563
  C:0A93H         LINE#         564
  C:0A93H         LINE#         566
  C:0A9BH         LINE#         567
  C:0A9BH         LINE#         568
  C:0AA2H         LINE#         571
  C:0AA7H         LINE#         572
  C:0AA7H         LINE#         573
  C:0AA9H         LINE#         575
  C:0AACH         LINE#         576
  C:0AACH         LINE#         579
  C:0AC3H         LINE#         581
  C:0AC3H         LINE#         582
BL51 BANKED LINKER/LOCATER V6.22                                                      11/02/2010  13:34:33  PAGE 22


  C:0AC5H         LINE#         584
  C:0AC8H         LINE#         585
  C:0AC8H         LINE#         586
  C:0AC8H         LINE#         589
  C:0AD0H         LINE#         590
  C:0AD0H         LINE#         591
  C:0AD4H         LINE#         592
  C:0ADAH         LINE#         593
  C:0AE3H         LINE#         594
  C:0AF0H         LINE#         598
  C:0B06H         LINE#         601
  C:0B16H         LINE#         602
  C:0B16H         LINE#         603
  C:0B18H         LINE#         605
  C:0B1AH         LINE#         606
  C:0B1AH         LINE#         609
  C:0B25H         LINE#         610
  C:0B25H         LINE#         611
  C:0B27H         LINE#         613
  C:0B29H         LINE#         614
  C:0B29H         LINE#         617
  C:0B3DH         LINE#         618
  C:0B3DH         LINE#         619
  C:0B44H         LINE#         621
  C:0B46H         LINE#         622
  C:0B46H         LINE#         623
  C:0B46H         LINE#         625
  C:0B47H         LINE#         626
  -------         ENDPROC       CHECKSTRECKENBEFEHL
  -------         PROC          SENDSTRECKENBEFEHL
  C:2360H         LINE#         628
  C:2360H         LINE#         629
  C:2360H         LINE#         631
  C:2375H         LINE#         634
  C:2375H         LINE#         636
  C:2382H         LINE#         639
  C:2388H         LINE#         640
  C:238CH         LINE#         641
  C:2390H         LINE#         642
  C:2396H         LINE#         643
  C:2396H         LINE#         644
  -------         ENDPROC       SENDSTRECKENBEFEHL
  -------         PROC          COPYSTRECKENBELEGUNG
  -------         DO            
  D:0007H         SYMBOL        z
  -------         ENDDO         
  C:22F0H         LINE#         648
  C:22F0H         LINE#         649
  C:22F0H         LINE#         650
  C:22F2H         LINE#         652
  C:22F3H         LINE#         653
  C:22F3H         LINE#         654
  C:22FEH         LINE#         655
  C:2303H         LINE#         657
  C:2305H         LINE#         658
  C:2305H         LINE#         659
  C:2310H         LINE#         660
BL51 BANKED LINKER/LOCATER V6.22                                                      11/02/2010  13:34:33  PAGE 23


  C:2315H         LINE#         662
  C:2317H         LINE#         663
  C:2317H         LINE#         664
  C:2322H         LINE#         665
  C:2327H         LINE#         666
  -------         ENDPROC       COPYSTRECKENBELEGUNG
  -------         PROC          DEFINESTRECKENTOPOLOGIE
  -------         DO            
  X:039CH         SYMBOL        z
  -------         ENDDO         
  C:12B7H         LINE#         668
  C:12B7H         LINE#         669
  C:12B7H         LINE#         674
  C:12BDH         LINE#         675
  C:12C0H         LINE#         676
  C:12C2H         LINE#         677
  C:12C2H         LINE#         678
  C:12C2H         LINE#         679
  C:12C5H         LINE#         680
  C:12C8H         LINE#         681
  C:12C8H         LINE#         682
  C:12CEH         LINE#         685
  C:12D1H         LINE#         686
  C:12D1H         LINE#         687
  C:12D4H         LINE#         688
  C:12D4H         LINE#         689
  C:12D7H         LINE#         690
  C:12D9H         LINE#         691
  C:12DCH         LINE#         692
  C:12DEH         LINE#         693
  C:12DEH         LINE#         696
  C:12DEH         LINE#         697
  C:12DEH         LINE#         698
  C:12E1H         LINE#         699
  C:12E3H         LINE#         700
  C:12E3H         LINE#         701
  C:12E9H         LINE#         702
  C:12ECH         LINE#         703
  C:12EEH         LINE#         704
  C:12EEH         LINE#         707
  C:12EEH         LINE#         708
  C:12EEH         LINE#         709
  C:12F1H         LINE#         710
  C:12F4H         LINE#         711
  C:12F4H         LINE#         712
  C:12F4H         LINE#         713
  C:12FAH         LINE#         714
  C:12FEH         LINE#         715
  C:1301H         LINE#         718
  C:1302H         LINE#         719
  C:1302H         LINE#         720
  C:1305H         LINE#         721
  C:1308H         LINE#         722
  C:1308H         LINE#         723
  C:1308H         LINE#         724
  C:130BH         LINE#         725
  C:130FH         LINE#         726
BL51 BANKED LINKER/LOCATER V6.22                                                      11/02/2010  13:34:33  PAGE 24


  C:1312H         LINE#         729
  C:1312H         LINE#         730
  C:1315H         LINE#         731
  C:1318H         LINE#         732
  C:131AH         LINE#         733
  C:131AH         LINE#         734
  C:131AH         LINE#         735
  C:131AH         LINE#         736
  C:1320H         LINE#         737
  C:1323H         LINE#         740
  C:1325H         LINE#         741
  C:1329H         LINE#         742
  C:132BH         LINE#         743
  C:132BH         LINE#         744
  C:132EH         LINE#         745
  C:1332H         LINE#         746
  C:1335H         LINE#         747
  C:1337H         LINE#         748
  C:1337H         LINE#         751
  C:1337H         LINE#         752
  C:133AH         LINE#         753
  C:133DH         LINE#         754
  C:133FH         LINE#         755
  C:133FH         LINE#         756
  C:133FH         LINE#         757
  C:133FH         LINE#         758
  C:1345H         LINE#         759
  C:1348H         LINE#         762
  C:134CH         LINE#         763
  C:134EH         LINE#         764
  C:134EH         LINE#         765
  C:134EH         LINE#         766
  C:1351H         LINE#         767
  C:1353H         LINE#         768
  C:1355H         LINE#         769
  C:1359H         LINE#         770
  C:135CH         LINE#         773
  C:136CH         LINE#         774
  C:136CH         LINE#         775
  C:1393H         LINE#         776
  C:139BH         LINE#         777
  -------         ENDPROC       DEFINESTRECKENTOPOLOGIE
  -------         PROC          _ZUGNEBENSENSOR
  D:0007H         SYMBOL        sensorNr
  X:03B9H         SYMBOL        zugNr
  X:03BCH         SYMBOL        richtung
  -------         DO            
  D:0006H         SYMBOL        zug1
  X:03BFH         SYMBOL        zug2
  X:03C0H         SYMBOL        pos1
  X:03C1H         SYMBOL        pos2
  X:03C2H         SYMBOL        pos3
  -------         ENDDO         
  C:0E3AH         LINE#         779
  C:0E40H         LINE#         781
  C:0E40H         LINE#         782
  C:0E45H         LINE#         783
BL51 BANKED LINKER/LOCATER V6.22                                                      11/02/2010  13:34:33  PAGE 25


  C:0E4AH         LINE#         786
  C:0E4AH         LINE#         787
  C:0E4AH         LINE#         788
  C:0E4DH         LINE#         790
  C:0E8FH         LINE#         791
  C:0E8FH         LINE#         792
  C:0E8FH         LINE#         793
  C:0E96H         LINE#         794
  C:0E96H         LINE#         795
  C:0E9DH         LINE#         796
  C:0E9DH         LINE#         797
  C:0EA4H         LINE#         798
  C:0EA4H         LINE#         799
  C:0EABH         LINE#         800
  C:0EABH         LINE#         801
  C:0EBAH         LINE#         802
  C:0EBAH         LINE#         803
  C:0EC1H         LINE#         804
  C:0EC1H         LINE#         805
  C:0ECBH         LINE#         806
  C:0ECBH         LINE#         807
  C:0ED6H         LINE#         808
  C:0ED6H         LINE#         809
  C:0EE3H         LINE#         810
  C:0EE3H         LINE#         811
  C:0EEEH         LINE#         812
  C:0EEEH         LINE#         813
  C:0EF9H         LINE#         814
  C:0EF9H         LINE#         815
  C:0F04H         LINE#         816
  C:0F04H         LINE#         817
  C:0F12H         LINE#         818
  C:0F12H         LINE#         819
  C:0F1BH         LINE#         820
  C:0F1BH         LINE#         821
  C:0F24H         LINE#         822
  C:0F24H         LINE#         825
  C:0F37H         LINE#         826
  C:0F37H         LINE#         827
  C:0F42H         LINE#         828
  C:0F4FH         LINE#         829
  C:0F51H         LINE#         830
  C:0F51H         LINE#         831
  C:0F66H         LINE#         832
  C:0F66H         LINE#         833
  C:0F72H         LINE#         834
  C:0F82H         LINE#         835
  C:0F84H         LINE#         836
  C:0F84H         LINE#         838
  C:0F84H         LINE#         839
  C:0F8DH         LINE#         840
  C:0F96H         LINE#         841
  C:0F97H         LINE#         842
  C:0F97H         LINE#         843
  -------         ENDPROC       _ZUGNEBENSENSOR
  -------         PROC          _SENSORNACHBARN
  D:0007H         SYMBOL        sensorNr
BL51 BANKED LINKER/LOCATER V6.22                                                      11/02/2010  13:34:33  PAGE 26


  X:03B9H         SYMBOL        nextAbs
  X:03BCH         SYMBOL        prevAbs
  X:03BFH         SYMBOL        nSwitch
  X:03C2H         SYMBOL        pSwitch
  -------         DO            
  D:0006H         SYMBOL        z
  -------         ENDDO         
  C:11C8H         LINE#         845
  C:11CEH         LINE#         847
  C:11CEH         LINE#         849
  C:11F3H         LINE#         852
  C:11F5H         LINE#         853
  C:1207H         LINE#         854
  C:1207H         LINE#         855
  C:1212H         LINE#         856
  C:1212H         LINE#         858
  C:1224H         LINE#         859
  C:1224H         LINE#         860
  C:122FH         LINE#         861
  C:122FH         LINE#         862
  C:1234H         LINE#         865
  C:124CH         LINE#         866
  C:124CH         LINE#         867
  C:1253H         LINE#         869
  C:1255H         LINE#         870
  C:1255H         LINE#         873
  C:1261H         LINE#         874
  C:1261H         LINE#         875
  C:1285H         LINE#         876
  C:1285H         LINE#         878
  C:1291H         LINE#         879
  C:1291H         LINE#         880
  C:12B5H         LINE#         881
  C:12B5H         LINE#         883
  C:12B6H         LINE#         884
  -------         ENDPROC       _SENSORNACHBARN
  C:1620H         SYMBOL        L?0292
  -------         PROC          CHECKKRITISCHERZUSTAND
  -------         DO            
  X:03A0H         SYMBOL        z
  B:0020H.3       SYMBOL        kritisch
  -------         DO            
  X:03A1H         SYMBOL        zugPos
  X:03A2H         SYMBOL        geschw
  X:03A3H         SYMBOL        richtung
  X:03A4H         SYMBOL        ziel
  X:03A5H         SYMBOL        weiche
  -------         ENDDO         
  -------         ENDDO         
  C:1551H         LINE#         886
  C:1551H         LINE#         887
  C:1551H         LINE#         889
  C:1553H         LINE#         891
  C:1565H         LINE#         892
  C:1565H         LINE#         893
  C:156FH         LINE#         894
  C:1576H         LINE#         895
BL51 BANKED LINKER/LOCATER V6.22                                                      11/02/2010  13:34:33  PAGE 27


  C:157FH         LINE#         899
  C:1592H         LINE#         902
  C:15A3H         LINE#         903
  C:15A3H         LINE#         904
  C:15A5H         LINE#         906
  C:15A5H         LINE#         907
  C:15A7H         LINE#         908
  C:15A7H         LINE#         911
  C:15C8H         LINE#         912
  C:15C8H         LINE#         914
  C:15CAH         LINE#         916
  C:15CDH         LINE#         917
  C:15CFH         LINE#         918
  C:15CFH         LINE#         921
  C:15E1H         LINE#         922
  C:15E1H         LINE#         923
  C:15E3H         LINE#         925
  C:15E6H         LINE#         926
  C:15E6H         LINE#         927
  C:15EFH         LINE#         930
  C:15FFH         LINE#         931
  C:160AH         LINE#         932
  C:160AH         LINE#         933
  C:1611H         LINE#         935
  C:1613H         LINE#         936
  C:1615H         LINE#         937
  C:1615H         LINE#         938
  C:161DH         LINE#         940
  C:161FH         LINE#         941
  -------         ENDPROC       CHECKKRITISCHERZUSTAND
  -------         PROC          _WEICHERICHTIG
  X:03AEH         SYMBOL        zugPos
  X:03AFH         SYMBOL        richtung
  X:03B0H         SYMBOL        ziel
  X:03B1H         SYMBOL        weiche
  -------         DO            
  X:03B2H         SYMBOL        gleis
  X:03BBH         SYMBOL        zielGleis
  X:03C4H         SYMBOL        wStell
  -------         ENDDO         
  C:1A3EH         LINE#         943
  C:1A49H         LINE#         944
  C:1A49H         LINE#         946
  C:1A52H         LINE#         947
  C:1A5CH         LINE#         948
  C:1A66H         LINE#         951
  C:1A6CH         LINE#         952
  C:1A6CH         LINE#         953
  C:1A6EH         LINE#         954
  C:1A6EH         LINE#         956
  C:1A7DH         LINE#         957
  C:1A7DH         LINE#         958
  C:1A91H         LINE#         959
  C:1A91H         LINE#         960
  C:1A93H         LINE#         961
  C:1A93H         LINE#         962
  C:1AA0H         LINE#         963
BL51 BANKED LINKER/LOCATER V6.22                                                      11/02/2010  13:34:33  PAGE 28


  C:1AA0H         LINE#         964
  C:1AA2H         LINE#         965
  C:1AA2H         LINE#         966
  C:1AA2H         LINE#         967
  C:1AABH         LINE#         968
  C:1AABH         LINE#         969
  C:1ABFH         LINE#         970
  C:1ABFH         LINE#         971
  C:1AC1H         LINE#         972
  C:1AC1H         LINE#         973
  C:1ACEH         LINE#         974
  C:1ACEH         LINE#         975
  C:1AD0H         LINE#         976
  C:1AD0H         LINE#         977
  C:1AD0H         LINE#         979
  C:1AD1H         LINE#         980
  -------         ENDPROC       _WEICHERICHTIG
  -------         PROC          _ZUGFAEHRTAUFWEICHEZU
  X:03A8H         SYMBOL        weicheNr
  -------         DO            
  X:03A9H         SYMBOL        zug
  -------         DO            
  X:03AAH         SYMBOL        ziel
  X:03ABH         SYMBOL        weiche
  X:03ACH         SYMBOL        zugPos
  X:03ADH         SYMBOL        richtung
  -------         ENDDO         
  -------         ENDDO         
  C:1F4DH         LINE#         982
  C:1F52H         LINE#         983
  C:1F52H         LINE#         985
  C:1F5FH         LINE#         986
  C:1F5FH         LINE#         988
  C:1F68H         LINE#         989
  C:1F70H         LINE#         991
  C:1F79H         LINE#         992
  C:1F79H         LINE#         994
  C:1F79H         LINE#         995
  C:1F79H         LINE#         997
  C:1F93H         LINE#         998
  C:1FB2H         LINE#         1000
  C:1FB2H         LINE#         1001
  C:1FB3H         LINE#         1002
  C:1FB3H         LINE#         1003
  C:1FBCH         LINE#         1004
  C:1FBDH         LINE#         1005
  -------         ENDPROC       _ZUGFAEHRTAUFWEICHEZU
  -------         PROC          _ZIELGLEISUNDWEICHE
  D:0007H         SYMBOL        zugPos
  X:03AFH         SYMBOL        richtung
  X:03B0H         SYMBOL        ziel
  X:03B3H         SYMBOL        weiche
  -------         DO            
  X:03B6H         SYMBOL        gleis
  -------         ENDDO         
  C:1628H         LINE#         1007
  C:1631H         LINE#         1009
BL51 BANKED LINKER/LOCATER V6.22                                                      11/02/2010  13:34:33  PAGE 29


  C:1631H         LINE#         1011
  C:1647H         LINE#         1012
  C:1650H         LINE#         1013
  C:1650H         LINE#         1014
  C:1660H         LINE#         1015
  C:1670H         LINE#         1016
  C:1684H         LINE#         1017
  C:1684H         LINE#         1018
  C:168CH         LINE#         1019
  C:168CH         LINE#         1020
  C:168EH         LINE#         1022
  C:1691H         LINE#         1023
  C:1691H         LINE#         1024
  C:16A1H         LINE#         1025
  C:16B1H         LINE#         1026
  C:16C4H         LINE#         1027
  C:16C4H         LINE#         1028
  C:16CCH         LINE#         1029
  C:16CCH         LINE#         1030
  C:16CEH         LINE#         1031
  C:16CEH         LINE#         1032
  C:16D7H         LINE#         1033
  C:16E3H         LINE#         1034
  C:16E3H         LINE#         1035
  -------         ENDPROC       _ZIELGLEISUNDWEICHE
  -------         PROC          _SENDNACHRICHT
  D:0007H         SYMBOL        zustand
  D:0005H         SYMBOL        fehler
  C:24A7H         LINE#         1037
  C:24A7H         LINE#         1038
  C:24A7H         LINE#         1039
  C:24ACH         LINE#         1040
  C:24AFH         LINE#         1041
  C:24B7H         LINE#         1042
  C:24BFH         LINE#         1043
  C:24C7H         LINE#         1044
  C:24CFH         LINE#         1046
  -------         ENDPROC       _SENDNACHRICHT
  -------         ENDMOD        BEFEHLSVALIDIERUNG

  -------         MODULE        BETRIEBSMITTELVERWALTUNG
  C:0000H         SYMBOL        _ICE_DUMMY_
  D:00D0H         PUBLIC        PSW
  D:00D8H         PUBLIC        ADCON0
  D:00A8H         PUBLIC        IEN0
  D:00B8H         PUBLIC        IEN1
  D:00C0H         PUBLIC        IRCON
  D:0090H         PUBLIC        P1
  D:00B0H         PUBLIC        P3
  D:00E8H         PUBLIC        P4
  D:00F8H         PUBLIC        P5
  D:0098H         PUBLIC        SCON
  D:0088H         PUBLIC        TCON
  D:00C8H         PUBLIC        T2CON
  B:00A8H.7       PUBLIC        EAL
  X:03F2H         PUBLIC        LZ_BV_streckenbefehl
  X:03F6H         PUBLIC        BV_LZ_sensordaten
BL51 BANKED LINKER/LOCATER V6.22                                                      11/02/2010  13:34:33  PAGE 30


  X:03F9H         PUBLIC        BV_LZ_bestaetigung
  X:03FAH         PUBLIC        S88_BV_sensordaten
  X:03FDH         PUBLIC        BV_EV_streckenbefehl
  X:0401H         PUBLIC        SSC_EV_streckenbefehl
  X:0405H         PUBLIC        EV_SSC_streckenbefehl
  X:0409H         PUBLIC        EV_RS232_streckenbefehl
  X:040DH         PUBLIC        RS232_EV_streckenbefehl
  C:2405H         PUBLIC        initAll
  C:2132H         PUBLIC        work
  X:0411H         PUBLIC        EV_SSC_failure
  X:0412H         PUBLIC        SSC_EV_failure
  C:0003H         PUBLIC        main
  -------         PROC          MAIN
  C:0003H         LINE#         71
  C:0003H         LINE#         72
  C:0003H         LINE#         73
  C:0005H         LINE#         75
  C:0008H         LINE#         76
  -------         ENDPROC       MAIN
  -------         PROC          INITALL
  C:2405H         LINE#         79
  C:2405H         LINE#         80
  C:2405H         LINE#         82
  C:2408H         LINE#         83
  C:240BH         LINE#         84
  C:240EH         LINE#         85
  C:2411H         LINE#         86
  C:2414H         LINE#         87
  C:2417H         LINE#         88
  C:241AH         LINE#         89
  C:241DH         LINE#         90
  C:2420H         LINE#         91
  C:2423H         LINE#         92
  C:2426H         LINE#         93
  C:2429H         LINE#         94
  C:242CH         LINE#         95
  C:242FH         LINE#         96
  C:2432H         LINE#         97
  C:2435H         LINE#         98
  C:2438H         LINE#         99
  -------         ENDPROC       INITALL
  -------         PROC          WORK
  C:2132H         LINE#         102
  C:2132H         LINE#         103
  C:2132H         LINE#         104
  C:2132H         LINE#         105
  C:2132H         LINE#         106
  C:2135H         LINE#         107
  C:2138H         LINE#         108
  C:213BH         LINE#         109
  C:213EH         LINE#         110
  C:2141H         LINE#         111
  C:2144H         LINE#         112
  C:2147H         LINE#         113
  C:214AH         LINE#         114
  C:214DH         LINE#         115
  C:2150H         LINE#         116
BL51 BANKED LINKER/LOCATER V6.22                                                      11/02/2010  13:34:33  PAGE 31


  C:2153H         LINE#         117
  C:2156H         LINE#         118
  C:2159H         LINE#         119
  C:215CH         LINE#         120
  C:215FH         LINE#         121
  C:2162H         LINE#         122
  C:2165H         LINE#         123
  C:2168H         LINE#         124
  C:216BH         LINE#         125
  C:216EH         LINE#         126
  C:2171H         LINE#         127
  C:2174H         LINE#         128
  C:2177H         LINE#         129
  C:217AH         LINE#         130
  -------         ENDPROC       WORK
  -------         ENDMOD        BETRIEBSMITTELVERWALTUNG

  -------         MODULE        ERGEBNISVALIDIERUNG
  C:0000H         SYMBOL        _ICE_DUMMY_
  C:27C1H         PUBLIC        initEV
  C:1DE9H         PUBLIC        workEV
  D:00D0H         PUBLIC        PSW
  D:00D8H         PUBLIC        ADCON0
  D:00A8H         PUBLIC        IEN0
  D:00B8H         PUBLIC        IEN1
  D:00C0H         PUBLIC        IRCON
  D:0090H         PUBLIC        P1
  D:00B0H         PUBLIC        P3
  D:00E8H         PUBLIC        P4
  D:00F8H         PUBLIC        P5
  D:0098H         PUBLIC        SCON
  D:0088H         PUBLIC        TCON
  D:00C8H         PUBLIC        T2CON
  X:0413H         SYMBOL        oldSSC
  X:0417H         SYMBOL        oldRS232
  X:041BH         SYMBOL        counterSSC
  X:041CH         SYMBOL        counterRS232
  X:041DH         SYMBOL        streckenbefehleUngleich
  X:041EH         SYMBOL        internerStreckenbefehl
  X:0422H         SYMBOL        externerStreckenbefehl
  B:0020H.0       SYMBOL        isBVNew
  B:0020H.1       SYMBOL        isSSCNew
  X:0426H         SYMBOL        EV_nachricht
  C:1CF0H         SYMBOL        _compareTracks
  C:283CH         SYMBOL        _isStreckenbefehlResetted
  C:261EH         SYMBOL        processExternalStreckenbefehl
  C:21C4H         SYMBOL        _streckenbefehleEqual
  C:1D6EH         SYMBOL        processInternalStreckenbefehl
  C:27DBH         SYMBOL        _resetStreckenbefehl
  C:2648H         SYMBOL        _sendNachricht
  C:1478H         SYMBOL        checkForCommunicationErrors
  C:1BEEH         SYMBOL        Com002F
  C:1BEEH         SYMBOL        L?0048
  C:1C03H         SYMBOL        L?0049
  C:1C06H         SYMBOL        L?0050
  C:1C0FH         SYMBOL        L?0051
  C:1C0FH         SYMBOL        L?0052
BL51 BANKED LINKER/LOCATER V6.22                                                      11/02/2010  13:34:33  PAGE 32


  C:1C23H         SYMBOL        L?0053
  C:1C23H         SYMBOL        L?0054
  C:1C27H         SYMBOL        L?0055
  C:1C2BH         SYMBOL        L?0056
  C:1C32H         SYMBOL        L?0057
  C:1C48H         SYMBOL        L?0058
  C:1C4AH         SYMBOL        L?0059
  C:1C52H         SYMBOL        L?0060
  C:1C59H         SYMBOL        L?0061
  C:1C64H         SYMBOL        L?0062
  C:1C64H         SYMBOL        L?0063
  C:1C6AH         SYMBOL        L?0064
  C:1C6AH         SYMBOL        L?0065
  -------         PROC          COM002F
  -------         ENDPROC       COM002F
  -------         PROC          INITEV
  C:27C1H         LINE#         114
  C:27C1H         LINE#         115
  C:27C1H         LINE#         116
  C:27C5H         LINE#         117
  C:27C5H         LINE#         118
  C:27C5H         LINE#         119
  C:27C8H         LINE#         120
  C:27C8H         LINE#         121
  C:27C8H         LINE#         122
  C:27C8H         LINE#         123
  C:27C8H         LINE#         124
  C:27C8H         LINE#         125
  C:27C8H         LINE#         126
  C:27CBH         LINE#         127
  C:27CCH         LINE#         128
  C:27CCH         LINE#         129
  C:27CCH         LINE#         130
  C:27D0H         LINE#         131
  C:27D2H         LINE#         132
  C:27D4H         LINE#         134
  C:27D7H         LINE#         135
  C:27D7H         LINE#         136
  C:27D7H         LINE#         137
  C:27D7H         LINE#         138
  C:27D7H         LINE#         139
  C:27D7H         LINE#         140
  C:27D7H         LINE#         141
  C:27DAH         LINE#         142
  -------         ENDPROC       INITEV
  -------         PROC          _SENDNACHRICHT
  D:0007H         SYMBOL        element
  D:0005H         SYMBOL        art
  D:0003H         SYMBOL        data1
  X:03ABH         SYMBOL        data2
[...]
  C:27F9H         LINE#         58
  C:27FBH         LINE#         59
  C:27FDH         LINE#         60
  C:2804H         LINE#         61
  C:280AH         LINE#         62
  C:280CH         LINE#         63
  -------         ENDPROC       INITS88
  -------         PROC          WORKS88
  C:2825H         LINE#         65
  C:2825H         LINE#         69
  C:2831H         LINE#         70
  C:2831H         LINE#         71
  C:2836H         LINE#         72
  C:2838H         LINE#         73
BL51 BANKED LINKER/LOCATER V6.22                                                      11/02/2010  13:34:33  PAGE 53


  C:283BH         LINE#         74
  C:283BH         LINE#         76
  C:283BH         LINE#         78
  C:283BH         LINE#         79
  -------         ENDPROC       WORKS88
  C:2014H         SYMBOL        L?0032
  -------         PROC          GET_SENSOR_DATA
  C:1FBEH         LINE#         81
  C:1FBEH         LINE#         82
  C:1FC0H         LINE#         83
  C:1FC5H         LINE#         84
  C:1FC7H         LINE#         85
  C:1FC7H         LINE#         86
  C:1FC7H         LINE#         87
  C:1FCAH         LINE#         88
  C:1FCCH         LINE#         89
  C:1FD1H         LINE#         90
  C:1FD3H         LINE#         91
  C:1FD8H         LINE#         92
  C:1FDEH         LINE#         93
  C:1FE0H         LINE#         94
  C:1FE5H         LINE#         95
  C:1FF9H         LINE#         96
  C:1FF9H         LINE#         97
  C:1FFBH         LINE#         98
  C:1FFEH         LINE#         99
  C:1FFEH         LINE#         100
  C:1FFEH         LINE#         101
  C:2001H         LINE#         102
  C:2011H         LINE#         103
  C:2014H         LINE#         104
  -------         ENDPROC       GET_SENSOR_DATA
  -------         PROC          _WRITE_SENSOR_DATA
  D:0004H         SYMBOL        sensor_number
  C:2397H         LINE#         106
  C:239DH         LINE#         107
  C:239DH         LINE#         108
  C:23AFH         LINE#         109
  C:23CDH         LINE#         110
  -------         ENDPROC       _WRITE_SENSOR_DATA
  -------         PROC          VALIDATE_SENSOR_DATA
  C:17A0H         LINE#         112
  C:17A0H         LINE#         113
  C:17A0H         LINE#         116
  C:17B6H         LINE#         117
  C:17B6H         LINE#         119
  C:17CCH         LINE#         120
  C:17CCH         LINE#         121
  C:17D3H         LINE#         122
  C:17D3H         LINE#         124
  C:17E5H         LINE#         125
  C:17E5H         LINE#         127
  C:17FDH         LINE#         129
  C:1808H         LINE#         130
  C:1808H         LINE#         131
  C:1808H         LINE#         132
  C:1808H         LINE#         133
BL51 BANKED LINKER/LOCATER V6.22                                                      11/02/2010  13:34:33  PAGE 54


  C:180AH         LINE#         134
  C:1815H         LINE#         135
  C:1815H         LINE#         137
  C:182DH         LINE#         139
  C:1838H         LINE#         140
  C:1838H         LINE#         142
  C:183BH         LINE#         143
  C:183BH         LINE#         144
  C:183BH         LINE#         145
  C:1846H         LINE#         146
  C:1857H         LINE#         147
  -------         ENDPROC       VALIDATE_SENSOR_DATA
  -------         PROC          _WAIT
  D:0007H         SYMBOL        times
  C:293CH         LINE#         154
  C:293CH         LINE#         155
  C:2942H         LINE#         156
  C:2942H         LINE#         157
  C:2943H         LINE#         158
  C:2944H         LINE#         159
  C:2946H         LINE#         160
  -------         ENDPROC       _WAIT
  -------         ENDMOD        S88TREIBER

  -------         MODULE        SOFTWAREWATCHDOG
  C:0000H         SYMBOL        _ICE_DUMMY_
  C:25F2H         PUBLIC        initSW
  C:2947H         PUBLIC        hello
  D:00D0H         PUBLIC        PSW
  D:00D8H         PUBLIC        ADCON0
  D:00A8H         PUBLIC        IEN0
  D:00B8H         PUBLIC        IEN1
  D:00A9H         PUBLIC        IP0
  D:00B9H         PUBLIC        IP1
  D:00C0H         PUBLIC        IRCON
  D:0090H         PUBLIC        P1
  D:00B0H         PUBLIC        P3
  D:00E8H         PUBLIC        P4
  D:00F8H         PUBLIC        P5
  D:0098H         PUBLIC        SCON
  D:0088H         PUBLIC        TCON
  D:0089H         PUBLIC        TMOD
  D:008AH         PUBLIC        TL0
  D:008CH         PUBLIC        TH0
  D:00C8H         PUBLIC        T2CON
  B:0088H.4       PUBLIC        TR0
  B:00A8H.1       PUBLIC        ET0
  X:0441H         PUBLIC        SW_status_array
  C:253EH         PUBLIC        _helloModul
  C:2973H         PUBLIC        stopSW
  C:217CH         PUBLIC        timer0overflow
  C:2952H         SYMBOL        Com000C
  C:2952H         SYMBOL        L?0013
  -------         PROC          COM000C
  -------         ENDPROC       COM000C
  -------         PROC          INITSW
  -------         DO            
BL51 BANKED LINKER/LOCATER V6.22                                                      11/02/2010  13:34:33  PAGE 55


  D:0006H         SYMBOL        i
  -------         ENDDO         
  C:25F2H         LINE#         77
  C:25F2H         LINE#         78
  C:25F2H         LINE#         80
  C:25F4H         LINE#         81
  C:25F4H         LINE#         83
  C:25FFH         LINE#         84
  C:25FFH         LINE#         86
  C:2601H         LINE#         88
  C:2604H         LINE#         89
  C:2607H         LINE#         92
  C:260AH         LINE#         93
  C:260DH         LINE#         96
  C:2610H         LINE#         97
  C:2613H         LINE#         101
  C:2616H         LINE#         102
  C:2619H         LINE#         104
  C:261BH         LINE#         106
  C:261DH         LINE#         107
  -------         ENDPROC       INITSW
  -------         PROC          HELLO
  C:2947H         LINE#         124
  C:2947H         LINE#         125
  C:2947H         LINE#         126
  C:2949H         LINE#         130
  C:294CH         LINE#         131
  C:294FH         LINE#         133
  C:2951H         LINE#         134
  -------         ENDPROC       HELLO
  -------         PROC          _HELLOMODUL
  X:03A7H         SYMBOL        module_id
  X:03A8H         SYMBOL        status
  C:253EH         LINE#         156
  C:2548H         LINE#         157
  C:2548H         LINE#         160
  C:255BH         LINE#         161
  C:255BH         LINE#         162
  C:255EH         LINE#         163
  C:255EH         LINE#         165
  C:256BH         LINE#         166
  -------         ENDPROC       _HELLOMODUL
  -------         PROC          STOPSW
  C:2973H         LINE#         180
  C:2973H         LINE#         181
  C:2973H         LINE#         182
  C:2975H         LINE#         183
  -------         ENDPROC       STOPSW
  -------         PROC          TIMER0OVERFLOW
  C:217CH         LINE#         198
  C:219EH         LINE#         200
  C:21A1H         LINE#         201
  -------         ENDPROC       TIMER0OVERFLOW
  -------         ENDMOD        SOFTWAREWATCHDOG

  -------         MODULE        SSCTREIBER
  C:0000H         SYMBOL        _ICE_DUMMY_
BL51 BANKED LINKER/LOCATER V6.22                                                      11/02/2010  13:34:33  PAGE 56


  C:2852H         PUBLIC        initSSC
  C:288DH         PUBLIC        workSSC
  D:00D0H         PUBLIC        PSW
  D:00D8H         PUBLIC        ADCON0
  D:00A8H         PUBLIC        IEN0
  D:00B8H         PUBLIC        IEN1
  D:009AH         PUBLIC        IEN2
  D:00A9H         PUBLIC        IP0
  D:00B9H         PUBLIC        IP1
  D:00C0H         PUBLIC        IRCON
  D:0090H         PUBLIC        P1
  D:00B0H         PUBLIC        P3
  D:00E8H         PUBLIC        P4
  D:00F8H         PUBLIC        P5
  D:0098H         PUBLIC        SCON
  D:0093H         PUBLIC        SSCCON
  D:0094H         PUBLIC        STB
  D:0095H         PUBLIC        SRB
  D:00ABH         PUBLIC        SCF
  D:00ACH         PUBLIC        SCIEN
  D:0088H         PUBLIC        TCON
  D:00C8H         PUBLIC        T2CON
  B:00A8H.7       PUBLIC        EAL
  X:0448H         PUBLIC        byteToSend
  X:0449H         PUBLIC        byteToReceive
  X:044AH         PUBLIC        status
  X:044BH         PUBLIC        temp_streckenbefehl
  C:2328H         PUBLIC        streckenbefehlAn_EVsenden
  C:23CEH         PUBLIC        datenLesen
  C:287AH         PUBLIC        kollisionVerarbeiten
  C:26E1H         PUBLIC        byteToSendInkrementieren
  C:2702H         PUBLIC        byteToSendDekrementieren
  C:2723H         PUBLIC        byteToReceiveInkrementieren
  C:2744H         PUBLIC        byteToReceiveDekrementieren
  C:280DH         PUBLIC        checkNeuerStreckenbefehl
  C:27A3H         PUBLIC        befehlAufGueltigkeitPruefen
  C:20DDH         PUBLIC        SSCinterrupt
  C:2203H         PUBLIC        datenSenden
  C:28FEH         SYMBOL        Com003F
  C:28FEH         SYMBOL        L?0064
  C:28FEH         SYMBOL        L?0065
  C:2905H         SYMBOL        L?0066
  C:2905H         SYMBOL        L?0067
  -------         PROC          COM003F
  -------         ENDPROC       COM003F
  -------         PROC          BYTETOSENDINKREMENTIEREN
  C:26E1H         LINE#         48
  C:26E1H         LINE#         49
  C:26E1H         LINE#         50
  C:26EDH         LINE#         51
  C:26EDH         LINE#         52
  C:26EDH         LINE#         53
  C:26F3H         LINE#         54
  C:26F4H         LINE#         56
  C:26F4H         LINE#         57
  C:26FAH         LINE#         58
  C:26FBH         LINE#         60
BL51 BANKED LINKER/LOCATER V6.22                                                      11/02/2010  13:34:33  PAGE 57


  C:26FBH         LINE#         61
  C:2701H         LINE#         62
  C:2701H         LINE#         64
  C:2701H         LINE#         65
  C:2701H         LINE#         66
  -------         ENDPROC       BYTETOSENDINKREMENTIEREN
  -------         PROC          BYTETOSENDDEKREMENTIEREN
  C:2702H         LINE#         77
  C:2702H         LINE#         78
  C:2702H         LINE#         79
  C:270EH         LINE#         80
  C:270EH         LINE#         81
  C:270EH         LINE#         82
  C:2714H         LINE#         83
  C:2715H         LINE#         85
  C:2715H         LINE#         86
  C:271BH         LINE#         87
  C:271CH         LINE#         89
  C:271CH         LINE#         90
  C:2722H         LINE#         91
  C:2722H         LINE#         93
  C:2722H         LINE#         94
  C:2722H         LINE#         95
  -------         ENDPROC       BYTETOSENDDEKREMENTIEREN
  -------         PROC          BYTETORECEIVEINKREMENTIEREN
  C:2723H         LINE#         106
  C:2723H         LINE#         107
  C:2723H         LINE#         108
  C:272FH         LINE#         109
  C:272FH         LINE#         110
  C:272FH         LINE#         111
  C:2735H         LINE#         112
  C:2736H         LINE#         114
  C:2736H         LINE#         115
  C:273CH         LINE#         116
  C:273DH         LINE#         118
  C:273DH         LINE#         119
  C:2743H         LINE#         120
  C:2743H         LINE#         122
  C:2743H         LINE#         123
  C:2743H         LINE#         124
  -------         ENDPROC       BYTETORECEIVEINKREMENTIEREN
  -------         PROC          BYTETORECEIVEDEKREMENTIEREN
  C:2744H         LINE#         135
  C:2744H         LINE#         136
  C:2744H         LINE#         137
  C:2750H         LINE#         138
  C:2750H         LINE#         139
  C:2750H         LINE#         140
  C:2756H         LINE#         141
  C:2757H         LINE#         143
  C:2757H         LINE#         144
  C:275DH         LINE#         145
  C:275EH         LINE#         147
  C:275EH         LINE#         148
  C:2764H         LINE#         149
  C:2764H         LINE#         151
BL51 BANKED LINKER/LOCATER V6.22                                                      11/02/2010  13:34:33  PAGE 58


  C:2764H         LINE#         152
  C:2764H         LINE#         153
  -------         ENDPROC       BYTETORECEIVEDEKREMENTIEREN
  -------         PROC          CHECKNEUERSTRECKENBEFEHL
  -------         DO            
  B:0020H.3       SYMBOL        neuerBefehl
  -------         ENDDO         
  C:280DH         LINE#         165
  C:280DH         LINE#         166
  C:280DH         LINE#         167
  C:280FH         LINE#         169
  C:2820H         LINE#         172
  C:2820H         LINE#         173
  C:2822H         LINE#         174
  C:2822H         LINE#         176
  C:2824H         LINE#         177
  -------         ENDPROC       CHECKNEUERSTRECKENBEFEHL
  -------         PROC          BEFEHLAUFGUELTIGKEITPRUEFEN
  B:0020H.2       SYMBOL        lesen
  C:27A3H         LINE#         191
  C:27A3H         LINE#         192
  C:27A3H         LINE#         194
  C:27A6H         LINE#         195
  C:27A6H         LINE#         196
  C:27B7H         LINE#         199
  C:27B7H         LINE#         201
  C:27BDH         LINE#         202
  C:27BDH         LINE#         204
  C:27C0H         LINE#         205
  C:27C0H         LINE#         215
  -------         ENDPROC       BEFEHLAUFGUELTIGKEITPRUEFEN
  -------         PROC          STRECKENBEFEHLAN_EVSENDEN
  C:2328H         LINE#         224
  C:2328H         LINE#         225
  C:2328H         LINE#         227
  C:2339H         LINE#         230
  C:2339H         LINE#         231
  C:2341H         LINE#         232
  C:2349H         LINE#         233
  C:2351H         LINE#         234
  C:2354H         LINE#         236
  C:2358H         LINE#         237
  C:2359H         LINE#         239
  C:2359H         LINE#         240
  C:235FH         LINE#         241
  C:235FH         LINE#         242
  -------         ENDPROC       STRECKENBEFEHLAN_EVSENDEN
  -------         PROC          SSCINTERRUPT
  C:20DDH         LINE#         250
  C:20FFH         LINE#         255
  C:2104H         LINE#         256
  C:2104H         LINE#         257
  C:2107H         LINE#         258
  C:2107H         LINE#         261
  C:210CH         LINE#         262
  C:210CH         LINE#         263
  C:210FH         LINE#         264
BL51 BANKED LINKER/LOCATER V6.22                                                      11/02/2010  13:34:33  PAGE 59


  C:210FH         LINE#         265
  -------         ENDPROC       SSCINTERRUPT
  -------         PROC          KOLLISIONVERARBEITEN
  C:287AH         LINE#         279
  C:287AH         LINE#         280
  C:287AH         LINE#         281
  C:287DH         LINE#         282
  C:2880H         LINE#         285
  C:2885H         LINE#         286
  C:2885H         LINE#         287
  C:2888H         LINE#         288
  C:2889H         LINE#         290
  C:2889H         LINE#         291
  C:288CH         LINE#         292
  C:288CH         LINE#         293
  -------         ENDPROC       KOLLISIONVERARBEITEN
  -------         PROC          DATENLESEN
  C:23CEH         LINE#         302
  C:23CEH         LINE#         303
  C:23CEH         LINE#         304
  C:23DAH         LINE#         305
  C:23DAH         LINE#         306
  C:23DAH         LINE#         307
  C:23DDH         LINE#         308
  C:23DDH         LINE#         309
  C:23DFH         LINE#         311
  C:23DFH         LINE#         312
  C:23E5H         LINE#         313
  C:23E8H         LINE#         314
  C:23EAH         LINE#         316
  C:23EAH         LINE#         317
  C:23F0H         LINE#         318
  C:23F3H         LINE#         319
  C:23F8H         LINE#         320
  C:23F8H         LINE#         323
  C:23F8H         LINE#         326
  C:23FDH         LINE#         327
  C:23FDH         LINE#         328
  C:2400H         LINE#         329
  C:2401H         LINE#         331
  C:2401H         LINE#         332
  C:2404H         LINE#         333
  C:2404H         LINE#         334
  -------         ENDPROC       DATENLESEN
  -------         PROC          DATENSENDEN
  C:2203H         LINE#         357
  C:2203H         LINE#         358
  C:2203H         LINE#         360
  C:220FH         LINE#         361
  C:220FH         LINE#         363
  C:220FH         LINE#         364
  C:2214H         LINE#         365
  C:2214H         LINE#         367
  C:2217H         LINE#         368
  C:2217H         LINE#         369
  C:2217H         LINE#         370
  C:2219H         LINE#         373
BL51 BANKED LINKER/LOCATER V6.22                                                      11/02/2010  13:34:33  PAGE 60


  C:2219H         LINE#         375
  C:221FH         LINE#         376
  C:2222H         LINE#         377
  C:2222H         LINE#         380
  C:2222H         LINE#         382
  C:2228H         LINE#         383
  C:222BH         LINE#         391
  C:2232H         LINE#         392
  C:2232H         LINE#         393
  C:2238H         LINE#         394
  C:223AH         LINE#         395
  C:223CH         LINE#         396
  C:223FH         LINE#         397
  C:223FH         LINE#         398
  C:223FH         LINE#         400
  C:223FH         LINE#         402
  C:223FH         LINE#         403
  -------         ENDPROC       DATENSENDEN
  -------         PROC          WORKSSC
  C:288DH         LINE#         409
  C:288DH         LINE#         410
  C:288DH         LINE#         411
  C:2897H         LINE#         412
  C:2897H         LINE#         413
  C:2897H         LINE#         414
  C:2897H         LINE#         415
  C:2899H         LINE#         417
  C:2899H         LINE#         418
  C:289CH         LINE#         419
  C:289CH         LINE#         421
  C:289FH         LINE#         423
  C:289FH         LINE#         424
  C:289FH         LINE#         428
  -------         ENDPROC       WORKSSC
  -------         PROC          INITSSC
  C:2852H         LINE#         434
  C:2852H         LINE#         435
  C:2852H         LINE#         447
  C:2855H         LINE#         450
  C:2857H         LINE#         452
  C:285AH         LINE#         454
  C:285DH         LINE#         456
  C:2860H         LINE#         460
  C:2863H         LINE#         463
  C:2866H         LINE#         464
  -------         ENDPROC       INITSSC
  -------         ENDMOD        SSCTREIBER

  -------         MODULE        ?C?COPY
  C:0898H         PUBLIC        ?C?COPY
  -------         ENDMOD        ?C?COPY

  -------         MODULE        ?C?CLDPTR
  C:08BEH         PUBLIC        ?C?CLDPTR
  -------         ENDMOD        ?C?CLDPTR

  -------         MODULE        ?C?CLDOPTR
BL51 BANKED LINKER/LOCATER V6.22                                                      11/02/2010  13:34:33  PAGE 61


  C:08D7H         PUBLIC        ?C?CLDOPTR
  -------         ENDMOD        ?C?CLDOPTR

  -------         MODULE        ?C?CSTPTR
  C:0904H         PUBLIC        ?C?CSTPTR
  -------         ENDMOD        ?C?CSTPTR

  -------         MODULE        ?C?CSTOPTR
  C:0916H         PUBLIC        ?C?CSTOPTR
  -------         ENDMOD        ?C?CSTOPTR

  -------         MODULE        ?C?IMUL
  C:0938H         PUBLIC        ?C?IMUL
  -------         ENDMOD        ?C?IMUL

  -------         MODULE        ?C?UIDIV
  C:094AH         PUBLIC        ?C?UIDIV
  -------         ENDMOD        ?C?UIDIV

Program Size: data=9.4 xdata=1102 code=10614
LINK/LOCATE RUN COMPLETE.  0 WARNING(S),  0 ERROR(S)
