BL51 BANKED LINKER/LOCATER V6.22                                                        03/23/2010  15:49:15  PAGE 1


BL51 BANKED LINKER/LOCATER V6.22, INVOKED BY:
C:\KEIL\C51\BIN\BL51.EXE .\AuditingSystem.obj, .\Befehlsvalidierung.obj, .\Betriebsmittelverwaltung.obj, .\Ergebnisvalid
>> ierung.obj, .\Fahrprogramm.obj, .\Leitzentrale.obj, .\Notaus.obj, .\RS232Treiber.obj, .\S88Treiber.obj, .\SoftwareWat
>> chdog.obj, .\SSCTreiber.obj TO save_train_control RAMSIZE (256)


MEMORY MODEL: LARGE


INPUT MODULES INCLUDED:
  .\AuditingSystem.obj (AUDITINGSYSTEM)
  .\Befehlsvalidierung.obj (BEFEHLSVALIDIERUNG)
  .\Betriebsmittelverwaltung.obj (BETRIEBSMITTELVERWALTUNG)
  .\Ergebnisvalidierung.obj (ERGEBNISVALIDIERUNG)
  .\Fahrprogramm.obj (FAHRPROGRAMM)
  .\Leitzentrale.obj (LEITZENTRALE)
  .\Notaus.obj (NOTAUS)
  .\RS232Treiber.obj (RS232TREIBER)
  .\S88Treiber.obj (S88TREIBER)
  .\SoftwareWatchdog.obj (SOFTWAREWATCHDOG)
  .\SSCTreiber.obj (SSCTREIBER)
  C:\KEIL\C51\LIB\C51L.LIB (?C_STARTUP)
  C:\KEIL\C51\LIB\C51L.LIB (?C?COPY)
  C:\KEIL\C51\LIB\C51L.LIB (?C?CLDPTR)
  C:\KEIL\C51\LIB\C51L.LIB (?C?CLDOPTR)
  C:\KEIL\C51\LIB\C51L.LIB (?C?CSTPTR)
  C:\KEIL\C51\LIB\C51L.LIB (?C?CSTOPTR)
  C:\KEIL\C51\LIB\C51L.LIB (?C?IMUL)
  C:\KEIL\C51\LIB\C51L.LIB (?C?UIDIV)
  C:\KEIL\C51\LIB\C51L.LIB (?C_INIT)


LINK MAP OF MODULE:  save_train_control (AUDITINGSYSTEM)


            TYPE    BASE      LENGTH    RELOCATION   SEGMENT NAME
            -----------------------------------------------------

            * * * * * * *   D A T A   M E M O R Y   * * * * * * *
            REG     0000H     0008H     ABSOLUTE     "REG BANK 0"
                    0008H     0018H                  *** GAP ***
            BIT     0020H.0   0000H.2   UNIT         ?BI?ERGEBNISVALIDIERUNG
            BIT     0020H.2   0000H.2   UNIT         _BIT_GROUP_
                    0020H.4   0000H.4                *** GAP ***
            IDATA   0021H     0001H     UNIT         ?STACK

            * * * * * * *  X D A T A   M E M O R Y  * * * * * * *
            XDATA   0000H     0194H     UNIT         ?XD?FAHRPROGRAMM
            XDATA   0194H     00E5H     UNIT         ?XD?BEFEHLSVALIDIERUNG
            XDATA   0279H     00DDH     UNIT         ?XD?AUDITINGSYSTEM
            XDATA   0356H     0046H     UNIT         ?XD?S88TREIBER
            XDATA   039CH     002DH     UNIT         _XDATA_GROUP_
            XDATA   03C9H     0029H     UNIT         ?XD?LEITZENTRALE
            XDATA   03F2H     0021H     UNIT         ?XD?BETRIEBSMITTELVERWALTUNG
            XDATA   0413H     0019H     UNIT         ?XD?ERGEBNISVALIDIERUNG
            XDATA   042CH     0015H     UNIT         ?XD?RS232TREIBER
            XDATA   0441H     0007H     UNIT         ?XD?SOFTWAREWATCHDOG
            XDATA   0448H     0006H     UNIT         ?XD?SSCTREIBER
BL51 BANKED LINKER/LOCATER V6.22                                                      03/23/2010  15:49:15  PAGE 2



            * * * * * * *   C O D E   M E M O R Y   * * * * * * *
            CODE    0000H     0003H     ABSOLUTE     
            CODE    0003H     0003H     UNIT         ?PR?INITNOTAUS?NOTAUS
            CODE    0006H     0003H     UNIT         ?PR?STOPSW?SOFTWAREWATCHDOG
            CODE    0009H     0001H     UNIT         ?PR?INITFP?FAHRPROGRAMM
                    000AH     0001H                  *** GAP ***
            CODE    000BH     0003H     ABSOLUTE     
            CODE    000EH     0015H     UNIT         ?PR?CHECKANZAHLWAGONS?LEITZENTRALE
            CODE    0023H     0003H     ABSOLUTE     
            CODE    0026H     006CH     UNIT         ?PR?KONVERTWEICHE?RS232TREIBER
                    0092H     0001H                  *** GAP ***
            CODE    0093H     0003H     ABSOLUTE     
            CODE    0096H     02F8H     UNIT         ?C_INITSEG
            CODE    038EH     0248H     UNIT         ?PR?WORKLZ?LEITZENTRALE
            CODE    05D6H     01E4H     UNIT         ?PR?CHECKSENSORDATEN?BEFEHLSVALIDIERUNG
            CODE    07BAH     01D7H     UNIT         ?C?LIB_CODE
            CODE    0991H     01A9H     UNIT         ?PR?CHECKSTRECKENBEFEHL?BEFEHLSVALIDIERUNG
            CODE    0B3AH     018DH     UNIT         ?PR?CHECKSTRECKENTOPOLOGIE?BEFEHLSVALIDIERUNG
            CODE    0CC7H     0165H     UNIT         ?PR?BEFEHLSVALIDIERUNG
            CODE    0E2CH     015EH     UNIT         ?PR?_ZUGNEBENSENSOR?BEFEHLSVALIDIERUNG
            CODE    0F8AH     011BH     UNIT         ?PR?WORKRS232?RS232TREIBER
            CODE    10A5H     0115H     UNIT         ?PR?LEITZENTRALE
            CODE    11BAH     00EFH     UNIT         ?PR?_SENSORNACHBARN?BEFEHLSVALIDIERUNG
            CODE    12A9H     00E5H     UNIT         ?PR?DEFINESTRECKENTOPOLOGIE?BEFEHLSVALIDIERUNG
            CODE    138EH     00DCH     UNIT         ?PR?WORKBV?BEFEHLSVALIDIERUNG
            CODE    146AH     00D9H     UNIT         ?PR?CHECKFORCOMMUNICATIONERRORS?ERGEBNISVALIDIERUNG
            CODE    1543H     00D7H     UNIT         ?PR?CHECKKRITISCHERZUSTAND?BEFEHLSVALIDIERUNG
            CODE    161AH     00BCH     UNIT         ?PR?_ZIELGLEISUNDWEICHE?BEFEHLSVALIDIERUNG
            CODE    16D6H     00BCH     UNIT         ?PR?_GET_COMMAND?FAHRPROGRAMM
            CODE    1792H     00B8H     UNIT         ?PR?VALIDATE_SENSOR_DATA?S88TREIBER
            CODE    184AH     00B5H     UNIT         ?PR?INITLZ?LEITZENTRALE
            CODE    18FFH     009BH     UNIT         ?PR?GETFAHRANWEISUNG?LEITZENTRALE
            CODE    199AH     0096H     UNIT         ?PR?WORKAS?AUDITINGSYSTEM
            CODE    1A30H     0094H     UNIT         ?PR?_WEICHERICHTIG?BEFEHLSVALIDIERUNG
            CODE    1AC4H     0090H     UNIT         ?PR?_GETWEICHENSTELLUNG?LEITZENTRALE
            CODE    1B54H     008CH     UNIT         ?C_C51STARTUP
            CODE    1BE0H     0082H     UNIT         ?PR?MAIN?BETRIEBSMITTELVERWALTUNG
            CODE    1C62H     0082H     UNIT         ?PR?ERGEBNISVALIDIERUNG
            CODE    1CE4H     0080H     UNIT         ?PR?_SENDMSG?AUDITINGSYSTEM
            CODE    1D64H     007EH     UNIT         ?PR?_COMPARETRACKS?ERGEBNISVALIDIERUNG
            CODE    1DE2H     007BH     UNIT         ?PR?PROCESSINTERNALSTRECKENBEFEHL?ERGEBNISVALIDIERUNG
            CODE    1E5DH     0079H     UNIT         ?PR?WORKEV?ERGEBNISVALIDIERUNG
            CODE    1ED6H     0079H     UNIT         ?PR?_CHECKBEFAHRBARKEIT?LEITZENTRALE
            CODE    1F4FH     0072H     UNIT         ?PR?KONVERTLOK?RS232TREIBER
            CODE    1FC1H     0071H     UNIT         ?PR?_ZUGFAEHRTAUFWEICHEZU?BEFEHLSVALIDIERUNG
            CODE    2032H     0063H     UNIT         ?PR?GET_SENSOR_DATA?S88TREIBER
            CODE    2095H     0061H     UNIT         ?PR?_SETZUSTANDFUERFAHRANWEISUNG?LEITZENTRALE
            CODE    20F6H     005BH     UNIT         ?PR?_SENDNACHRICHT?LEITZENTRALE
            CODE    2151H     0055H     UNIT         ?PR?SSCINTERRUPT?SSCTREIBER
            CODE    21A6H     0048H     UNIT         ?PR?TIMER0OVERFLOW?SOFTWAREWATCHDOG
            CODE    21EEH     003FH     UNIT         ?PR?_STRECKENBEFEHLEEQUAL?ERGEBNISVALIDIERUNG
            CODE    222DH     003DH     UNIT         ?PR?DATENSENDEN?SSCTREIBER
            CODE    226AH     003BH     UNIT         ?PR?_I2CSENDBYTE?AUDITINGSYSTEM
            CODE    22A5H     003BH     UNIT         ?PR?AUDITINGSYSTEM
            CODE    22E0H     003AH     UNIT         ?PR?RS232TREIBER
            CODE    231AH     0038H     UNIT         ?PR?COPYSTRECKENBELEGUNG?BEFEHLSVALIDIERUNG
BL51 BANKED LINKER/LOCATER V6.22                                                      03/23/2010  15:49:15  PAGE 3


            CODE    2352H     0038H     UNIT         ?PR?STRECKENBEFEHLAN_EVSENDEN?SSCTREIBER
            CODE    238AH     0037H     UNIT         ?PR?SENDSTRECKENBEFEHL?BEFEHLSVALIDIERUNG
            CODE    23C1H     0037H     UNIT         ?PR?_WRITE_SENSOR_DATA?S88TREIBER
            CODE    23F8H     0037H     UNIT         ?PR?DATENLESEN?SSCTREIBER
            CODE    242FH     0036H     UNIT         ?PR?_GETNEXTWEICHE?LEITZENTRALE
            CODE    2465H     0036H     UNIT         ?PR?KONVERTENTKOPPLER?RS232TREIBER
            CODE    249BH     0033H     UNIT         ?PR?_SENDNACHRICHT?BEFEHLSVALIDIERUNG
            CODE    24CEH     0032H     UNIT         ?PR?SENDSENSORDATEN?BEFEHLSVALIDIERUNG
            CODE    2500H     0032H     UNIT         ?PR?S88TREIBER
            CODE    2532H     002EH     UNIT         ?PR?_HELLOMODUL?SOFTWAREWATCHDOG
            CODE    2560H     002DH     UNIT         ?PR?_GETRICHTUNG?LEITZENTRALE
            CODE    258DH     002DH     UNIT         ?PR?DATARECEIVEDINTERRUPT?RS232TREIBER
            CODE    25BAH     002CH     UNIT         ?PR?_I2CSCLHIGH?AUDITINGSYSTEM
            CODE    25E6H     002CH     UNIT         ?PR?INITSW?SOFTWAREWATCHDOG
            CODE    2612H     002AH     UNIT         ?PR?PROCESSEXTERNALSTRECKENBEFEHL?ERGEBNISVALIDIERUNG
            CODE    263CH     0029H     UNIT         ?PR?_SENDNACHRICHT?ERGEBNISVALIDIERUNG
            CODE    2665H     0028H     UNIT         ?PR?CHECKZEIT?LEITZENTRALE
            CODE    268DH     0025H     UNIT         ?PR?_CHECKBELEGT?LEITZENTRALE
            CODE    26B2H     0023H     UNIT         ?PR?GETSENSORDATEN?LEITZENTRALE
            CODE    26D5H     0021H     UNIT         ?PR?BYTETOSENDINKREMENTIEREN?SSCTREIBER
            CODE    26F6H     0021H     UNIT         ?PR?BYTETOSENDDEKREMENTIEREN?SSCTREIBER
            CODE    2717H     0021H     UNIT         ?PR?BYTETORECEIVEINKREMENTIEREN?SSCTREIBER
            CODE    2738H     0021H     UNIT         ?PR?BYTETORECEIVEDEKREMENTIEREN?SSCTREIBER
            CODE    2759H     0020H     UNIT         ?PR?INITRS232?RS232TREIBER
            CODE    2779H     001EH     UNIT         ?PR?FAHRPROGRAMM
            CODE    2797H     001EH     UNIT         ?PR?BEFEHLAUFGUELTIGKEITPRUEFEN?SSCTREIBER
            CODE    27B5H     001AH     UNIT         ?PR?INITEV?ERGEBNISVALIDIERUNG
            CODE    27CFH     001AH     UNIT         ?PR?_RESETSTRECKENBEFEHL?ERGEBNISVALIDIERUNG
            CODE    27E9H     0018H     UNIT         ?PR?INITS88?S88TREIBER
            CODE    2801H     0017H     UNIT         ?PR?WORKS88?S88TREIBER
            CODE    2818H     0016H     UNIT         ?PR?_ISSTRECKENBEFEHLRESETTED?ERGEBNISVALIDIERUNG
            CODE    282EH     0015H     UNIT         ?PR?CHECKNEUERSTRECKENBEFEHL?SSCTREIBER
            CODE    2843H     0015H     UNIT         ?PR?INITSSC?SSCTREIBER
            CODE    2858H     0013H     UNIT         ?PR?SETSTRECKENBEFEHL?LEITZENTRALE
            CODE    286BH     0013H     UNIT         ?PR?KOLLISIONVERARBEITEN?SSCTREIBER
            CODE    287EH     0013H     UNIT         ?PR?WORKSSC?SSCTREIBER
            CODE    2891H     0012H     UNIT         ?PR?_SETGLEISABSCHNITTGESPERRT?LEITZENTRALE
            CODE    28A3H     0010H     UNIT         ?PR?I2CSENDSTOP?AUDITINGSYSTEM
            CODE    28B3H     0010H     UNIT         ?PR?INITBV?BEFEHLSVALIDIERUNG
            CODE    28C3H     000FH     UNIT         ?PR?_I2CSENDADDR?AUDITINGSYSTEM
            CODE    28D2H     000FH     UNIT         ?PR?_CHECKZIELPOSITIONERREICHT?LEITZENTRALE
            CODE    28E1H     000EH     UNIT         ?PR?WARTEN?AUDITINGSYSTEM
            CODE    28EFH     000EH     UNIT         ?PR?SSCTREIBER
            CODE    28FDH     000CH     UNIT         ?PR?INITAS?AUDITINGSYSTEM
            CODE    2909H     000CH     UNIT         ?PR?REPORTALLMSG?AUDITINGSYSTEM
            CODE    2915H     000CH     UNIT         ?PR?_CHECKGESPERRT?LEITZENTRALE
            CODE    2921H     000BH     UNIT         ?PR?_WAIT?S88TREIBER
            CODE    292CH     000BH     UNIT         ?PR?HELLO?SOFTWAREWATCHDOG
            CODE    2937H     000BH     UNIT         ?PR?SOFTWAREWATCHDOG
            CODE    2942H     000AH     UNIT         ?CO?LEITZENTRALE
            CODE    294CH     000AH     UNIT         ?PR?EMERGENCY_OFF?NOTAUS
            CODE    2956H     0009H     UNIT         ?PR?_I2CBITDLY?AUDITINGSYSTEM



OVERLAY MAP OF MODULE:   save_train_control (AUDITINGSYSTEM)

BL51 BANKED LINKER/LOCATER V6.22                                                      03/23/2010  15:49:15  PAGE 4



SEGMENT                                             BIT_GROUP          XDATA_GROUP
  +--> CALLED SEGMENT                            START    LENGTH     START    LENGTH
------------------------------------------------------------------------------------
?PR?TIMER0OVERFLOW?SOFTWAREWATCHDOG              -----    -----      -----    -----
  +--> ?PR?EMERGENCY_OFF?NOTAUS

?PR?EMERGENCY_OFF?NOTAUS                         -----    -----      -----    -----
  +--> ?PR?STOPSW?SOFTWAREWATCHDOG
  +--> ?PR?REPORTALLMSG?AUDITINGSYSTEM

?PR?REPORTALLMSG?AUDITINGSYSTEM                  -----    -----      -----    -----
  +--> ?PR?WORKAS?AUDITINGSYSTEM

?PR?WORKAS?AUDITINGSYSTEM                        -----    -----      -----    -----
  +--> ?PR?WARTEN?AUDITINGSYSTEM
  +--> ?PR?_I2CSENDADDR?AUDITINGSYSTEM
  +--> ?PR?AUDITINGSYSTEM
  +--> ?PR?_I2CSENDBYTE?AUDITINGSYSTEM
  +--> ?PR?I2CSENDSTOP?AUDITINGSYSTEM

?PR?_I2CSENDADDR?AUDITINGSYSTEM                  -----    -----      -----    -----
  +--> ?PR?_I2CBITDLY?AUDITINGSYSTEM
  +--> ?PR?AUDITINGSYSTEM
  +--> ?PR?_I2CSENDBYTE?AUDITINGSYSTEM

?PR?AUDITINGSYSTEM                               -----    -----      -----    -----
  +--> ?PR?_I2CBITDLY?AUDITINGSYSTEM

?PR?_I2CSENDBYTE?AUDITINGSYSTEM                  -----    -----      -----    -----
  +--> ?PR?_I2CSCLHIGH?AUDITINGSYSTEM
  +--> ?PR?AUDITINGSYSTEM
  +--> ?PR?_I2CBITDLY?AUDITINGSYSTEM

?PR?I2CSENDSTOP?AUDITINGSYSTEM                   -----    -----      -----    -----
  +--> ?PR?_I2CBITDLY?AUDITINGSYSTEM
  +--> ?PR?_I2CSCLHIGH?AUDITINGSYSTEM

*** NEW ROOT ***************************************************

?PR?SSCINTERRUPT?SSCTREIBER                      -----    -----      -----    -----
  +--> ?PR?DATENLESEN?SSCTREIBER
  +--> ?PR?KOLLISIONVERARBEITEN?SSCTREIBER

?PR?DATENLESEN?SSCTREIBER                        -----    -----      -----    -----
  +--> ?PR?SSCTREIBER
  +--> ?PR?BYTETORECEIVEINKREMENTIEREN?SSCTR...
  +--> ?PR?BEFEHLAUFGUELTIGKEITPRUEFEN?SSCTR...

?PR?BYTETORECEIVEINKREMENTIEREN?SSCTR...         -----    -----      -----    -----
  +--> ?PR?SSCTREIBER

?PR?BEFEHLAUFGUELTIGKEITPRUEFEN?SSCTR...         0020H.2  0000H.1    -----    -----
  +--> ?PR?STRECKENBEFEHLAN_EVSENDEN?SSCTREIBER

?PR?KOLLISIONVERARBEITEN?SSCTREIBER              -----    -----      -----    -----
  +--> ?PR?BYTETOSENDDEKREMENTIEREN?SSCTREIBER
BL51 BANKED LINKER/LOCATER V6.22                                                      03/23/2010  15:49:15  PAGE 5


  +--> ?PR?BYTETORECEIVEDEKREMENTIEREN?SSCTR...

?PR?BYTETOSENDDEKREMENTIEREN?SSCTREIBER          -----    -----      -----    -----
  +--> ?PR?SSCTREIBER

?PR?BYTETORECEIVEDEKREMENTIEREN?SSCTR...         -----    -----      -----    -----
  +--> ?PR?SSCTREIBER

*** NEW ROOT ***************************************************

?C_C51STARTUP                                    -----    -----      -----    -----
  +--> ?PR?MAIN?BETRIEBSMITTELVERWALTUNG
  +--> ?C_INITSEG

?PR?MAIN?BETRIEBSMITTELVERWALTUNG                -----    -----      -----    -----
  +--> ?PR?INITNOTAUS?NOTAUS
  +--> ?PR?INITSW?SOFTWAREWATCHDOG
  +--> ?PR?INITAS?AUDITINGSYSTEM
  +--> ?PR?HELLO?SOFTWAREWATCHDOG
  +--> ?PR?INITRS232?RS232TREIBER
  +--> ?PR?INITS88?S88TREIBER
  +--> ?PR?INITSSC?SSCTREIBER
  +--> ?PR?INITEV?ERGEBNISVALIDIERUNG
  +--> ?PR?INITBV?BEFEHLSVALIDIERUNG
  +--> ?PR?INITLZ?LEITZENTRALE
  +--> ?PR?INITFP?FAHRPROGRAMM
  +--> ?PR?WORKLZ?LEITZENTRALE
  +--> ?PR?WORKRS232?RS232TREIBER
  +--> ?PR?WORKS88?S88TREIBER
  +--> ?PR?WORKSSC?SSCTREIBER
  +--> ?PR?WORKBV?BEFEHLSVALIDIERUNG
  +--> ?PR?WORKAS?AUDITINGSYSTEM
  +--> ?PR?WORKEV?ERGEBNISVALIDIERUNG

?PR?INITEV?ERGEBNISVALIDIERUNG                   -----    -----      -----    -----
  +--> ?PR?ERGEBNISVALIDIERUNG

?PR?INITBV?BEFEHLSVALIDIERUNG                    -----    -----      -----    -----
  +--> ?PR?DEFINESTRECKENTOPOLOGIE?BEFEHLSVA...
  +--> ?PR?COPYSTRECKENBELEGUNG?BEFEHLSVALID...

?PR?DEFINESTRECKENTOPOLOGIE?BEFEHLSVA...         -----    -----      039CH    0001H
  +--> ?PR?BEFEHLSVALIDIERUNG

?PR?COPYSTRECKENBELEGUNG?BEFEHLSVALID...         -----    -----      -----    -----
  +--> ?PR?BEFEHLSVALIDIERUNG

?PR?INITLZ?LEITZENTRALE                          -----    -----      039CH    0002H
  +--> ?PR?LEITZENTRALE

?PR?LEITZENTRALE                                 -----    -----      -----    -----
  +--> ?PR?_GETRICHTUNG?LEITZENTRALE

?PR?WORKLZ?LEITZENTRALE                          -----    -----      039CH    000BH
  +--> ?CO?LEITZENTRALE
  +--> ?PR?LEITZENTRALE
  +--> ?PR?GETSENSORDATEN?LEITZENTRALE
BL51 BANKED LINKER/LOCATER V6.22                                                      03/23/2010  15:49:15  PAGE 6


  +--> ?PR?GETFAHRANWEISUNG?LEITZENTRALE
  +--> ?PR?_CHECKBEFAHRBARKEIT?LEITZENTRALE
  +--> ?PR?_SENDNACHRICHT?LEITZENTRALE
  +--> ?PR?_GETRICHTUNG?LEITZENTRALE
  +--> ?PR?SETSTRECKENBEFEHL?LEITZENTRALE
  +--> ?PR?_CHECKZIELPOSITIONERREICHT?LEITZE...
  +--> ?PR?CHECKANZAHLWAGONS?LEITZENTRALE
  +--> ?PR?_SETGLEISABSCHNITTGESPERRT?LEITZE...
  +--> ?PR?CHECKZEIT?LEITZENTRALE
  +--> ?PR?_SETZUSTANDFUERFAHRANWEISUNG?LEIT...
  +--> ?PR?_HELLOMODUL?SOFTWAREWATCHDOG

?PR?GETSENSORDATEN?LEITZENTRALE                  -----    -----      03A7H    0003H
  +--> ?CO?LEITZENTRALE
  +--> ?PR?LEITZENTRALE

?PR?GETFAHRANWEISUNG?LEITZENTRALE                -----    -----      03A7H    0002H
  +--> ?PR?LEITZENTRALE
  +--> ?PR?_GET_COMMAND?FAHRPROGRAMM

?PR?_GET_COMMAND?FAHRPROGRAMM                    -----    -----      03A9H    0002H
  +--> ?PR?FAHRPROGRAMM

?PR?_CHECKBEFAHRBARKEIT?LEITZENTRALE             -----    -----      03A7H    0006H
  +--> ?PR?_CHECKBELEGT?LEITZENTRALE
  +--> ?PR?_CHECKGESPERRT?LEITZENTRALE
  +--> ?PR?_SETGLEISABSCHNITTGESPERRT?LEITZE...
  +--> ?PR?LEITZENTRALE
  +--> ?PR?_GETNEXTWEICHE?LEITZENTRALE
  +--> ?PR?_GETWEICHENSTELLUNG?LEITZENTRALE
  +--> ?PR?SETSTRECKENBEFEHL?LEITZENTRALE

?PR?_CHECKBELEGT?LEITZENTRALE                    -----    -----      -----    -----
  +--> ?PR?_GETNEXTWEICHE?LEITZENTRALE

?PR?_GETNEXTWEICHE?LEITZENTRALE                  -----    -----      03ADH    0002H
  +--> ?PR?_GETRICHTUNG?LEITZENTRALE

?PR?_CHECKGESPERRT?LEITZENTRALE                  -----    -----      -----    -----
  +--> ?PR?LEITZENTRALE

?PR?_SETGLEISABSCHNITTGESPERRT?LEITZE...         0020H.3  0000H.1    -----    -----
  +--> ?PR?LEITZENTRALE

?PR?_GETWEICHENSTELLUNG?LEITZENTRALE             -----    -----      -----    -----
  +--> ?PR?LEITZENTRALE
  +--> ?PR?_SENDNACHRICHT?LEITZENTRALE

?PR?_SENDNACHRICHT?LEITZENTRALE                  -----    -----      03ADH    0006H
  +--> ?PR?LEITZENTRALE
  +--> ?PR?_SENDMSG?AUDITINGSYSTEM

?PR?_SENDMSG?AUDITINGSYSTEM                      -----    -----      03C5H    0004H
  +--> ?PR?AUDITINGSYSTEM

?PR?SETSTRECKENBEFEHL?LEITZENTRALE               -----    -----      03ADH    0004H

BL51 BANKED LINKER/LOCATER V6.22                                                      03/23/2010  15:49:15  PAGE 7


?PR?_CHECKZIELPOSITIONERREICHT?LEITZE...         -----    -----      -----    -----
  +--> ?PR?LEITZENTRALE
  +--> ?PR?_SENDNACHRICHT?LEITZENTRALE

?PR?CHECKANZAHLWAGONS?LEITZENTRALE               -----    -----      -----    -----
  +--> ?PR?LEITZENTRALE

?PR?_SETZUSTANDFUERFAHRANWEISUNG?LEIT...         -----    -----      03A7H    0005H
  +--> ?PR?LEITZENTRALE
  +--> ?PR?SETSTRECKENBEFEHL?LEITZENTRALE
  +--> ?PR?_SENDNACHRICHT?LEITZENTRALE

?PR?_HELLOMODUL?SOFTWAREWATCHDOG                 -----    -----      03A7H    0002H
  +--> ?PR?SOFTWAREWATCHDOG
  +--> ?PR?EMERGENCY_OFF?NOTAUS

?PR?WORKRS232?RS232TREIBER                       -----    -----      039CH    0001H
  +--> ?PR?KONVERTLOK?RS232TREIBER
  +--> ?PR?KONVERTWEICHE?RS232TREIBER
  +--> ?PR?KONVERTENTKOPPLER?RS232TREIBER

?PR?KONVERTLOK?RS232TREIBER                      -----    -----      -----    -----
  +--> ?PR?RS232TREIBER

?PR?KONVERTWEICHE?RS232TREIBER                   -----    -----      -----    -----
  +--> ?PR?RS232TREIBER

?PR?KONVERTENTKOPPLER?RS232TREIBER               -----    -----      -----    -----
  +--> ?PR?RS232TREIBER

?PR?WORKS88?S88TREIBER                           -----    -----      -----    -----
  +--> ?PR?GET_SENSOR_DATA?S88TREIBER

?PR?GET_SENSOR_DATA?S88TREIBER                   -----    -----      -----    -----
  +--> ?PR?_WAIT?S88TREIBER
  +--> ?PR?_WRITE_SENSOR_DATA?S88TREIBER
  +--> ?PR?S88TREIBER
  +--> ?PR?VALIDATE_SENSOR_DATA?S88TREIBER

?PR?_WRITE_SENSOR_DATA?S88TREIBER                -----    -----      -----    -----
  +--> ?PR?S88TREIBER

?PR?VALIDATE_SENSOR_DATA?S88TREIBER              -----    -----      -----    -----
  +--> ?PR?S88TREIBER

?PR?WORKSSC?SSCTREIBER                           -----    -----      -----    -----
  +--> ?PR?STRECKENBEFEHLAN_EVSENDEN?SSCTREIBER
  +--> ?PR?DATENSENDEN?SSCTREIBER

?PR?DATENSENDEN?SSCTREIBER                       -----    -----      -----    -----
  +--> ?PR?SSCTREIBER
  +--> ?PR?CHECKNEUERSTRECKENBEFEHL?SSCTREIBER
  +--> ?PR?BYTETOSENDINKREMENTIEREN?SSCTREIBER

?PR?BYTETOSENDINKREMENTIEREN?SSCTREIBER          -----    -----      -----    -----
  +--> ?PR?SSCTREIBER

BL51 BANKED LINKER/LOCATER V6.22                                                      03/23/2010  15:49:15  PAGE 8


?PR?WORKBV?BEFEHLSVALIDIERUNG                    -----    -----      039CH    0004H
  +--> ?PR?CHECKSENSORDATEN?BEFEHLSVALIDIERUNG
  +--> ?PR?SENDSENSORDATEN?BEFEHLSVALIDIERUNG
  +--> ?PR?CHECKKRITISCHERZUSTAND?BEFEHLSVAL...
  +--> ?PR?CHECKSTRECKENBEFEHL?BEFEHLSVALIDI...
  +--> ?PR?BEFEHLSVALIDIERUNG
  +--> ?PR?SENDSTRECKENBEFEHL?BEFEHLSVALIDIE...
  +--> ?PR?CHECKSTRECKENTOPOLOGIE?BEFEHLSVAL...
  +--> ?PR?_SENDNACHRICHT?BEFEHLSVALIDIERUNG
  +--> ?PR?EMERGENCY_OFF?NOTAUS
  +--> ?PR?_HELLOMODUL?SOFTWAREWATCHDOG

?PR?CHECKSENSORDATEN?BEFEHLSVALIDIERUNG          -----    -----      03A0H    0018H
  +--> ?PR?_ZUGNEBENSENSOR?BEFEHLSVALIDIERUNG
  +--> ?PR?_SENDNACHRICHT?BEFEHLSVALIDIERUNG
  +--> ?PR?BEFEHLSVALIDIERUNG
  +--> ?PR?_SENSORNACHBARN?BEFEHLSVALIDIERUNG

?PR?_ZUGNEBENSENSOR?BEFEHLSVALIDIERUNG           -----    -----      03B8H    000BH
  +--> ?PR?BEFEHLSVALIDIERUNG

?PR?_SENDNACHRICHT?BEFEHLSVALIDIERUNG            -----    -----      -----    -----
  +--> ?PR?_SENDMSG?AUDITINGSYSTEM

?PR?_SENSORNACHBARN?BEFEHLSVALIDIERUNG           -----    -----      03B8H    000DH
  +--> ?PR?BEFEHLSVALIDIERUNG
  +--> ?PR?_SENDNACHRICHT?BEFEHLSVALIDIERUNG

?PR?SENDSENSORDATEN?BEFEHLSVALIDIERUNG           -----    -----      -----    -----
  +--> ?PR?_SENDNACHRICHT?BEFEHLSVALIDIERUNG
  +--> ?PR?BEFEHLSVALIDIERUNG

?PR?CHECKKRITISCHERZUSTAND?BEFEHLSVAL...         0020H.3  0000H.1    03A0H    0006H
  +--> ?PR?BEFEHLSVALIDIERUNG
  +--> ?PR?_ZIELGLEISUNDWEICHE?BEFEHLSVALIDI...
  +--> ?PR?_WEICHERICHTIG?BEFEHLSVALIDIERUNG
  +--> ?PR?_SENDNACHRICHT?BEFEHLSVALIDIERUNG

?PR?_ZIELGLEISUNDWEICHE?BEFEHLSVALIDI...         -----    -----      03AEH    0011H
  +--> ?PR?BEFEHLSVALIDIERUNG

?PR?_WEICHERICHTIG?BEFEHLSVALIDIERUNG            -----    -----      03AEH    0017H
  +--> ?PR?BEFEHLSVALIDIERUNG

?PR?CHECKSTRECKENBEFEHL?BEFEHLSVALIDI...         0020H.3  0000H.1    03A0H    0008H
  +--> ?PR?BEFEHLSVALIDIERUNG
  +--> ?PR?_ZUGFAEHRTAUFWEICHEZU?BEFEHLSVALI...
  +--> ?PR?_ZIELGLEISUNDWEICHE?BEFEHLSVALIDI...
  +--> ?PR?_WEICHERICHTIG?BEFEHLSVALIDIERUNG
  +--> ?PR?_SENDNACHRICHT?BEFEHLSVALIDIERUNG

?PR?_ZUGFAEHRTAUFWEICHEZU?BEFEHLSVALI...         -----    -----      03A8H    0006H
  +--> ?PR?BEFEHLSVALIDIERUNG
  +--> ?PR?_ZIELGLEISUNDWEICHE?BEFEHLSVALIDI...
  +--> ?PR?_WEICHERICHTIG?BEFEHLSVALIDIERUNG

?PR?SENDSTRECKENBEFEHL?BEFEHLSVALIDIE...         -----    -----      -----    -----
BL51 BANKED LINKER/LOCATER V6.22                                                      03/23/2010  15:49:15  PAGE 9


  +--> ?PR?BEFEHLSVALIDIERUNG

?PR?CHECKSTRECKENTOPOLOGIE?BEFEHLSVAL...         0020H.3  0000H.1    03A0H    0007H
  +--> ?PR?BEFEHLSVALIDIERUNG

?PR?WORKEV?ERGEBNISVALIDIERUNG                   -----    -----      -----    -----
  +--> ?PR?CHECKFORCOMMUNICATIONERRORS?ERGEB...
  +--> ?PR?PROCESSINTERNALSTRECKENBEFEHL?ERG...
  +--> ?PR?PROCESSEXTERNALSTRECKENBEFEHL?ERG...
  +--> ?PR?_STRECKENBEFEHLEEQUAL?ERGEBNISVAL...
  +--> ?PR?_ISSTRECKENBEFEHLRESETTED?ERGEBNI...
  +--> ?PR?ERGEBNISVALIDIERUNG
  +--> ?PR?_SENDNACHRICHT?ERGEBNISVALIDIERUNG
  +--> ?PR?EMERGENCY_OFF?NOTAUS
  +--> ?PR?INITEV?ERGEBNISVALIDIERUNG

?PR?CHECKFORCOMMUNICATIONERRORS?ERGEB...         -----    -----      -----    -----
  +--> ?PR?ERGEBNISVALIDIERUNG
  +--> ?PR?_ISSTRECKENBEFEHLRESETTED?ERGEBNI...
  +--> ?PR?_RESETSTRECKENBEFEHL?ERGEBNISVALI...
  +--> ?PR?_SENDNACHRICHT?ERGEBNISVALIDIERUNG
  +--> ?PR?EMERGENCY_OFF?NOTAUS

?PR?_ISSTRECKENBEFEHLRESETTED?ERGEBNI...         -----    -----      -----    -----
  +--> ?PR?ERGEBNISVALIDIERUNG

?PR?_SENDNACHRICHT?ERGEBNISVALIDIERUNG           -----    -----      03A8H    0005H
  +--> ?PR?_SENDMSG?AUDITINGSYSTEM

?PR?PROCESSINTERNALSTRECKENBEFEHL?ERG...         -----    -----      -----    -----
  +--> ?PR?_ISSTRECKENBEFEHLRESETTED?ERGEBNI...
  +--> ?PR?ERGEBNISVALIDIERUNG
  +--> ?PR?_RESETSTRECKENBEFEHL?ERGEBNISVALI...
  +--> ?PR?_SENDNACHRICHT?ERGEBNISVALIDIERUNG
  +--> ?PR?EMERGENCY_OFF?NOTAUS

?PR?PROCESSEXTERNALSTRECKENBEFEHL?ERG...         -----    -----      -----    -----
  +--> ?PR?_ISSTRECKENBEFEHLRESETTED?ERGEBNI...
  +--> ?PR?ERGEBNISVALIDIERUNG
  +--> ?PR?_RESETSTRECKENBEFEHL?ERGEBNISVALI...

?PR?_STRECKENBEFEHLEEQUAL?ERGEBNISVAL...         -----    -----      039CH    0006H
  +--> ?PR?ERGEBNISVALIDIERUNG
  +--> ?PR?_COMPARETRACKS?ERGEBNISVALIDIERUNG
  +--> ?PR?_ISSTRECKENBEFEHLRESETTED?ERGEBNI...

?PR?_COMPARETRACKS?ERGEBNISVALIDIERUNG           -----    -----      03A2H    0006H
  +--> ?PR?ERGEBNISVALIDIERUNG
  +--> ?PR?_SENDNACHRICHT?ERGEBNISVALIDIERUNG
  +--> ?PR?EMERGENCY_OFF?NOTAUS



SYMBOL TABLE OF MODULE:  save_train_control (AUDITINGSYSTEM)

  VALUE           TYPE          NAME
  ----------------------------------
BL51 BANKED LINKER/LOCATER V6.22                                                      03/23/2010  15:49:15  PAGE 10



  -------         MODULE        AUDITINGSYSTEM
  C:0000H         SYMBOL        _ICE_DUMMY_
  C:28FDH         PUBLIC        initAS
  C:199AH         PUBLIC        workAS
  D:00D0H         PUBLIC        PSW
  D:00D8H         PUBLIC        ADCON0
  D:00A8H         PUBLIC        IEN0
  D:00B8H         PUBLIC        IEN1
  D:00C0H         PUBLIC        IRCON
  D:0090H         PUBLIC        P1
  D:00B0H         PUBLIC        P3
  D:00E8H         PUBLIC        P4
  D:00F8H         PUBLIC        P5
  D:0098H         PUBLIC        SCON
  D:0088H         PUBLIC        TCON
  D:00C8H         PUBLIC        T2CON
  X:0279H         PUBLIC        AS_msg_counter
  B:00F8H.4       PUBLIC        AS_PORT_I2C_SDA
  B:00F8H.5       PUBLIC        AS_PORT_I2C_SCL
  X:027AH         PUBLIC        AS_msg_array
  X:034CH         PUBLIC        AS_read_next_msg
  X:034DH         PUBLIC        AS_fill_next_msg
  X:034EH         PUBLIC        _i2c_error
  X:034FH         PUBLIC        maxSendMsg_workAS
  X:0350H         PUBLIC        i_workAS
  X:0351H         PUBLIC        j_workAS
  X:0352H         PUBLIC        i_sendMsg
  X:0353H         PUBLIC        i_I2CSendByte
  X:0354H         PUBLIC        err__I2CSCLHigh
  C:28E1H         PUBLIC        warten
  C:2956H         PUBLIC        _I2CBitDly
  C:25BAH         PUBLIC        _I2CSCLHigh
  C:28C3H         PUBLIC        _I2CSendAddr
  C:226AH         PUBLIC        _I2CSendByte
  C:28A3H         PUBLIC        I2CSendStop
  C:1CE4H         PUBLIC        _sendMsg
  C:2909H         PUBLIC        reportAllMsg
  C:22A5H         SYMBOL        Com002D
  C:22A5H         SYMBOL        L?0046
  C:22A8H         SYMBOL        L?0047
  C:22B9H         SYMBOL        L?0048
  C:22BCH         SYMBOL        L?0049
  C:22CBH         SYMBOL        L?0050
  C:22D6H         SYMBOL        L?0051
  -------         PROC          COM002D
  -------         ENDPROC       COM002D
  -------         PROC          INITAS
  C:28FDH         LINE#         267
  C:28FDH         LINE#         268
  C:28FDH         LINE#         270
  C:2902H         LINE#         273
  C:2904H         LINE#         276
  C:2908H         LINE#         277
  -------         ENDPROC       INITAS
  -------         PROC          _SENDMSG
  X:03C5H         SYMBOL        module_id
BL51 BANKED LINKER/LOCATER V6.22                                                      03/23/2010  15:49:15  PAGE 11


  X:03C6H         SYMBOL        msg
  C:1CE4H         LINE#         310
  C:1CF2H         LINE#         311
  C:1CF2H         LINE#         317
  C:1CFBH         LINE#         318
  C:1CFBH         LINE#         321
  C:1CFDH         LINE#         322
  C:1CFDH         LINE#         325
  C:1D06H         LINE#         326
  C:1D06H         LINE#         328
  C:1D0DH         LINE#         331
  C:1D10H         LINE#         334
  C:1D16H         LINE#         335
  C:1D16H         LINE#         339
  C:1D20H         LINE#         341
  C:1D26H         LINE#         342
  C:1D26H         LINE#         344
  C:1D4DH         LINE#         345
  C:1D57H         LINE#         348
  C:1D5DH         LINE#         352
  C:1D63H         LINE#         353
  -------         ENDPROC       _SENDMSG
  -------         PROC          WORKAS
  C:199AH         LINE#         388
  C:199AH         LINE#         389
  C:199AH         LINE#         399
  C:19A3H         LINE#         400
  C:19A3H         LINE#         403
  C:19A3H         LINE#         406
  C:19ACH         LINE#         407
  C:19ACH         LINE#         410
  C:19AEH         LINE#         411
  C:19AEH         LINE#         413
  C:19B1H         LINE#         419
  C:19B7H         LINE#         421
  C:19BEH         LINE#         423
  C:19C5H         LINE#         424
  C:19C5H         LINE#         427
  C:19C5H         LINE#         431
  C:19D2H         LINE#         432
  C:19D2H         LINE#         433
  C:19D4H         LINE#         434
  C:19D6H         LINE#         436
  C:19D6H         LINE#         437
  C:19D9H         LINE#         438
  C:19D9H         LINE#         440
  C:19E9H         LINE#         441
  C:19E9H         LINE#         442
  C:19F6H         LINE#         443
  C:19F6H         LINE#         447
  C:19FCH         LINE#         449
  C:1A0AH         LINE#         451
  C:1A11H         LINE#         452
  C:1A11H         LINE#         454
  C:1A13H         LINE#         458
  C:1A13H         LINE#         459
  C:1A1BH         LINE#         464
BL51 BANKED LINKER/LOCATER V6.22                                                      03/23/2010  15:49:15  PAGE 12


  C:1A1EH         LINE#         467
  C:1A24H         LINE#         468
  C:1A2CH         LINE#         471
  C:1A2FH         LINE#         472
  -------         ENDPROC       WORKAS
  -------         PROC          REPORTALLMSG
  C:2909H         LINE#         488
  C:2909H         LINE#         489
  C:2909H         LINE#         490
  C:290FH         LINE#         491
  C:290FH         LINE#         492
  C:2912H         LINE#         493
  C:2914H         LINE#         494
  -------         ENDPROC       REPORTALLMSG
  -------         PROC          WARTEN
  -------         DO            
  D:0007H         SYMBOL        i
  -------         ENDDO         
  C:28E1H         LINE#         504
  C:28E1H         LINE#         505
  C:28E1H         LINE#         507
  C:28E3H         LINE#         508
  C:28E3H         LINE#         509
  C:28E4H         LINE#         510
  C:28E5H         LINE#         511
  C:28E6H         LINE#         512
  C:28E7H         LINE#         513
  C:28E8H         LINE#         514
  C:28E9H         LINE#         515
  C:28EEH         LINE#         517
  -------         ENDPROC       WARTEN
  -------         PROC          _I2CBITDLY
  C:2956H         LINE#         530
  C:2956H         LINE#         531
  C:2956H         LINE#         533
  C:2957H         LINE#         534
  C:2958H         LINE#         535
  C:2959H         LINE#         536
  C:295AH         LINE#         537
  C:295BH         LINE#         538
  C:295CH         LINE#         539
  C:295DH         LINE#         540
  C:295EH         LINE#         542
  -------         ENDPROC       _I2CBITDLY
  -------         PROC          _I2CSCLHIGH
  C:25BAH         LINE#         552
  C:25BAH         LINE#         553
  C:25BAH         LINE#         555
  C:25C1H         LINE#         556
  C:25C3H         LINE#         557
  C:25C6H         LINE#         558
  C:25C6H         LINE#         559
  C:25D4H         LINE#         560
  C:25DEH         LINE#         561
  C:25DEH         LINE#         563
  C:25E5H         LINE#         565
  C:25E5H         LINE#         566
BL51 BANKED LINKER/LOCATER V6.22                                                      03/23/2010  15:49:15  PAGE 13


  C:25E5H         LINE#         567
  -------         ENDPROC       _I2CSCLHIGH
  -------         PROC          _I2CSENDADDR
  D:0007H         SYMBOL        addr
  D:0005H         SYMBOL        rd
  C:28C3H         LINE#         577
  C:28C3H         LINE#         578
  C:28C3H         LINE#         579
  C:28C5H         LINE#         580
  C:28C8H         LINE#         581
  C:28CAH         LINE#         582
  C:28CAH         LINE#         583
  C:28CAH         LINE#         584
  C:28CAH         LINE#         585
  -------         ENDPROC       _I2CSENDADDR
  -------         PROC          _I2CSENDBYTE
  D:0007H         SYMBOL        bt
  C:226AH         LINE#         596
  C:226AH         LINE#         597
  C:226AH         LINE#         599
  C:226FH         LINE#         600
  C:226FH         LINE#         601
  C:2273H         LINE#         602
  C:2273H         LINE#         604
  C:2275H         LINE#         605
  C:2277H         LINE#         607
  C:2277H         LINE#         608
  C:2279H         LINE#         609
  C:2279H         LINE#         610
  C:227CH         LINE#         611
  C:227CH         LINE#         612
  C:227CH         LINE#         613
  C:227CH         LINE#         614
  C:2282H         LINE#         615
  C:228EH         LINE#         616
  C:2290H         LINE#         617
  C:2293H         LINE#         618
  C:2296H         LINE#         619
  C:2299H         LINE#         620
  C:2299H         LINE#         622
  C:22A0H         LINE#         623
  C:22A0H         LINE#         624
  C:22A2H         LINE#         625
  -------         ENDPROC       _I2CSENDBYTE
  -------         PROC          I2CSENDSTOP
  C:28A3H         LINE#         669
  C:28A3H         LINE#         670
  C:28A3H         LINE#         671
  C:28A5H         LINE#         672
  C:28A8H         LINE#         673
  C:28ABH         LINE#         674
  C:28AEH         LINE#         675
  C:28B0H         LINE#         676
  -------         ENDPROC       I2CSENDSTOP
  -------         ENDMOD        AUDITINGSYSTEM

  -------         MODULE        BEFEHLSVALIDIERUNG
BL51 BANKED LINKER/LOCATER V6.22                                                      03/23/2010  15:49:15  PAGE 14


  C:0000H         SYMBOL        _ICE_DUMMY_
  D:00D0H         PUBLIC        PSW
  D:00D8H         PUBLIC        ADCON0
  D:00A8H         PUBLIC        IEN0
  D:00B8H         PUBLIC        IEN1
  D:00C0H         PUBLIC        IRCON
  D:0090H         PUBLIC        P1
  D:00B0H         PUBLIC        P3
  D:00E8H         PUBLIC        P4
  D:00F8H         PUBLIC        P5
  D:0098H         PUBLIC        SCON
  D:0088H         PUBLIC        TCON
  D:00C8H         PUBLIC        T2CON
  X:0194H         PUBLIC        BV_streckentopologie
  X:01EEH         PUBLIC        BV_gleisBelegung
  X:01F8H         PUBLIC        BV_weichenBelegung
  X:01FCH         PUBLIC        BV_zugPosition
  C:28B3H         PUBLIC        initBV
  C:138EH         PUBLIC        workBV
  X:01FEH         SYMBOL        nextState
  X:01FFH         SYMBOL        criticalStateCounter
  X:0200H         SYMBOL        nachricht
  X:0206H         SYMBOL        verbosity
  X:0207H         SYMBOL        streckentopologie
  X:0261H         SYMBOL        gleisBelegung
  X:026BH         SYMBOL        weichenBelegung
  X:026FH         SYMBOL        weichenStellung
  X:0273H         SYMBOL        zugPosition
  X:0275H         SYMBOL        zugGeschwindigkeit
  X:0277H         SYMBOL        zugRichtung
  C:0B3AH         SYMBOL        checkStreckenTopologie
  C:05D6H         SYMBOL        checkSensorDaten
  C:24CEH         SYMBOL        sendSensorDaten
  C:0991H         SYMBOL        checkStreckenBefehl
  C:238AH         SYMBOL        sendStreckenBefehl
  C:231AH         SYMBOL        copyStreckenBelegung
  C:12A9H         SYMBOL        defineStreckenTopologie
  C:0E2CH         SYMBOL        _zugNebenSensor
  C:11BAH         SYMBOL        _sensorNachbarn
  C:1543H         SYMBOL        checkKritischerZustand
  C:1A30H         SYMBOL        _weicheRichtig
  C:1FC1H         SYMBOL        _zugFaehrtAufWeicheZu
  C:161AH         SYMBOL        _zielGleisUndWeiche
  C:249BH         SYMBOL        _sendNachricht
  C:0CC7H         SYMBOL        Com00EA
  C:0CC7H         SYMBOL        L?0235
  C:0CC7H         SYMBOL        L?0236
  C:0CD7H         SYMBOL        L?0237
  C:0CDFH         SYMBOL        L?0238
  C:0CE2H         SYMBOL        L?0239
  C:0CEAH         SYMBOL        L?0240
  C:0CEDH         SYMBOL        L?0241
  C:0CF5H         SYMBOL        L?0242
  C:0CF8H         SYMBOL        L?0243
  C:0D00H         SYMBOL        L?0244
  C:0D0FH         SYMBOL        L?0245
  C:0D11H         SYMBOL        L?0246
BL51 BANKED LINKER/LOCATER V6.22                                                      03/23/2010  15:49:15  PAGE 15


  C:0D18H         SYMBOL        L?0247
  C:0D1CH         SYMBOL        L?0248
  C:0D1EH         SYMBOL        L?0249
  C:0D27H         SYMBOL        L?0250
  C:0D29H         SYMBOL        L?0251
  C:0D2BH         SYMBOL        L?0252
  C:0D33H         SYMBOL        L?0253
  C:0D34H         SYMBOL        L?0254
  C:0D36H         SYMBOL        L?0255
  C:0D3FH         SYMBOL        L?0256
  C:0D43H         SYMBOL        L?0257
  C:0D46H         SYMBOL        L?0258
  C:0D4DH         SYMBOL        L?0259
  C:0D50H         SYMBOL        L?0260
  C:0D58H         SYMBOL        L?0261
  C:0D5CH         SYMBOL        L?0262
  C:0D67H         SYMBOL        L?0263
  C:0D6EH         SYMBOL        L?0264
  C:0D6FH         SYMBOL        L?0265
  C:0D76H         SYMBOL        L?0266
  C:0D7DH         SYMBOL        L?0267
  C:0D84H         SYMBOL        L?0268
  C:0D84H         SYMBOL        L?0269
  C:0D88H         SYMBOL        L?0270
  C:0D90H         SYMBOL        L?0271
  C:0D93H         SYMBOL        L?0272
  C:0D9BH         SYMBOL        L?0273
  C:0D9BH         SYMBOL        L?0274
  C:0DA4H         SYMBOL        L?0275
  C:0DA8H         SYMBOL        L?0276
  C:0DB0H         SYMBOL        L?0277
  C:0DB0H         SYMBOL        L?0278
  C:0DB7H         SYMBOL        L?0279
  C:0DB8H         SYMBOL        L?0280
  C:0DC1H         SYMBOL        L?0281
  C:0DC5H         SYMBOL        L?0282
  C:0DCDH         SYMBOL        L?0283
  C:0DCEH         SYMBOL        L?0284
  C:0DD5H         SYMBOL        L?0285
  C:0DD5H         SYMBOL        L?0286
  C:0DDEH         SYMBOL        L?0287
  C:0DEBH         SYMBOL        L?0288
  C:0DECH         SYMBOL        L?0289
  C:0DF4H         SYMBOL        L?0290
  C:0E00H         SYMBOL        L?0291
  C:0E0CH         SYMBOL        L?0293
  C:0E16H         SYMBOL        L?0294
  C:0E16H         SYMBOL        L?0295
  C:0E1DH         SYMBOL        L?0296
  C:0E26H         SYMBOL        L?0297
  C:0E26H         SYMBOL        L?0298
  -------         PROC          COM00EA
  -------         ENDPROC       COM00EA
  -------         PROC          INITBV
  C:28B3H         LINE#         206
  C:28B3H         LINE#         207
  C:28B3H         LINE#         208
BL51 BANKED LINKER/LOCATER V6.22                                                      03/23/2010  15:49:15  PAGE 16


  C:28B6H         LINE#         209
  C:28B9H         LINE#         212
  C:28BEH         LINE#         213
  C:28C2H         LINE#         214
  -------         ENDPROC       INITBV
  -------         PROC          WORKBV
  -------         DO            
  X:039CH         SYMBOL        concatState
  -------         DO            
  X:039DH         SYMBOL        zugNr
  X:039EH         SYMBOL        richtung
  X:039FH         SYMBOL        geschw
  -------         ENDDO         
  -------         ENDDO         
  C:138EH         LINE#         216
  C:138EH         LINE#         217
  C:138EH         LINE#         219
  C:1393H         LINE#         221
  C:13AAH         LINE#         222
  C:13AAH         LINE#         223
  C:13AAH         LINE#         225
  C:13B6H         LINE#         227
  C:13B6H         LINE#         228
  C:13B6H         LINE#         229
  C:13B9H         LINE#         230
  C:13B9H         LINE#         233
  C:13C3H         LINE#         235
  C:13C3H         LINE#         236
  C:13C5H         LINE#         238
  C:13C5H         LINE#         239
  C:13C8H         LINE#         240
  C:13C8H         LINE#         244
  C:13C8H         LINE#         245
  C:13CEH         LINE#         246
  C:13D1H         LINE#         247
  C:13D1H         LINE#         249
  C:13D1H         LINE#         251
  C:13D6H         LINE#         252
  C:13D6H         LINE#         253
  C:13E1H         LINE#         254
  C:13E1H         LINE#         255
  C:13E3H         LINE#         257
  C:13E3H         LINE#         258
  C:13E3H         LINE#         259
  C:13E5H         LINE#         260
  C:13E5H         LINE#         262
  C:13E5H         LINE#         264
  C:13EAH         LINE#         265
  C:13EAH         LINE#         266
  C:13ECH         LINE#         267
  C:13ECH         LINE#         269
  C:13ECH         LINE#         271
  C:13F1H         LINE#         272
  C:13F1H         LINE#         273
  C:13F8H         LINE#         274
  C:13FEH         LINE#         275
  C:140DH         LINE#         277
BL51 BANKED LINKER/LOCATER V6.22                                                      03/23/2010  15:49:15  PAGE 17


  C:1418H         LINE#         278
  C:141DH         LINE#         279
  C:1420H         LINE#         280
  C:1420H         LINE#         282
  C:1425H         LINE#         283
  C:1427H         LINE#         285
  C:1427H         LINE#         287
  C:142CH         LINE#         288
  C:142CH         LINE#         289
  C:142EH         LINE#         291
  C:142EH         LINE#         292
  C:1430H         LINE#         293
  C:1430H         LINE#         295
  C:1430H         LINE#         296
  C:1436H         LINE#         297
  C:1438H         LINE#         298
  C:1438H         LINE#         299
  C:1438H         LINE#         300
  C:143FH         LINE#         302
  C:1442H         LINE#         303
  C:1442H         LINE#         305
  C:144BH         LINE#         306
  C:144BH         LINE#         307
  C:1451H         LINE#         308
  C:1451H         LINE#         310
  C:1465H         LINE#         311
  -------         ENDPROC       WORKBV
  -------         PROC          CHECKSTRECKENTOPOLOGIE
  -------         DO            
  X:03A0H         SYMBOL        z
  B:0020H.3       SYMBOL        ret
  X:03A1H         SYMBOL        my
  X:03A4H         SYMBOL        his
  -------         ENDDO         
  C:0B3AH         LINE#         315
  C:0B3AH         LINE#         316
  C:0B3AH         LINE#         317
  C:0B3DH         LINE#         318
  C:0B3FH         LINE#         321
  C:0B47H         LINE#         322
  C:0B52H         LINE#         324
  C:0B55H         LINE#         325
  C:0B55H         LINE#         326
  C:0B86H         LINE#         327
  C:0B9DH         LINE#         328
  C:0BBAH         LINE#         329
  C:0BD1H         LINE#         330
  C:0BE8H         LINE#         331
  C:0C05H         LINE#         332
  C:0C1CH         LINE#         333
  C:0C33H         LINE#         334
  C:0C59H         LINE#         335
  C:0C5EH         LINE#         336
  C:0C68H         LINE#         338
  C:0C6BH         LINE#         339
  C:0C6BH         LINE#         340
  C:0C7EH         LINE#         341
BL51 BANKED LINKER/LOCATER V6.22                                                      03/23/2010  15:49:15  PAGE 18


  C:0C84H         LINE#         342
  C:0C89H         LINE#         344
  C:0C8CH         LINE#         345
  C:0C8CH         LINE#         346
  C:0C9FH         LINE#         347
  C:0CA5H         LINE#         348
  C:0CAAH         LINE#         350
  C:0CADH         LINE#         351
  C:0CADH         LINE#         352
  C:0CBEH         LINE#         353
  C:0CC4H         LINE#         354
  C:0CC6H         LINE#         355
  -------         ENDPROC       CHECKSTRECKENTOPOLOGIE
  -------         PROC          CHECKSENSORDATEN
  -------         DO            
  X:03A0H         SYMBOL        z
  D:0007H         SYMBOL        inkr
  D:0007H         SYMBOL        mask
  X:03A1H         SYMBOL        sensoren
  -------         DO            
  X:03B1H         SYMBOL        nextAbs
  X:03B2H         SYMBOL        prevAbs
  X:03B3H         SYMBOL        nSwitch
  X:03B4H         SYMBOL        pSwitch
  X:03B5H         SYMBOL        zugNr
  X:03B6H         SYMBOL        richtung
  X:03B7H         SYMBOL        pos
  -------         ENDDO         
  -------         ENDDO         
  C:05D6H         LINE#         357
  C:05D6H         LINE#         358
  C:05D6H         LINE#         363
  C:05DCH         LINE#         364
  C:05DCH         LINE#         365
  C:05DEH         LINE#         367
  C:05E1H         LINE#         368
  C:05E1H         LINE#         371
  C:05EDH         LINE#         372
  C:05EDH         LINE#         373
  C:05EFH         LINE#         374
  C:05EFH         LINE#         379
  C:05F1H         LINE#         380
  C:0600H         LINE#         381
  C:0600H         LINE#         382
  C:0619H         LINE#         383
  C:0635H         LINE#         384
  C:0639H         LINE#         385
  C:0641H         LINE#         388
  C:0654H         LINE#         389
  C:0654H         LINE#         393
  C:0664H         LINE#         398
  C:0682H         LINE#         399
  C:0682H         LINE#         400
  C:0689H         LINE#         402
  C:068BH         LINE#         403
  C:068BH         LINE#         406
  C:06B9H         LINE#         407
BL51 BANKED LINKER/LOCATER V6.22                                                      03/23/2010  15:49:15  PAGE 19


  C:06B9H         LINE#         408
  C:06BAH         LINE#         409
  C:06BAH         LINE#         413
  C:06C7H         LINE#         415
  C:06D2H         LINE#         416
  C:06DEH         LINE#         417
  C:06E9H         LINE#         418
  C:06F5H         LINE#         421
  C:06FBH         LINE#         422
  C:06FBH         LINE#         423
  C:070DH         LINE#         426
  C:0729H         LINE#         428
  C:0729H         LINE#         429
  C:072EH         LINE#         430
  C:072EH         LINE#         431
  C:072EH         LINE#         433
  C:0734H         LINE#         434
  C:0734H         LINE#         435
  C:0748H         LINE#         438
  C:0764H         LINE#         440
  C:0764H         LINE#         441
  C:0769H         LINE#         442
  C:0769H         LINE#         443
  C:0769H         LINE#         446
  C:0775H         LINE#         447
  C:0785H         LINE#         448
  C:0785H         LINE#         449
  C:0792H         LINE#         450
  C:0794H         LINE#         451
  C:07A6H         LINE#         452
  C:07A6H         LINE#         453
  C:07AFH         LINE#         454
  C:07AFH         LINE#         455
  C:07B8H         LINE#         457
  C:07B9H         LINE#         458
  -------         ENDPROC       CHECKSENSORDATEN
  -------         PROC          SENDSENSORDATEN
  C:24CEH         LINE#         460
  C:24CEH         LINE#         461
  C:24CEH         LINE#         463
  C:24DAH         LINE#         464
  C:24DAH         LINE#         465
  C:24DCH         LINE#         466
  C:24DCH         LINE#         469
  C:24E8H         LINE#         470
  C:24E8H         LINE#         471
  C:24EFH         LINE#         473
  C:24F1H         LINE#         474
  C:24F1H         LINE#         477
  C:24FEH         LINE#         478
  C:24FFH         LINE#         479
  -------         ENDPROC       SENDSENSORDATEN
  -------         PROC          CHECKSTRECKENBEFEHL
  -------         DO            
  X:03A0H         SYMBOL        weicheNr
  X:03A1H         SYMBOL        entkopplerNr
  -------         DO            
BL51 BANKED LINKER/LOCATER V6.22                                                      03/23/2010  15:49:15  PAGE 20


  B:0020H.3       SYMBOL        fehler
  X:03A2H         SYMBOL        v1
  X:03A3H         SYMBOL        v2
  X:03A4H         SYMBOL        zug1
  X:03A5H         SYMBOL        zug2
  X:03A2H         SYMBOL        wStell
  X:03A2H         SYMBOL        zugNr
  X:03A3H         SYMBOL        richtung
  X:03A4H         SYMBOL        geschw
  X:03A5H         SYMBOL        zugPos
  X:03A6H         SYMBOL        ziel
  X:03A7H         SYMBOL        weiche
  -------         ENDDO         
  -------         DO            
  X:03A2H         SYMBOL        wStell
  X:03A2H         SYMBOL        zugNr
  X:03A3H         SYMBOL        richtung
  X:03A4H         SYMBOL        geschw
  X:03A5H         SYMBOL        zugPos
  X:03A6H         SYMBOL        ziel
  X:03A7H         SYMBOL        weiche
  -------         ENDDO         
  -------         DO            
  X:03A2H         SYMBOL        zugNr
  X:03A3H         SYMBOL        richtung
  X:03A4H         SYMBOL        geschw
  X:03A5H         SYMBOL        zugPos
  X:03A6H         SYMBOL        ziel
  X:03A7H         SYMBOL        weiche
  -------         ENDDO         
  -------         ENDDO         
  C:0991H         LINE#         481
  C:0991H         LINE#         482
  C:0991H         LINE#         483
  C:0996H         LINE#         484
  C:0998H         LINE#         486
  C:09AEH         LINE#         489
  C:09AEH         LINE#         490
  C:09B0H         LINE#         491
  C:09B0H         LINE#         498
  C:09B4H         LINE#         499
  C:09B4H         LINE#         500
  C:09C0H         LINE#         501
  C:09C5H         LINE#         502
  C:09C5H         LINE#         503
  C:09C7H         LINE#         505
  C:09CAH         LINE#         506
  C:09CAH         LINE#         507
  C:09CAH         LINE#         510
  C:09D2H         LINE#         511
  C:09D2H         LINE#         512
  C:09DBH         LINE#         513
  C:09E0H         LINE#         514
  C:09E0H         LINE#         515
  C:09E2H         LINE#         517
  C:09E5H         LINE#         518
  C:09E5H         LINE#         519
BL51 BANKED LINKER/LOCATER V6.22                                                      03/23/2010  15:49:15  PAGE 21


  C:09E5H         LINE#         524
  C:09EFH         LINE#         525
  C:09EFH         LINE#         526
  C:09F1H         LINE#         527
  C:09F9H         LINE#         528
  C:0A01H         LINE#         529
  C:0A09H         LINE#         530
  C:0A11H         LINE#         532
  C:0A1CH         LINE#         533
  C:0A1CH         LINE#         534
  C:0A1CH         LINE#         535
  C:0A31H         LINE#         536
  C:0A31H         LINE#         537
  C:0A33H         LINE#         538
  C:0A33H         LINE#         539
  C:0A49H         LINE#         540
  C:0A49H         LINE#         541
  C:0A4BH         LINE#         542
  C:0A4BH         LINE#         543
  C:0A4DH         LINE#         544
  C:0A4DH         LINE#         545
  C:0A62H         LINE#         546
  C:0A62H         LINE#         547
  C:0A64H         LINE#         548
  C:0A64H         LINE#         549
  C:0A79H         LINE#         550
  C:0A79H         LINE#         551
  C:0A7BH         LINE#         552
  C:0A7BH         LINE#         553
  C:0A7BH         LINE#         554
  C:0A7BH         LINE#         556
  C:0A7EH         LINE#         557
  C:0A7EH         LINE#         558
  C:0A80H         LINE#         560
  C:0A83H         LINE#         561
  C:0A83H         LINE#         563
  C:0A85H         LINE#         564
  C:0A85H         LINE#         566
  C:0A8DH         LINE#         567
  C:0A8DH         LINE#         568
  C:0A94H         LINE#         571
  C:0A99H         LINE#         572
  C:0A99H         LINE#         573
  C:0A9BH         LINE#         575
  C:0A9EH         LINE#         576
  C:0A9EH         LINE#         579
  C:0AB5H         LINE#         581
  C:0AB5H         LINE#         582
  C:0AB7H         LINE#         584
  C:0ABAH         LINE#         585
  C:0ABAH         LINE#         586
  C:0ABAH         LINE#         589
  C:0AC2H         LINE#         590
  C:0AC2H         LINE#         591
  C:0AC6H         LINE#         592
  C:0ACCH         LINE#         593
  C:0AD5H         LINE#         594
BL51 BANKED LINKER/LOCATER V6.22                                                      03/23/2010  15:49:15  PAGE 22


  C:0AE2H         LINE#         598
  C:0AF8H         LINE#         601
  C:0B08H         LINE#         602
  C:0B08H         LINE#         603
  C:0B0AH         LINE#         605
  C:0B0CH         LINE#         606
  C:0B0CH         LINE#         609
  C:0B17H         LINE#         610
  C:0B17H         LINE#         611
  C:0B19H         LINE#         613
  C:0B1BH         LINE#         614
  C:0B1BH         LINE#         617
  C:0B2FH         LINE#         618
  C:0B2FH         LINE#         619
  C:0B36H         LINE#         621
  C:0B38H         LINE#         622
  C:0B38H         LINE#         623
  C:0B38H         LINE#         625
  C:0B39H         LINE#         626
  -------         ENDPROC       CHECKSTRECKENBEFEHL
  -------         PROC          SENDSTRECKENBEFEHL
  C:238AH         LINE#         628
  C:238AH         LINE#         629
  C:238AH         LINE#         631
  C:239FH         LINE#         634
  C:239FH         LINE#         636
  C:23ACH         LINE#         639
  C:23B2H         LINE#         640
  C:23B6H         LINE#         641
  C:23BAH         LINE#         642
  C:23C0H         LINE#         643
  C:23C0H         LINE#         644
  -------         ENDPROC       SENDSTRECKENBEFEHL
  -------         PROC          COPYSTRECKENBELEGUNG
  -------         DO            
  D:0007H         SYMBOL        z
  -------         ENDDO         
  C:231AH         LINE#         648
  C:231AH         LINE#         649
  C:231AH         LINE#         650
  C:231CH         LINE#         652
  C:231DH         LINE#         653
  C:231DH         LINE#         654
  C:2328H         LINE#         655
  C:232DH         LINE#         657
  C:232FH         LINE#         658
  C:232FH         LINE#         659
  C:233AH         LINE#         660
  C:233FH         LINE#         662
  C:2341H         LINE#         663
  C:2341H         LINE#         664
  C:234CH         LINE#         665
  C:2351H         LINE#         666
  -------         ENDPROC       COPYSTRECKENBELEGUNG
  -------         PROC          DEFINESTRECKENTOPOLOGIE
  -------         DO            
  X:039CH         SYMBOL        z
BL51 BANKED LINKER/LOCATER V6.22                                                      03/23/2010  15:49:15  PAGE 23


  -------         ENDDO         
  C:12A9H         LINE#         668
  C:12A9H         LINE#         669
  C:12A9H         LINE#         674
  C:12AFH         LINE#         675
  C:12B2H         LINE#         676
  C:12B4H         LINE#         677
  C:12B4H         LINE#         678
  C:12B4H         LINE#         679
  C:12B7H         LINE#         680
  C:12BAH         LINE#         681
  C:12BAH         LINE#         682
  C:12C0H         LINE#         685
  C:12C3H         LINE#         686
  C:12C3H         LINE#         687
  C:12C6H         LINE#         688
  C:12C6H         LINE#         689
  C:12C9H         LINE#         690
  C:12CBH         LINE#         691
  C:12CEH         LINE#         692
  C:12D0H         LINE#         693
  C:12D0H         LINE#         696
  C:12D0H         LINE#         697
  C:12D0H         LINE#         698
  C:12D3H         LINE#         699
  C:12D5H         LINE#         700
  C:12D5H         LINE#         701
  C:12DBH         LINE#         702
  C:12DEH         LINE#         703
  C:12E0H         LINE#         704
  C:12E0H         LINE#         707
  C:12E0H         LINE#         708
  C:12E0H         LINE#         709
  C:12E3H         LINE#         710
  C:12E6H         LINE#         711
  C:12E6H         LINE#         712
  C:12E6H         LINE#         713
  C:12ECH         LINE#         714
  C:12F0H         LINE#         715
  C:12F3H         LINE#         718
  C:12F4H         LINE#         719
  C:12F4H         LINE#         720
  C:12F7H         LINE#         721
  C:12FAH         LINE#         722
  C:12FAH         LINE#         723
  C:12FAH         LINE#         724
  C:12FDH         LINE#         725
  C:1301H         LINE#         726
  C:1304H         LINE#         729
  C:1304H         LINE#         730
  C:1307H         LINE#         731
  C:130AH         LINE#         732
  C:130CH         LINE#         733
  C:130CH         LINE#         734
  C:130CH         LINE#         735
  C:130CH         LINE#         736
  C:1312H         LINE#         737
BL51 BANKED LINKER/LOCATER V6.22                                                      03/23/2010  15:49:15  PAGE 24


  C:1315H         LINE#         740
  C:1317H         LINE#         741
  C:131BH         LINE#         742
  C:131DH         LINE#         743
  C:131DH         LINE#         744
  C:1320H         LINE#         745
  C:1324H         LINE#         746
  C:1327H         LINE#         747
  C:1329H         LINE#         748
  C:1329H         LINE#         751
  C:1329H         LINE#         752
  C:132CH         LINE#         753
  C:132FH         LINE#         754
  C:1331H         LINE#         755
  C:1331H         LINE#         756
  C:1331H         LINE#         757
  C:1331H         LINE#         758
  C:1337H         LINE#         759
  C:133AH         LINE#         762
  C:133EH         LINE#         763
  C:1340H         LINE#         764
  C:1340H         LINE#         765
  C:1340H         LINE#         766
  C:1343H         LINE#         767
  C:1345H         LINE#         768
  C:1347H         LINE#         769
  C:134BH         LINE#         770
  C:134EH         LINE#         773
  C:135EH         LINE#         774
  C:135EH         LINE#         775
  C:1385H         LINE#         776
  C:138DH         LINE#         777
  -------         ENDPROC       DEFINESTRECKENTOPOLOGIE
  -------         PROC          _ZUGNEBENSENSOR
  D:0007H         SYMBOL        sensorNr
  X:03B9H         SYMBOL        zugNr
  X:03BCH         SYMBOL        richtung
  -------         DO            
  D:0006H         SYMBOL        zug1
  X:03BFH         SYMBOL        zug2
  X:03C0H         SYMBOL        pos1
  X:03C1H         SYMBOL        pos2
  X:03C2H         SYMBOL        pos3
  -------         ENDDO         
  C:0E2CH         LINE#         779
  C:0E32H         LINE#         781
  C:0E32H         LINE#         782
  C:0E37H         LINE#         783
  C:0E3CH         LINE#         786
  C:0E3CH         LINE#         787
  C:0E3CH         LINE#         788
  C:0E3FH         LINE#         790
  C:0E81H         LINE#         791
  C:0E81H         LINE#         792
  C:0E81H         LINE#         793
  C:0E88H         LINE#         794
  C:0E88H         LINE#         795
BL51 BANKED LINKER/LOCATER V6.22                                                      03/23/2010  15:49:15  PAGE 25


  C:0E8FH         LINE#         796
  C:0E8FH         LINE#         797
  C:0E96H         LINE#         798
  C:0E96H         LINE#         799
  C:0E9DH         LINE#         800
  C:0E9DH         LINE#         801
  C:0EACH         LINE#         802
  C:0EACH         LINE#         803
  C:0EB3H         LINE#         804
  C:0EB3H         LINE#         805
  C:0EBDH         LINE#         806
  C:0EBDH         LINE#         807
  C:0EC8H         LINE#         808
  C:0EC8H         LINE#         809
  C:0ED5H         LINE#         810
  C:0ED5H         LINE#         811
  C:0EE0H         LINE#         812
  C:0EE0H         LINE#         813
  C:0EEBH         LINE#         814
  C:0EEBH         LINE#         815
  C:0EF6H         LINE#         816
  C:0EF6H         LINE#         817
  C:0F04H         LINE#         818
  C:0F04H         LINE#         819
  C:0F0DH         LINE#         820
  C:0F0DH         LINE#         821
  C:0F16H         LINE#         822
  C:0F16H         LINE#         825
  C:0F29H         LINE#         826
  C:0F29H         LINE#         827
  C:0F34H         LINE#         828
  C:0F41H         LINE#         829
  C:0F43H         LINE#         830
  C:0F43H         LINE#         831
  C:0F58H         LINE#         832
  C:0F58H         LINE#         833
  C:0F64H         LINE#         834
  C:0F74H         LINE#         835
  C:0F76H         LINE#         836
  C:0F76H         LINE#         838
  C:0F76H         LINE#         839
  C:0F7FH         LINE#         840
  C:0F88H         LINE#         841
  C:0F89H         LINE#         842
  C:0F89H         LINE#         843
  -------         ENDPROC       _ZUGNEBENSENSOR
  -------         PROC          _SENSORNACHBARN
  D:0007H         SYMBOL        sensorNr
  X:03B9H         SYMBOL        nextAbs
  X:03BCH         SYMBOL        prevAbs
  X:03BFH         SYMBOL        nSwitch
  X:03C2H         SYMBOL        pSwitch
  -------         DO            
  D:0006H         SYMBOL        z
  -------         ENDDO         
  C:11BAH         LINE#         845
  C:11C0H         LINE#         847
BL51 BANKED LINKER/LOCATER V6.22                                                      03/23/2010  15:49:15  PAGE 26


  C:11C0H         LINE#         849
  C:11E5H         LINE#         852
  C:11E7H         LINE#         853
  C:11F9H         LINE#         854
  C:11F9H         LINE#         855
  C:1204H         LINE#         856
  C:1204H         LINE#         858
  C:1216H         LINE#         859
  C:1216H         LINE#         860
  C:1221H         LINE#         861
  C:1221H         LINE#         862
  C:1226H         LINE#         865
  C:123EH         LINE#         866
  C:123EH         LINE#         867
  C:1245H         LINE#         869
  C:1247H         LINE#         870
  C:1247H         LINE#         873
  C:1253H         LINE#         874
  C:1253H         LINE#         875
  C:1277H         LINE#         876
  C:1277H         LINE#         878
  C:1283H         LINE#         879
  C:1283H         LINE#         880
  C:12A7H         LINE#         881
  C:12A7H         LINE#         883
  C:12A8H         LINE#         884
  -------         ENDPROC       _SENSORNACHBARN
  C:1612H         SYMBOL        L?0292
  -------         PROC          CHECKKRITISCHERZUSTAND
  -------         DO            
  X:03A0H         SYMBOL        z
  B:0020H.3       SYMBOL        kritisch
  -------         DO            
  X:03A1H         SYMBOL        zugPos
  X:03A2H         SYMBOL        geschw
  X:03A3H         SYMBOL        richtung
  X:03A4H         SYMBOL        ziel
  X:03A5H         SYMBOL        weiche
  -------         ENDDO         
  -------         ENDDO         
  C:1543H         LINE#         886
  C:1543H         LINE#         887
  C:1543H         LINE#         889
  C:1545H         LINE#         891
  C:1557H         LINE#         892
  C:1557H         LINE#         893
  C:1561H         LINE#         894
  C:1568H         LINE#         895
  C:1571H         LINE#         899
  C:1584H         LINE#         902
  C:1595H         LINE#         903
  C:1595H         LINE#         904
  C:1597H         LINE#         906
  C:1597H         LINE#         907
  C:1599H         LINE#         908
  C:1599H         LINE#         911
  C:15BAH         LINE#         912
BL51 BANKED LINKER/LOCATER V6.22                                                      03/23/2010  15:49:15  PAGE 27


  C:15BAH         LINE#         914
  C:15BCH         LINE#         916
  C:15BFH         LINE#         917
  C:15C1H         LINE#         918
  C:15C1H         LINE#         921
  C:15D3H         LINE#         922
  C:15D3H         LINE#         923
  C:15D5H         LINE#         925
  C:15D8H         LINE#         926
  C:15D8H         LINE#         927
  C:15E1H         LINE#         930
  C:15F1H         LINE#         931
  C:15FCH         LINE#         932
  C:15FCH         LINE#         933
  C:1603H         LINE#         935
  C:1605H         LINE#         936
  C:1607H         LINE#         937
  C:1607H         LINE#         938
  C:160FH         LINE#         940
  C:1611H         LINE#         941
  -------         ENDPROC       CHECKKRITISCHERZUSTAND
  -------         PROC          _WEICHERICHTIG
  X:03AEH         SYMBOL        zugPos
  X:03AFH         SYMBOL        richtung
  X:03B0H         SYMBOL        ziel
  X:03B1H         SYMBOL        weiche
  -------         DO            
  X:03B2H         SYMBOL        gleis
  X:03BBH         SYMBOL        zielGleis
  X:03C4H         SYMBOL        wStell
  -------         ENDDO         
  C:1A30H         LINE#         943
  C:1A3BH         LINE#         944
  C:1A3BH         LINE#         946
  C:1A44H         LINE#         947
  C:1A4EH         LINE#         948
  C:1A58H         LINE#         951
  C:1A5EH         LINE#         952
  C:1A5EH         LINE#         953
  C:1A60H         LINE#         954
  C:1A60H         LINE#         956
  C:1A6FH         LINE#         957
  C:1A6FH         LINE#         958
  C:1A83H         LINE#         959
  C:1A83H         LINE#         960
  C:1A85H         LINE#         961
  C:1A85H         LINE#         962
  C:1A92H         LINE#         963
  C:1A92H         LINE#         964
  C:1A94H         LINE#         965
  C:1A94H         LINE#         966
  C:1A94H         LINE#         967
  C:1A9DH         LINE#         968
  C:1A9DH         LINE#         969
  C:1AB1H         LINE#         970
  C:1AB1H         LINE#         971
  C:1AB3H         LINE#         972
BL51 BANKED LINKER/LOCATER V6.22                                                      03/23/2010  15:49:15  PAGE 28


  C:1AB3H         LINE#         973
  C:1AC0H         LINE#         974
  C:1AC0H         LINE#         975
  C:1AC2H         LINE#         976
  C:1AC2H         LINE#         977
  C:1AC2H         LINE#         979
  C:1AC3H         LINE#         980
  -------         ENDPROC       _WEICHERICHTIG
  -------         PROC          _ZUGFAEHRTAUFWEICHEZU
  X:03A8H         SYMBOL        weicheNr
  -------         DO            
  X:03A9H         SYMBOL        zug
  -------         DO            
  X:03AAH         SYMBOL        ziel
  X:03ABH         SYMBOL        weiche
  X:03ACH         SYMBOL        zugPos
  X:03ADH         SYMBOL        richtung
  -------         ENDDO         
  -------         ENDDO         
  C:1FC1H         LINE#         982
  C:1FC6H         LINE#         983
  C:1FC6H         LINE#         985
  C:1FD3H         LINE#         986
  C:1FD3H         LINE#         988
  C:1FDCH         LINE#         989
  C:1FE4H         LINE#         991
  C:1FEDH         LINE#         992
  C:1FEDH         LINE#         994
  C:1FEDH         LINE#         995
  C:1FEDH         LINE#         997
  C:2007H         LINE#         998
  C:2026H         LINE#         1000
  C:2026H         LINE#         1001
  C:2027H         LINE#         1002
  C:2027H         LINE#         1003
  C:2030H         LINE#         1004
  C:2031H         LINE#         1005
  -------         ENDPROC       _ZUGFAEHRTAUFWEICHEZU
  -------         PROC          _ZIELGLEISUNDWEICHE
  D:0007H         SYMBOL        zugPos
  X:03AFH         SYMBOL        richtung
  X:03B0H         SYMBOL        ziel
  X:03B3H         SYMBOL        weiche
  -------         DO            
  X:03B6H         SYMBOL        gleis
  -------         ENDDO         
  C:161AH         LINE#         1007
  C:1623H         LINE#         1009
  C:1623H         LINE#         1011
  C:1639H         LINE#         1012
  C:1642H         LINE#         1013
  C:1642H         LINE#         1014
  C:1652H         LINE#         1015
  C:1662H         LINE#         1016
  C:1676H         LINE#         1017
  C:1676H         LINE#         1018
  C:167EH         LINE#         1019
BL51 BANKED LINKER/LOCATER V6.22                                                      03/23/2010  15:49:15  PAGE 29


  C:167EH         LINE#         1020
  C:1680H         LINE#         1022
  C:1683H         LINE#         1023
  C:1683H         LINE#         1024
  C:1693H         LINE#         1025
  C:16A3H         LINE#         1026
  C:16B6H         LINE#         1027
  C:16B6H         LINE#         1028
  C:16BEH         LINE#         1029
  C:16BEH         LINE#         1030
  C:16C0H         LINE#         1031
  C:16C0H         LINE#         1032
  C:16C9H         LINE#         1033
  C:16D5H         LINE#         1034
  C:16D5H         LINE#         1035
  -------         ENDPROC       _ZIELGLEISUNDWEICHE
  -------         PROC          _SENDNACHRICHT
  D:0007H         SYMBOL        zustand
  D:0005H         SYMBOL        fehler
  C:249BH         LINE#         1037
  C:249BH         LINE#         1038
  C:249BH         LINE#         1039
  C:24A0H         LINE#         1040
  C:24A3H         LINE#         1041
  C:24ABH         LINE#         1042
  C:24B3H         LINE#         1043
  C:24BBH         LINE#         1044
  C:24C3H         LINE#         1046
  -------         ENDPROC       _SENDNACHRICHT
  -------         ENDMOD        BEFEHLSVALIDIERUNG

  -------         MODULE        BETRIEBSMITTELVERWALTUNG
  C:0000H         SYMBOL        _ICE_DUMMY_
  D:00D0H         PUBLIC        PSW
  D:00D8H         PUBLIC        ADCON0
  D:00A8H         PUBLIC        IEN0
  D:00B8H         PUBLIC        IEN1
  D:00C0H         PUBLIC        IRCON
  D:0090H         PUBLIC        P1
  D:00B0H         PUBLIC        P3
  D:00E8H         PUBLIC        P4
  D:00F8H         PUBLIC        P5
  D:0098H         PUBLIC        SCON
  D:0088H         PUBLIC        TCON
  D:00C8H         PUBLIC        T2CON
  B:00A8H.7       PUBLIC        EAL
  X:03F2H         PUBLIC        LZ_BV_streckenbefehl
  X:03F6H         PUBLIC        BV_LZ_sensordaten
  X:03F9H         PUBLIC        BV_LZ_bestaetigung
  X:03FAH         PUBLIC        S88_BV_sensordaten
  X:03FDH         PUBLIC        BV_EV_streckenbefehl
  X:0401H         PUBLIC        SSC_EV_streckenbefehl
  X:0405H         PUBLIC        EV_SSC_streckenbefehl
  X:0409H         PUBLIC        EV_RS232_streckenbefehl
  X:040DH         PUBLIC        RS232_EV_streckenbefehl
  X:0411H         PUBLIC        EV_SSC_failure
  X:0412H         PUBLIC        SSC_EV_failure
BL51 BANKED LINKER/LOCATER V6.22                                                      03/23/2010  15:49:15  PAGE 30


  C:1BE0H         PUBLIC        main
  -------         PROC          MAIN
  C:1BE0H         LINE#         72
  C:1BE0H         LINE#         73
  C:1BE0H         LINE#         74
  C:1BE2H         LINE#         78
  C:1BE5H         LINE#         79
  C:1BE8H         LINE#         80
  C:1BEBH         LINE#         81
  C:1BEEH         LINE#         82
  C:1BF1H         LINE#         83
  C:1BF4H         LINE#         84
  C:1BF7H         LINE#         85
  C:1BFAH         LINE#         86
  C:1BFDH         LINE#         87
  C:1C00H         LINE#         88
  C:1C03H         LINE#         89
  C:1C06H         LINE#         90
  C:1C09H         LINE#         91
  C:1C0CH         LINE#         92
  C:1C0FH         LINE#         93
  C:1C12H         LINE#         94
  C:1C15H         LINE#         95
  C:1C18H         LINE#         97
  C:1C18H         LINE#         98
  C:1C18H         LINE#         99
  C:1C1BH         LINE#         100
  C:1C1EH         LINE#         101
  C:1C21H         LINE#         102
  C:1C24H         LINE#         103
  C:1C27H         LINE#         104
  C:1C2AH         LINE#         105
  C:1C2DH         LINE#         106
  C:1C30H         LINE#         107
  C:1C33H         LINE#         108
  C:1C36H         LINE#         109
  C:1C39H         LINE#         110
  C:1C3CH         LINE#         111
  C:1C3FH         LINE#         112
  C:1C42H         LINE#         113
  C:1C45H         LINE#         114
  C:1C48H         LINE#         115
  C:1C4BH         LINE#         116
  C:1C4EH         LINE#         117
  C:1C51H         LINE#         118
  C:1C54H         LINE#         119
  C:1C57H         LINE#         120
  C:1C5AH         LINE#         121
  C:1C5DH         LINE#         122
  C:1C60H         LINE#         123
  -------         ENDPROC       MAIN
  -------         ENDMOD        BETRIEBSMITTELVERWALTUNG

  -------         MODULE        ERGEBNISVALIDIERUNG
  C:0000H         SYMBOL        _ICE_DUMMY_
  C:27B5H         PUBLIC        initEV
  C:1E5DH         PUBLIC        workEV
BL51 BANKED LINKER/LOCATER V6.22                                                      03/23/2010  15:49:15  PAGE 31


  D:00D0H         PUBLIC        PSW
  D:00D8H         PUBLIC        ADCON0
  D:00A8H         PUBLIC        IEN0
  D:00B8H         PUBLIC        IEN1
  D:00C0H         PUBLIC        IRCON
  D:0090H         PUBLIC        P1
  D:00B0H         PUBLIC        P3
  D:00E8H         PUBLIC        P4
  D:00F8H         PUBLIC        P5
  D:0098H         PUBLIC        SCON
  D:0088H         PUBLIC        TCON
  D:00C8H         PUBLIC        T2CON
  X:0413H         SYMBOL        oldSSC
  X:0417H         SYMBOL        oldRS232
  X:041BH         SYMBOL        counterSSC
  X:041CH         SYMBOL        counterRS232
  X:041DH         SYMBOL        streckenbefehleUngleich
  X:041EH         SYMBOL        internerStreckenbefehl
  X:0422H         SYMBOL        externerStreckenbefehl
  B:0020H.0       SYMBOL        isBVNew
  B:0020H.1       SYMBOL        isSSCNew
  X:0426H         SYMBOL        EV_nachricht
  C:1D64H         SYMBOL        _compareTracks
  C:2818H         SYMBOL        _isStreckenbefehlResetted
  C:2612H         SYMBOL        processExternalStreckenbefehl
  C:21EEH         SYMBOL        _streckenbefehleEqual
  C:1DE2H         SYMBOL        processInternalStreckenbefehl
  C:27CFH         SYMBOL        _resetStreckenbefehl
  C:263CH         SYMBOL        _sendNachricht
  C:146AH         SYMBOL        checkForCommunicationErrors
  C:1C62H         SYMBOL        Com002F
  C:1C62H         SYMBOL        L?0048
  C:1C77H         SYMBOL        L?0049
  C:1C7AH         SYMBOL        L?0050
  C:1C83H         SYMBOL        L?0051
  C:1C83H         SYMBOL        L?0052
  C:1C97H         SYMBOL        L?0053
  C:1C97H         SYMBOL        L?0054
  C:1C9BH         SYMBOL        L?0055
  C:1C9FH         SYMBOL        L?0056
  C:1CA6H         SYMBOL        L?0057
  C:1CBCH         SYMBOL        L?0058
  C:1CBEH         SYMBOL        L?0059
  C:1CC6H         SYMBOL        L?0060
  C:1CCDH         SYMBOL        L?0061
  C:1CD8H         SYMBOL        L?0062
  C:1CD8H         SYMBOL        L?0063
  C:1CDEH         SYMBOL        L?0064
  C:1CDEH         SYMBOL        L?0065
  -------         PROC          COM002F
  -------         ENDPROC       COM002F
  -------         PROC          INITEV
  C:27B5H         LINE#         114
  C:27B5H         LINE#         115
  C:27B5H         LINE#         116
  C:27B9H         LINE#         117
  C:27B9H         LINE#         118
BL51 BANKED LINKER/LOCATER V6.22                                                      03/23/2010  15:49:15  PAGE 32


  C:27B9H         LINE#         119
  C:27BCH         LINE#         120
  C:27BCH         LINE#         121
  C:27BCH         LINE#         122
  C:27BCH         LINE#         123
  C:27BCH         LINE#         124
  C:27BCH         LINE#         125
  C:27BCH         LINE#         126
  C:27BFH         LINE#         127
  C:27C0H         LINE#         128
  C:27C0H         LINE#         129
  C:27C0H         LINE#         130
  C:27C4H         LINE#         131
  C:27C6H         LINE#         132
  C:27C8H         LINE#         134
  C:27CBH         LINE#         135
  C:27CBH         LINE#         136
  C:27CBH         LINE#         137
  C:27CBH         LINE#         138
  C:27CBH         LINE#         139
  C:27CBH         LINE#         140
  C:27CBH         LINE#         141
  C:27CEH         LINE#         142
  -------         ENDPROC       INITEV
  -------         PROC          _SENDNACHRICHT
  D:0007H         SYMBOL        element
  D:0005H         SYMBOL        art
  D:0003H         SYMBOL        data1
  X:03ABH         SYMBOL        data2
  X:03ACH         SYMBOL        data3
  C:263CH         LINE#         154
  C:263CH         LINE#         155
  C:263CH         LINE#         156
  C:2641H         LINE#         157
  C:2644H         LINE#         158
  C:2647H         LINE#         159
  C:264FH         LINE#         160
  C:2657H         LINE#         161
  C:265AH         LINE#         164
  -------         ENDPROC       _SENDNACHRICHT
  -------         PROC          _ISSTRECKENBEFEHLRESETTED
  D:0001H         SYMBOL        track
  C:2818H         LINE#         176
  C:2818H         LINE#         177
  C:2818H         LINE#         180
  C:282AH         LINE#         183
  C:282AH         LINE#         187
  C:282CH         LINE#         188
  C:282CH         LINE#         191
  C:282DH         LINE#         192
  -------         ENDPROC       _ISSTRECKENBEFEHLRESETTED
[...]
  -------         ENDPROC       COM001B
  -------         PROC          INITS88
  C:27E9H         LINE#         54
  C:27E9H         LINE#         55
  C:27E9H         LINE#         56
  C:27EBH         LINE#         57
  C:27EDH         LINE#         58
  C:27EFH         LINE#         59
  C:27F1H         LINE#         60
  C:27F8H         LINE#         61
  C:27FEH         LINE#         62
  C:2800H         LINE#         63
  -------         ENDPROC       INITS88
  -------         PROC          WORKS88
  C:2801H         LINE#         65
  C:2801H         LINE#         69
  C:280DH         LINE#         70
  C:280DH         LINE#         71
  C:2812H         LINE#         72
  C:2814H         LINE#         73
  C:2817H         LINE#         74
  C:2817H         LINE#         76
  C:2817H         LINE#         78
  C:2817H         LINE#         79
  -------         ENDPROC       WORKS88
  C:2088H         SYMBOL        L?0032
  -------         PROC          GET_SENSOR_DATA
  C:2032H         LINE#         81
  C:2032H         LINE#         82
  C:2034H         LINE#         83
  C:2039H         LINE#         84
  C:203BH         LINE#         85
  C:203BH         LINE#         86
  C:203BH         LINE#         87
  C:203EH         LINE#         88
  C:2040H         LINE#         89
  C:2045H         LINE#         90
  C:2047H         LINE#         91
  C:204CH         LINE#         92
  C:2052H         LINE#         93
  C:2054H         LINE#         94
  C:2059H         LINE#         95
  C:206DH         LINE#         96
  C:206DH         LINE#         97
  C:206FH         LINE#         98
BL51 BANKED LINKER/LOCATER V6.22                                                      03/23/2010  15:49:15  PAGE 53


  C:2072H         LINE#         99
  C:2072H         LINE#         100
  C:2072H         LINE#         101
  C:2075H         LINE#         102
  C:2085H         LINE#         103
  C:2088H         LINE#         104
  -------         ENDPROC       GET_SENSOR_DATA
  -------         PROC          _WRITE_SENSOR_DATA
  D:0004H         SYMBOL        sensor_number
  C:23C1H         LINE#         106
  C:23C7H         LINE#         107
  C:23C7H         LINE#         108
  C:23D9H         LINE#         109
  C:23F7H         LINE#         110
  -------         ENDPROC       _WRITE_SENSOR_DATA
  -------         PROC          VALIDATE_SENSOR_DATA
  C:1792H         LINE#         112
  C:1792H         LINE#         113
  C:1792H         LINE#         116
  C:17A8H         LINE#         117
  C:17A8H         LINE#         119
  C:17BEH         LINE#         120
  C:17BEH         LINE#         121
  C:17C5H         LINE#         122
  C:17C5H         LINE#         124
  C:17D7H         LINE#         125
  C:17D7H         LINE#         127
  C:17EFH         LINE#         129
  C:17FAH         LINE#         130
  C:17FAH         LINE#         131
  C:17FAH         LINE#         132
  C:17FAH         LINE#         133
  C:17FCH         LINE#         134
  C:1807H         LINE#         135
  C:1807H         LINE#         137
  C:181FH         LINE#         139
  C:182AH         LINE#         140
  C:182AH         LINE#         142
  C:182DH         LINE#         143
  C:182DH         LINE#         144
  C:182DH         LINE#         145
  C:1838H         LINE#         146
  C:1849H         LINE#         147
  -------         ENDPROC       VALIDATE_SENSOR_DATA
  -------         PROC          _WAIT
  D:0007H         SYMBOL        times
  C:2921H         LINE#         154
  C:2921H         LINE#         155
  C:2927H         LINE#         156
  C:2927H         LINE#         157
  C:2928H         LINE#         158
  C:2929H         LINE#         159
  C:292BH         LINE#         160
  -------         ENDPROC       _WAIT
  -------         ENDMOD        S88TREIBER

  -------         MODULE        SOFTWAREWATCHDOG
BL51 BANKED LINKER/LOCATER V6.22                                                      03/23/2010  15:49:15  PAGE 54


  C:0000H         SYMBOL        _ICE_DUMMY_
  C:25E6H         PUBLIC        initSW
  C:292CH         PUBLIC        hello
  D:00D0H         PUBLIC        PSW
  D:00D8H         PUBLIC        ADCON0
  D:00A8H         PUBLIC        IEN0
  D:00B8H         PUBLIC        IEN1
  D:00A9H         PUBLIC        IP0
  D:00B9H         PUBLIC        IP1
  D:00C0H         PUBLIC        IRCON
  D:0090H         PUBLIC        P1
  D:00B0H         PUBLIC        P3
  D:00E8H         PUBLIC        P4
  D:00F8H         PUBLIC        P5
  D:0098H         PUBLIC        SCON
  D:0088H         PUBLIC        TCON
  D:0089H         PUBLIC        TMOD
  D:008AH         PUBLIC        TL0
  D:008CH         PUBLIC        TH0
  D:00C8H         PUBLIC        T2CON
  B:0088H.4       PUBLIC        TR0
  B:00A8H.1       PUBLIC        ET0
  X:0441H         PUBLIC        SW_status_array
  C:2532H         PUBLIC        _helloModul
  C:0006H         PUBLIC        stopSW
  C:21A6H         PUBLIC        timer0overflow
  C:2937H         SYMBOL        Com000C
  C:2937H         SYMBOL        L?0013
  -------         PROC          COM000C
  -------         ENDPROC       COM000C
  -------         PROC          INITSW
  -------         DO            
  D:0006H         SYMBOL        i
  -------         ENDDO         
  C:25E6H         LINE#         77
  C:25E6H         LINE#         78
  C:25E6H         LINE#         80
  C:25E8H         LINE#         81
  C:25E8H         LINE#         83
  C:25F3H         LINE#         84
  C:25F3H         LINE#         86
  C:25F5H         LINE#         88
  C:25F8H         LINE#         89
  C:25FBH         LINE#         92
  C:25FEH         LINE#         93
  C:2601H         LINE#         96
  C:2604H         LINE#         97
  C:2607H         LINE#         101
  C:260AH         LINE#         102
  C:260DH         LINE#         104
  C:260FH         LINE#         106
  C:2611H         LINE#         107
  -------         ENDPROC       INITSW
  -------         PROC          HELLO
  C:292CH         LINE#         124
  C:292CH         LINE#         125
  C:292CH         LINE#         126
BL51 BANKED LINKER/LOCATER V6.22                                                      03/23/2010  15:49:15  PAGE 55


  C:292EH         LINE#         130
  C:2931H         LINE#         131
  C:2934H         LINE#         133
  C:2936H         LINE#         134
  -------         ENDPROC       HELLO
  -------         PROC          _HELLOMODUL
  X:03A7H         SYMBOL        module_id
  X:03A8H         SYMBOL        status
  C:2532H         LINE#         156
  C:253CH         LINE#         157
  C:253CH         LINE#         160
  C:254FH         LINE#         161
  C:254FH         LINE#         162
  C:2552H         LINE#         163
  C:2552H         LINE#         165
  C:255FH         LINE#         166
  -------         ENDPROC       _HELLOMODUL
  -------         PROC          STOPSW
  C:0006H         LINE#         180
  C:0006H         LINE#         181
  C:0006H         LINE#         182
  C:0008H         LINE#         183
  -------         ENDPROC       STOPSW
  -------         PROC          TIMER0OVERFLOW
  C:21A6H         LINE#         198
  C:21C8H         LINE#         200
  C:21CBH         LINE#         201
  -------         ENDPROC       TIMER0OVERFLOW
  -------         ENDMOD        SOFTWAREWATCHDOG

  -------         MODULE        SSCTREIBER
  C:0000H         SYMBOL        _ICE_DUMMY_
  C:2843H         PUBLIC        initSSC
  C:287EH         PUBLIC        workSSC
  D:00D0H         PUBLIC        PSW
  D:00D8H         PUBLIC        ADCON0
  D:00A8H         PUBLIC        IEN0
  D:00B8H         PUBLIC        IEN1
  D:009AH         PUBLIC        IEN2
  D:00A9H         PUBLIC        IP0
  D:00B9H         PUBLIC        IP1
  D:00C0H         PUBLIC        IRCON
  D:0090H         PUBLIC        P1
  D:00B0H         PUBLIC        P3
  D:00E8H         PUBLIC        P4
  D:00F8H         PUBLIC        P5
  D:0098H         PUBLIC        SCON
  D:0093H         PUBLIC        SSCCON
  D:0094H         PUBLIC        STB
  D:0095H         PUBLIC        SRB
  D:00ABH         PUBLIC        SCF
  D:00ACH         PUBLIC        SCIEN
  D:0088H         PUBLIC        TCON
  D:00C8H         PUBLIC        T2CON
  B:00A8H.7       PUBLIC        EAL
  X:0448H         PUBLIC        byteToSend
  X:0449H         PUBLIC        byteToReceive
BL51 BANKED LINKER/LOCATER V6.22                                                      03/23/2010  15:49:15  PAGE 56


  X:044AH         PUBLIC        status
  X:044BH         PUBLIC        temp_streckenbefehl
  C:2352H         PUBLIC        streckenbefehlAn_EVsenden
  C:23F8H         PUBLIC        datenLesen
  C:286BH         PUBLIC        kollisionVerarbeiten
  C:26D5H         PUBLIC        byteToSendInkrementieren
  C:26F6H         PUBLIC        byteToSendDekrementieren
  C:2717H         PUBLIC        byteToReceiveInkrementieren
  C:2738H         PUBLIC        byteToReceiveDekrementieren
  C:282EH         PUBLIC        checkNeuerStreckenbefehl
  C:2797H         PUBLIC        befehlAufGueltigkeitPruefen
  C:2151H         PUBLIC        SSCinterrupt
  C:222DH         PUBLIC        datenSenden
  C:28EFH         SYMBOL        Com0040
  C:28EFH         SYMBOL        L?0065
  C:28EFH         SYMBOL        L?0066
  C:28F6H         SYMBOL        L?0067
  C:28F6H         SYMBOL        L?0068
  -------         PROC          COM0040
  -------         ENDPROC       COM0040
  -------         PROC          BYTETOSENDINKREMENTIEREN
  C:26D5H         LINE#         56
  C:26D5H         LINE#         57
  C:26D5H         LINE#         58
  C:26E1H         LINE#         59
  C:26E1H         LINE#         60
  C:26E1H         LINE#         61
  C:26E7H         LINE#         62
  C:26E8H         LINE#         64
  C:26E8H         LINE#         65
  C:26EEH         LINE#         66
  C:26EFH         LINE#         68
  C:26EFH         LINE#         69
  C:26F5H         LINE#         70
  C:26F5H         LINE#         72
  C:26F5H         LINE#         73
  C:26F5H         LINE#         74
  -------         ENDPROC       BYTETOSENDINKREMENTIEREN
  -------         PROC          BYTETOSENDDEKREMENTIEREN
  C:26F6H         LINE#         77
  C:26F6H         LINE#         78
  C:26F6H         LINE#         79
  C:2702H         LINE#         80
  C:2702H         LINE#         81
  C:2702H         LINE#         82
  C:2708H         LINE#         83
  C:2709H         LINE#         85
  C:2709H         LINE#         86
  C:270FH         LINE#         87
  C:2710H         LINE#         89
  C:2710H         LINE#         90
  C:2716H         LINE#         91
  C:2716H         LINE#         93
  C:2716H         LINE#         94
  C:2716H         LINE#         95
  -------         ENDPROC       BYTETOSENDDEKREMENTIEREN
  -------         PROC          BYTETORECEIVEINKREMENTIEREN
BL51 BANKED LINKER/LOCATER V6.22                                                      03/23/2010  15:49:15  PAGE 57


  C:2717H         LINE#         98
  C:2717H         LINE#         99
  C:2717H         LINE#         100
  C:2723H         LINE#         101
  C:2723H         LINE#         102
  C:2723H         LINE#         103
  C:2729H         LINE#         104
  C:272AH         LINE#         106
  C:272AH         LINE#         107
  C:2730H         LINE#         108
  C:2731H         LINE#         110
  C:2731H         LINE#         111
  C:2737H         LINE#         112
  C:2737H         LINE#         114
  C:2737H         LINE#         115
  C:2737H         LINE#         116
  -------         ENDPROC       BYTETORECEIVEINKREMENTIEREN
  -------         PROC          BYTETORECEIVEDEKREMENTIEREN
  C:2738H         LINE#         119
  C:2738H         LINE#         120
  C:2738H         LINE#         121
  C:2744H         LINE#         122
  C:2744H         LINE#         123
  C:2744H         LINE#         124
  C:274AH         LINE#         125
  C:274BH         LINE#         127
  C:274BH         LINE#         128
  C:2751H         LINE#         129
  C:2752H         LINE#         131
  C:2752H         LINE#         132
  C:2758H         LINE#         133
  C:2758H         LINE#         135
  C:2758H         LINE#         136
  C:2758H         LINE#         137
  -------         ENDPROC       BYTETORECEIVEDEKREMENTIEREN
  -------         PROC          CHECKNEUERSTRECKENBEFEHL
  C:282EH         LINE#         141
  C:282EH         LINE#         142
  C:282EH         LINE#         143
  C:283FH         LINE#         144
  C:283FH         LINE#         145
  C:2841H         LINE#         146
  C:2841H         LINE#         148
  C:2841H         LINE#         149
  C:2842H         LINE#         150
  C:2842H         LINE#         151
  -------         ENDPROC       CHECKNEUERSTRECKENBEFEHL
  -------         PROC          BEFEHLAUFGUELTIGKEITPRUEFEN
  B:0020H.2       SYMBOL        lesen
  C:2797H         LINE#         154
  C:2797H         LINE#         155
  C:2797H         LINE#         157
  C:279AH         LINE#         158
  C:279AH         LINE#         159
  C:27ABH         LINE#         160
  C:27ABH         LINE#         162
  C:27B1H         LINE#         163
BL51 BANKED LINKER/LOCATER V6.22                                                      03/23/2010  15:49:15  PAGE 58


  C:27B1H         LINE#         165
  C:27B4H         LINE#         167
  C:27B4H         LINE#         178
  -------         ENDPROC       BEFEHLAUFGUELTIGKEITPRUEFEN
  -------         PROC          STRECKENBEFEHLAN_EVSENDEN
  C:2352H         LINE#         180
  C:2352H         LINE#         181
  C:2352H         LINE#         183
  C:2363H         LINE#         184
  C:2363H         LINE#         185
  C:236BH         LINE#         186
  C:2373H         LINE#         187
  C:237BH         LINE#         188
  C:237EH         LINE#         189
  C:2382H         LINE#         190
  C:2383H         LINE#         194
  C:2383H         LINE#         195
  C:2389H         LINE#         196
  C:2389H         LINE#         197
  -------         ENDPROC       STRECKENBEFEHLAN_EVSENDEN
  -------         PROC          SSCINTERRUPT
  C:2151H         LINE#         201
  C:2173H         LINE#         206
  C:2178H         LINE#         207
  C:2178H         LINE#         208
  C:217BH         LINE#         209
  C:217BH         LINE#         212
  C:2180H         LINE#         213
  C:2180H         LINE#         214
  C:2183H         LINE#         215
  C:2183H         LINE#         216
  -------         ENDPROC       SSCINTERRUPT
  -------         PROC          KOLLISIONVERARBEITEN
  C:286BH         LINE#         220
  C:286BH         LINE#         221
  C:286BH         LINE#         222
  C:286EH         LINE#         223
  C:2871H         LINE#         226
  C:2876H         LINE#         227
  C:2876H         LINE#         228
  C:2879H         LINE#         229
  C:287AH         LINE#         231
  C:287AH         LINE#         232
  C:287DH         LINE#         233
  C:287DH         LINE#         235
  -------         ENDPROC       KOLLISIONVERARBEITEN
  -------         PROC          DATENLESEN
  C:23F8H         LINE#         238
  C:23F8H         LINE#         239
  C:23F8H         LINE#         241
  C:2404H         LINE#         242
  C:2404H         LINE#         243
  C:2404H         LINE#         244
  C:2407H         LINE#         245
  C:2407H         LINE#         246
  C:2409H         LINE#         248
  C:2409H         LINE#         249
BL51 BANKED LINKER/LOCATER V6.22                                                      03/23/2010  15:49:15  PAGE 59


  C:240FH         LINE#         250
  C:2412H         LINE#         251
  C:2414H         LINE#         253
  C:2414H         LINE#         254
  C:241AH         LINE#         255
  C:241DH         LINE#         256
  C:2422H         LINE#         257
  C:2422H         LINE#         258
  C:2422H         LINE#         261
  C:2427H         LINE#         262
  C:2427H         LINE#         263
  C:242AH         LINE#         264
  C:242BH         LINE#         266
  C:242BH         LINE#         267
  C:242EH         LINE#         268
  C:242EH         LINE#         270
  -------         ENDPROC       DATENLESEN
  -------         PROC          DATENSENDEN
  C:222DH         LINE#         287
  C:222DH         LINE#         288
  C:222DH         LINE#         290
  C:2239H         LINE#         291
  C:2239H         LINE#         293
  C:2239H         LINE#         294
  C:223EH         LINE#         295
  C:223EH         LINE#         297
  C:2241H         LINE#         298
  C:2241H         LINE#         299
  C:2241H         LINE#         300
  C:2243H         LINE#         303
  C:2243H         LINE#         305
  C:2249H         LINE#         306
  C:224CH         LINE#         307
  C:224CH         LINE#         310
  C:224CH         LINE#         312
  C:2252H         LINE#         313
  C:2255H         LINE#         317
  C:225CH         LINE#         318
  C:225CH         LINE#         319
  C:2262H         LINE#         320
  C:2264H         LINE#         321
  C:2266H         LINE#         322
  C:2269H         LINE#         323
  C:2269H         LINE#         324
  C:2269H         LINE#         326
  C:2269H         LINE#         328
  C:2269H         LINE#         329
  -------         ENDPROC       DATENSENDEN
  -------         PROC          WORKSSC
  C:287EH         LINE#         333
  C:287EH         LINE#         334
  C:287EH         LINE#         335
  C:2888H         LINE#         336
  C:2888H         LINE#         337
  C:2888H         LINE#         338
  C:2888H         LINE#         339
  C:288AH         LINE#         341
BL51 BANKED LINKER/LOCATER V6.22                                                      03/23/2010  15:49:15  PAGE 60


  C:288AH         LINE#         342
  C:288DH         LINE#         343
  C:288DH         LINE#         345
  C:2890H         LINE#         347
  C:2890H         LINE#         348
  C:2890H         LINE#         353
  -------         ENDPROC       WORKSSC
  -------         PROC          INITSSC
  C:2843H         LINE#         355
  C:2843H         LINE#         356
  C:2843H         LINE#         368
  C:2846H         LINE#         371
  C:2848H         LINE#         373
  C:284BH         LINE#         375
  C:284EH         LINE#         377
  C:2851H         LINE#         381
  C:2854H         LINE#         384
  C:2857H         LINE#         385
  -------         ENDPROC       INITSSC
  -------         ENDMOD        SSCTREIBER

  -------         MODULE        ?C?COPY
  C:088AH         PUBLIC        ?C?COPY
  -------         ENDMOD        ?C?COPY

  -------         MODULE        ?C?CLDPTR
  C:08B0H         PUBLIC        ?C?CLDPTR
  -------         ENDMOD        ?C?CLDPTR

  -------         MODULE        ?C?CLDOPTR
  C:08C9H         PUBLIC        ?C?CLDOPTR
  -------         ENDMOD        ?C?CLDOPTR

  -------         MODULE        ?C?CSTPTR
  C:08F6H         PUBLIC        ?C?CSTPTR
  -------         ENDMOD        ?C?CSTPTR

  -------         MODULE        ?C?CSTOPTR
  C:0908H         PUBLIC        ?C?CSTOPTR
  -------         ENDMOD        ?C?CSTOPTR

  -------         MODULE        ?C?IMUL
  C:092AH         PUBLIC        ?C?IMUL
  -------         ENDMOD        ?C?IMUL

  -------         MODULE        ?C?UIDIV
  C:093CH         PUBLIC        ?C?UIDIV
  -------         ENDMOD        ?C?UIDIV

Program Size: data=9.4 xdata=1102 code=10589
LINK/LOCATE RUN COMPLETE.  0 WARNING(S),  0 ERROR(S)
